Archive member included to satisfy reference by file (symbol)

c:/intelfpga_lite/18.1/nios2eds/bin/gnu/h-x86_64-mingw32/bin/../lib/gcc/nios2-elf/5.3.0/../../../../../H-x86_64-mingw32/nios2-elf/lib\libsmallc.a(lib_a-printf.o)
                              obj/default/hello_world_small.o (printf)
c:/intelfpga_lite/18.1/nios2eds/bin/gnu/h-x86_64-mingw32/bin/../lib/gcc/nios2-elf/5.3.0/../../../../../H-x86_64-mingw32/nios2-elf/lib\libsmallc.a(lib_a-puts.o)
                              obj/default/hello_world_small.o (puts)
c:/intelfpga_lite/18.1/nios2eds/bin/gnu/h-x86_64-mingw32/bin/../lib/gcc/nios2-elf/5.3.0/../../../../../H-x86_64-mingw32/nios2-elf/lib\libsmallc.a(lib_a-strlen.o)
                              c:/intelfpga_lite/18.1/nios2eds/bin/gnu/h-x86_64-mingw32/bin/../lib/gcc/nios2-elf/5.3.0/../../../../../H-x86_64-mingw32/nios2-elf/lib\libsmallc.a(lib_a-puts.o) (strlen)
c:/intelfpga_lite/18.1/nios2eds/bin/gnu/h-x86_64-mingw32/bin/../lib/gcc/nios2-elf/5.3.0/../../../../../H-x86_64-mingw32/nios2-elf/lib\libsmallc.a(lib_a-vfprintf.o)
                              c:/intelfpga_lite/18.1/nios2eds/bin/gnu/h-x86_64-mingw32/bin/../lib/gcc/nios2-elf/5.3.0/../../../../../H-x86_64-mingw32/nios2-elf/lib\libsmallc.a(lib_a-printf.o) (___vfprintf_internal_r)
c:/intelfpga_lite/18.1/nios2eds/bin/gnu/h-x86_64-mingw32/bin/../lib/gcc/nios2-elf/5.3.0/../../../../../H-x86_64-mingw32/nios2-elf/lib\libsmallc.a(lib_a-fvwrite_small_dev.o)
                              c:/intelfpga_lite/18.1/nios2eds/bin/gnu/h-x86_64-mingw32/bin/../lib/gcc/nios2-elf/5.3.0/../../../../../H-x86_64-mingw32/nios2-elf/lib\libsmallc.a(lib_a-printf.o) (__sfvwrite_small_dev)
c:/intelfpga_lite/18.1/nios2eds/bin/gnu/h-x86_64-mingw32/bin/../lib/gcc/nios2-elf/5.3.0/../../../../../H-x86_64-mingw32/nios2-elf/lib\libsmallc.a(lib_a-impure.o)
                              c:/intelfpga_lite/18.1/nios2eds/bin/gnu/h-x86_64-mingw32/bin/../lib/gcc/nios2-elf/5.3.0/../../../../../H-x86_64-mingw32/nios2-elf/lib\libsmallc.a(lib_a-printf.o) (_impure_ptr)
c:/intelfpga_lite/18.1/nios2eds/bin/gnu/h-x86_64-mingw32/bin/../lib/gcc/nios2-elf/5.3.0/../../../../../H-x86_64-mingw32/nios2-elf/lib\libsmallc.a(lib_a-writer.o)
                              c:/intelfpga_lite/18.1/nios2eds/bin/gnu/h-x86_64-mingw32/bin/../lib/gcc/nios2-elf/5.3.0/../../../../../H-x86_64-mingw32/nios2-elf/lib\libsmallc.a(lib_a-fvwrite_small_dev.o) (_write_r)
c:/intelfpga_lite/18.1/nios2eds/bin/gnu/h-x86_64-mingw32/bin/../lib/gcc/nios2-elf/5.3.0/../../../../../H-x86_64-mingw32/nios2-elf/lib\libsmallc.a(lib_a-int_errno.o)
                              c:/intelfpga_lite/18.1/nios2eds/bin/gnu/h-x86_64-mingw32/bin/../lib/gcc/nios2-elf/5.3.0/../../../../../H-x86_64-mingw32/nios2-elf/lib\libsmallc.a(lib_a-writer.o) (errno)
c:/intelfpga_lite/18.1/nios2eds/bin/gnu/h-x86_64-mingw32/bin/../lib/gcc/nios2-elf/5.3.0\libgcc.a(lib2-divmod.o)
                              c:/intelfpga_lite/18.1/nios2eds/bin/gnu/h-x86_64-mingw32/bin/../lib/gcc/nios2-elf/5.3.0/../../../../../H-x86_64-mingw32/nios2-elf/lib\libsmallc.a(lib_a-vfprintf.o) (__udivsi3)
../spiaccelproc_bsp/\libhal_bsp.a(alt_dcache_flush_all.o)
                              obj/default/hello_world_small.o (alt_dcache_flush_all)
../spiaccelproc_bsp/\libhal_bsp.a(alt_iic.o)
                              obj/default/hello_world_small.o (alt_ic_isr_register)
../spiaccelproc_bsp/\libhal_bsp.a(alt_iic_isr_register.o)
                              ../spiaccelproc_bsp/\libhal_bsp.a(alt_iic.o) (alt_iic_isr_register)
../spiaccelproc_bsp/\libhal_bsp.a(alt_irq_entry.o)
                              ../spiaccelproc_bsp/\libhal_bsp.a(alt_iic_isr_register.o) (alt_irq_entry)
../spiaccelproc_bsp/\libhal_bsp.a(alt_irq_handler.o)
                              ../spiaccelproc_bsp/\libhal_bsp.a(alt_iic_isr_register.o) (alt_irq_handler)
../spiaccelproc_bsp/\libhal_bsp.a(alt_irq_register.o)
                              obj/default/hello_world_small.o (alt_irq_register)
../spiaccelproc_bsp/\libhal_bsp.a(alt_irq_vars.o)
                              ../spiaccelproc_bsp/\libhal_bsp.a(alt_iic.o) (alt_irq_active)
../spiaccelproc_bsp/\libhal_bsp.a(alt_load.o)
                              ../spiaccelproc_bsp//obj/HAL/src/crt0.o (alt_load)
../spiaccelproc_bsp/\libhal_bsp.a(alt_main.o)
                              ../spiaccelproc_bsp//obj/HAL/src/crt0.o (alt_main)
../spiaccelproc_bsp/\libhal_bsp.a(alt_printf.o)
                              obj/default/hello_world_small.o (alt_printf)
../spiaccelproc_bsp/\libhal_bsp.a(alt_putchar.o)
                              ../spiaccelproc_bsp/\libhal_bsp.a(alt_printf.o) (alt_putchar)
../spiaccelproc_bsp/\libhal_bsp.a(alt_putstr.o)
                              obj/default/hello_world_small.o (alt_putstr)
../spiaccelproc_bsp/\libhal_bsp.a(alt_write.o)
                              c:/intelfpga_lite/18.1/nios2eds/bin/gnu/h-x86_64-mingw32/bin/../lib/gcc/nios2-elf/5.3.0/../../../../../H-x86_64-mingw32/nios2-elf/lib\libsmallc.a(lib_a-writer.o) (write)
../spiaccelproc_bsp/\libhal_bsp.a(alt_sys_init.o)
                              ../spiaccelproc_bsp/\libhal_bsp.a(alt_main.o) (alt_irq_init)
../spiaccelproc_bsp/\libhal_bsp.a(altera_avalon_jtag_uart_write.o)
                              ../spiaccelproc_bsp/\libhal_bsp.a(alt_putchar.o) (altera_avalon_jtag_uart_write)
../spiaccelproc_bsp/\libhal_bsp.a(altera_avalon_mutex.o)
                              obj/default/hello_world_small.o (altera_avalon_mutex_open)
../spiaccelproc_bsp/\libhal_bsp.a(altera_avalon_spi.o)
                              obj/default/hello_world_small.o (alt_avalon_spi_command)
../spiaccelproc_bsp/\libhal_bsp.a(alt_dev_llist_insert.o)
                              ../spiaccelproc_bsp/\libhal_bsp.a(alt_sys_init.o) (alt_dev_llist_insert)
../spiaccelproc_bsp/\libhal_bsp.a(alt_errno.o)
                              ../spiaccelproc_bsp/\libhal_bsp.a(alt_write.o) (alt_errno)
../spiaccelproc_bsp/\libhal_bsp.a(alt_exception_entry.o)
                              ../spiaccelproc_bsp/\libhal_bsp.a(alt_irq_entry.o) (alt_exception)
../spiaccelproc_bsp/\libhal_bsp.a(alt_find_dev.o)
                              ../spiaccelproc_bsp/\libhal_bsp.a(altera_avalon_mutex.o) (alt_find_dev)
../spiaccelproc_bsp/\libhal_bsp.a(alt_icache_flush_all.o)
                              ../spiaccelproc_bsp/\libhal_bsp.a(alt_load.o) (alt_icache_flush_all)
../spiaccelproc_bsp/\libhal_bsp.a(alt_instruction_exception_entry.o)
                              ../spiaccelproc_bsp/\libhal_bsp.a(alt_exception_entry.o) (alt_instruction_exception_entry)
../spiaccelproc_bsp/\libhal_bsp.a(altera_nios2_gen2_irq.o)
                              ../spiaccelproc_bsp/\libhal_bsp.a(alt_sys_init.o) (altera_nios2_gen2_irq_init)
../spiaccelproc_bsp/\libhal_bsp.a(alt_icache_flush.o)
                              ../spiaccelproc_bsp/\libhal_bsp.a(alt_icache_flush_all.o) (alt_icache_flush)
c:/intelfpga_lite/18.1/nios2eds/bin/gnu/h-x86_64-mingw32/bin/../lib/gcc/nios2-elf/5.3.0/../../../../../H-x86_64-mingw32/nios2-elf/lib\libsmallc.a(lib_a-memcmp.o)
                              ../spiaccelproc_bsp/\libhal_bsp.a(alt_find_dev.o) (memcmp)

Allocating common symbols
Common symbol       size              file

alt_irq             0x100             ../spiaccelproc_bsp/\libhal_bsp.a(alt_irq_handler.o)
errno               0x4               c:/intelfpga_lite/18.1/nios2eds/bin/gnu/h-x86_64-mingw32/bin/../lib/gcc/nios2-elf/5.3.0/../../../../../H-x86_64-mingw32/nios2-elf/lib\libsmallc.a(lib_a-int_errno.o)
mutex               0x4               obj/default/hello_world_small.o
context             0x4               obj/default/hello_world_small.o
tap_flag            0x4               obj/default/hello_world_small.o

Memory Configuration

Name             Origin             Length             Attributes
reset            0x0000000000000000 0x0000000000000020
exceptionregion  0x0000000000000020 0x000000000000ffe0
SDRAM            0x0000000002000000 0x0000000002000000
*default*        0x0000000000000000 0xffffffffffffffff

Linker script and memory map

LOAD ../spiaccelproc_bsp//obj/HAL/src/crt0.o
LOAD obj/default/hello_world_small.o
LOAD c:/intelfpga_lite/18.1/nios2eds/bin/gnu/h-x86_64-mingw32/bin/../lib/gcc/nios2-elf/5.3.0/../../../../../H-x86_64-mingw32/nios2-elf/lib\libstdc++.a
LOAD c:/intelfpga_lite/18.1/nios2eds/bin/gnu/h-x86_64-mingw32/bin/../lib/gcc/nios2-elf/5.3.0/../../../../../H-x86_64-mingw32/nios2-elf/lib\libm.a
LOAD c:/intelfpga_lite/18.1/nios2eds/bin/gnu/h-x86_64-mingw32/bin/../lib/gcc/nios2-elf/5.3.0\libgcc.a
START GROUP
LOAD c:/intelfpga_lite/18.1/nios2eds/bin/gnu/h-x86_64-mingw32/bin/../lib/gcc/nios2-elf/5.3.0/../../../../../H-x86_64-mingw32/nios2-elf/lib\libsmallc.a
LOAD c:/intelfpga_lite/18.1/nios2eds/bin/gnu/h-x86_64-mingw32/bin/../lib/gcc/nios2-elf/5.3.0\libgcc.a
LOAD ../spiaccelproc_bsp/\libhal_bsp.a
LOAD c:/intelfpga_lite/18.1/nios2eds/bin/gnu/h-x86_64-mingw32/bin/../lib/gcc/nios2-elf/5.3.0/../../../../../H-x86_64-mingw32/nios2-elf/lib\libm.a
END GROUP
LOAD c:/intelfpga_lite/18.1/nios2eds/bin/gnu/h-x86_64-mingw32/bin/../lib/gcc/nios2-elf/5.3.0\libgcc.a
                0x0000000000000000                __alt_mem_SDRAM = 0x0

.entry          0x0000000000000000       0x20
 *(.entry)
 .entry         0x0000000000000000       0x20 ../spiaccelproc_bsp//obj/HAL/src/crt0.o
                0x0000000000000000                __reset
                0x000000000000001c                _exit

.exceptions     0x0000000000000020      0x168
                0x0000000000000020                PROVIDE (__ram_exceptions_start, ABSOLUTE (.))
                0x0000000000000020                . = ALIGN (0x20)
 *(.irq)
 *(.exceptions.entry.label)
 .exceptions.entry.label
                0x0000000000000020        0x0 ../spiaccelproc_bsp/\libhal_bsp.a(alt_irq_entry.o)
                0x0000000000000020                alt_irq_entry
 .exceptions.entry.label
                0x0000000000000020        0x0 ../spiaccelproc_bsp/\libhal_bsp.a(alt_exception_entry.o)
                0x0000000000000020                alt_exception
 *(.exceptions.entry.user)
 *(.exceptions.entry.ecc_fatal)
 *(.exceptions.entry)
 .exceptions.entry
                0x0000000000000020       0x54 ../spiaccelproc_bsp/\libhal_bsp.a(alt_exception_entry.o)
 *(.exceptions.irqtest.user)
 *(.exceptions.irqtest)
 .exceptions.irqtest
                0x0000000000000074       0x10 ../spiaccelproc_bsp/\libhal_bsp.a(alt_irq_entry.o)
 *(.exceptions.irqhandler.user)
 *(.exceptions.irqhandler)
 .exceptions.irqhandler
                0x0000000000000084        0x4 ../spiaccelproc_bsp/\libhal_bsp.a(alt_irq_entry.o)
 *(.exceptions.irqreturn.user)
 *(.exceptions.irqreturn)
 .exceptions.irqreturn
                0x0000000000000088        0x4 ../spiaccelproc_bsp/\libhal_bsp.a(alt_irq_entry.o)
 *(.exceptions.notirq.label)
 .exceptions.notirq.label
                0x000000000000008c        0x0 ../spiaccelproc_bsp/\libhal_bsp.a(alt_irq_entry.o)
 *(.exceptions.notirq.user)
 *(.exceptions.notirq)
 .exceptions.notirq
                0x000000000000008c        0x8 ../spiaccelproc_bsp/\libhal_bsp.a(alt_exception_entry.o)
 *(.exceptions.soft.user)
 *(.exceptions.soft)
 *(.exceptions.unknown.user)
 *(.exceptions.unknown)
 .exceptions.unknown
                0x0000000000000094       0x14 ../spiaccelproc_bsp/\libhal_bsp.a(alt_exception_entry.o)
 *(.exceptions.exit.label)
 .exceptions.exit.label
                0x00000000000000a8        0x0 ../spiaccelproc_bsp/\libhal_bsp.a(alt_irq_entry.o)
 .exceptions.exit.label
                0x00000000000000a8        0x0 ../spiaccelproc_bsp/\libhal_bsp.a(alt_exception_entry.o)
 *(.exceptions.exit.user)
 *(.exceptions.exit)
 .exceptions.exit
                0x00000000000000a8       0x54 ../spiaccelproc_bsp/\libhal_bsp.a(alt_exception_entry.o)
 *(.exceptions)
 .exceptions    0x00000000000000fc       0x60 ../spiaccelproc_bsp/\libhal_bsp.a(alt_irq_handler.o)
                0x00000000000000fc                alt_irq_handler
 .exceptions    0x000000000000015c       0x2c ../spiaccelproc_bsp/\libhal_bsp.a(alt_instruction_exception_entry.o)
                0x000000000000015c                alt_instruction_exception_entry
                0x0000000000000188                PROVIDE (__ram_exceptions_end, ABSOLUTE (.))
                0x0000000000000020                PROVIDE (__flash_exceptions_start, LOADADDR (.exceptions))

.text           0x0000000002000000     0x1840
                [!provide]                        PROVIDE (stext, ABSOLUTE (.))
 *(.interp)
 *(.hash)
 *(.dynsym)
 *(.dynstr)
 *(.gnu.version)
 *(.gnu.version_d)
 *(.gnu.version_r)
 *(.rel.init)
 *(.rela.init)
 *(.rel.text .rel.text.* .rel.gnu.linkonce.t.*)
 *(.rela.text .rela.text.* .rela.gnu.linkonce.t.*)
 *(.rel.fini)
 *(.rela.fini)
 *(.rel.rodata .rel.rodata.* .rel.gnu.linkonce.r.*)
 *(.rela.rodata .rela.rodata.* .rela.gnu.linkonce.r.*)
 *(.rel.data .rel.data.* .rel.gnu.linkonce.d.*)
 *(.rela.data .rela.data.* .rela.gnu.linkonce.d.*)
 *(.rel.tdata .rel.tdata.* .rel.gnu.linkonce.td.*)
 *(.rela.tdata .rela.tdata.* .rela.gnu.linkonce.td.*)
 *(.rel.tbss .rel.tbss.* .rel.gnu.linkonce.tb.*)
 *(.rela.tbss .rela.tbss.* .rela.gnu.linkonce.tb.*)
 *(.rel.ctors)
 *(.rela.ctors)
 *(.rel.dtors)
 *(.rela.dtors)
 *(.rel.got)
 *(.rela.got)
 *(.rel.sdata .rel.sdata.* .rel.gnu.linkonce.s.*)
 *(.rela.sdata .rela.sdata.* .rela.gnu.linkonce.s.*)
 *(.rel.sbss .rel.sbss.* .rel.gnu.linkonce.sb.*)
 *(.rela.sbss .rela.sbss.* .rela.gnu.linkonce.sb.*)
 *(.rel.sdata2 .rel.sdata2.* .rel.gnu.linkonce.s2.*)
 *(.rela.sdata2 .rela.sdata2.* .rela.gnu.linkonce.s2.*)
 *(.rel.sbss2 .rel.sbss2.* .rel.gnu.linkonce.sb2.*)
 *(.rela.sbss2 .rela.sbss2.* .rela.gnu.linkonce.sb2.*)
 *(.rel.bss .rel.bss.* .rel.gnu.linkonce.b.*)
 *(.rela.bss .rela.bss.* .rela.gnu.linkonce.b.*)
 *(.rel.plt)
 *(.rela.plt)
 *(.rel.dyn)
 *(.init)
 *(.plt)
 *(.text .stub .text.* .gnu.linkonce.t.*)
 .text          0x0000000002000000       0x4c ../spiaccelproc_bsp//obj/HAL/src/crt0.o
                0x0000000002000000                _start
 .text          0x000000000200004c      0x254 obj/default/hello_world_small.o
                0x000000000200004c                gyro_isr
                0x000000000200006c                input_proc1_isr
                0x0000000002000084                display_select_configuration
                0x00000000020000dc                gyro_process_data
                0x00000000020001c0                send_msg
                0x0000000002000230                gyro_detect_tap
 .text.startup  0x00000000020002a0      0x2ec obj/default/hello_world_small.o
                0x00000000020002a0                main
 .text          0x000000000200058c        0x0 c:/intelfpga_lite/18.1/nios2eds/bin/gnu/h-x86_64-mingw32/bin/../lib/gcc/nios2-elf/5.3.0/../../../../../H-x86_64-mingw32/nios2-elf/lib\libsmallc.a(lib_a-printf.o)
 .text._printf_r
                0x000000000200058c       0x3c c:/intelfpga_lite/18.1/nios2eds/bin/gnu/h-x86_64-mingw32/bin/../lib/gcc/nios2-elf/5.3.0/../../../../../H-x86_64-mingw32/nios2-elf/lib\libsmallc.a(lib_a-printf.o)
                0x000000000200058c                _printf_r
 .text.printf   0x00000000020005c8       0x4c c:/intelfpga_lite/18.1/nios2eds/bin/gnu/h-x86_64-mingw32/bin/../lib/gcc/nios2-elf/5.3.0/../../../../../H-x86_64-mingw32/nios2-elf/lib\libsmallc.a(lib_a-printf.o)
                0x00000000020005c8                printf
 .text          0x0000000002000614        0x0 c:/intelfpga_lite/18.1/nios2eds/bin/gnu/h-x86_64-mingw32/bin/../lib/gcc/nios2-elf/5.3.0/../../../../../H-x86_64-mingw32/nios2-elf/lib\libsmallc.a(lib_a-puts.o)
 .text._puts_r  0x0000000002000614       0x80 c:/intelfpga_lite/18.1/nios2eds/bin/gnu/h-x86_64-mingw32/bin/../lib/gcc/nios2-elf/5.3.0/../../../../../H-x86_64-mingw32/nios2-elf/lib\libsmallc.a(lib_a-puts.o)
                0x0000000002000614                _puts_r
 .text.puts     0x0000000002000694       0x14 c:/intelfpga_lite/18.1/nios2eds/bin/gnu/h-x86_64-mingw32/bin/../lib/gcc/nios2-elf/5.3.0/../../../../../H-x86_64-mingw32/nios2-elf/lib\libsmallc.a(lib_a-puts.o)
                0x0000000002000694                puts
 .text          0x00000000020006a8        0x0 c:/intelfpga_lite/18.1/nios2eds/bin/gnu/h-x86_64-mingw32/bin/../lib/gcc/nios2-elf/5.3.0/../../../../../H-x86_64-mingw32/nios2-elf/lib\libsmallc.a(lib_a-strlen.o)
 .text.strlen   0x00000000020006a8       0x1c c:/intelfpga_lite/18.1/nios2eds/bin/gnu/h-x86_64-mingw32/bin/../lib/gcc/nios2-elf/5.3.0/../../../../../H-x86_64-mingw32/nios2-elf/lib\libsmallc.a(lib_a-strlen.o)
                0x00000000020006a8                strlen
 .text          0x00000000020006c4        0x0 c:/intelfpga_lite/18.1/nios2eds/bin/gnu/h-x86_64-mingw32/bin/../lib/gcc/nios2-elf/5.3.0/../../../../../H-x86_64-mingw32/nios2-elf/lib\libsmallc.a(lib_a-vfprintf.o)
 .text.print_repeat
                0x00000000020006c4       0x6c c:/intelfpga_lite/18.1/nios2eds/bin/gnu/h-x86_64-mingw32/bin/../lib/gcc/nios2-elf/5.3.0/../../../../../H-x86_64-mingw32/nios2-elf/lib\libsmallc.a(lib_a-vfprintf.o)
 .text.___vfprintf_internal_r
                0x0000000002000730      0x524 c:/intelfpga_lite/18.1/nios2eds/bin/gnu/h-x86_64-mingw32/bin/../lib/gcc/nios2-elf/5.3.0/../../../../../H-x86_64-mingw32/nios2-elf/lib\libsmallc.a(lib_a-vfprintf.o)
                0x0000000002000730                ___vfprintf_internal_r
 .text.__vfprintf_internal
                0x0000000002000c54       0x1c c:/intelfpga_lite/18.1/nios2eds/bin/gnu/h-x86_64-mingw32/bin/../lib/gcc/nios2-elf/5.3.0/../../../../../H-x86_64-mingw32/nios2-elf/lib\libsmallc.a(lib_a-vfprintf.o)
                0x0000000002000c54                __vfprintf_internal
 .text          0x0000000002000c70        0x0 c:/intelfpga_lite/18.1/nios2eds/bin/gnu/h-x86_64-mingw32/bin/../lib/gcc/nios2-elf/5.3.0/../../../../../H-x86_64-mingw32/nios2-elf/lib\libsmallc.a(lib_a-fvwrite_small_dev.o)
 .text.__sfvwrite_small_dev
                0x0000000002000c70       0xb8 c:/intelfpga_lite/18.1/nios2eds/bin/gnu/h-x86_64-mingw32/bin/../lib/gcc/nios2-elf/5.3.0/../../../../../H-x86_64-mingw32/nios2-elf/lib\libsmallc.a(lib_a-fvwrite_small_dev.o)
                0x0000000002000c70                __sfvwrite_small_dev
 .text          0x0000000002000d28        0x0 c:/intelfpga_lite/18.1/nios2eds/bin/gnu/h-x86_64-mingw32/bin/../lib/gcc/nios2-elf/5.3.0/../../../../../H-x86_64-mingw32/nios2-elf/lib\libsmallc.a(lib_a-impure.o)
 .text          0x0000000002000d28        0x0 c:/intelfpga_lite/18.1/nios2eds/bin/gnu/h-x86_64-mingw32/bin/../lib/gcc/nios2-elf/5.3.0/../../../../../H-x86_64-mingw32/nios2-elf/lib\libsmallc.a(lib_a-writer.o)
 .text._write_r
                0x0000000002000d28       0x58 c:/intelfpga_lite/18.1/nios2eds/bin/gnu/h-x86_64-mingw32/bin/../lib/gcc/nios2-elf/5.3.0/../../../../../H-x86_64-mingw32/nios2-elf/lib\libsmallc.a(lib_a-writer.o)
                0x0000000002000d28                _write_r
 .text          0x0000000002000d80        0x0 c:/intelfpga_lite/18.1/nios2eds/bin/gnu/h-x86_64-mingw32/bin/../lib/gcc/nios2-elf/5.3.0/../../../../../H-x86_64-mingw32/nios2-elf/lib\libsmallc.a(lib_a-int_errno.o)
 .text          0x0000000002000d80      0x1b4 c:/intelfpga_lite/18.1/nios2eds/bin/gnu/h-x86_64-mingw32/bin/../lib/gcc/nios2-elf/5.3.0\libgcc.a(lib2-divmod.o)
                0x0000000002000d80                __divsi3
                0x0000000002000e04                __modsi3
                0x0000000002000e78                __udivsi3
                0x0000000002000edc                __umodsi3
 .text          0x0000000002000f34       0x18 ../spiaccelproc_bsp/\libhal_bsp.a(alt_dcache_flush_all.o)
                0x0000000002000f34                alt_dcache_flush_all
 .text          0x0000000002000f4c       0x8c ../spiaccelproc_bsp/\libhal_bsp.a(alt_iic.o)
                0x0000000002000f4c                alt_ic_isr_register
                0x0000000002000f50                alt_ic_irq_enable
                0x0000000002000f88                alt_ic_irq_disable
                0x0000000002000fc0                alt_ic_irq_enabled
 .text          0x0000000002000fd8       0x68 ../spiaccelproc_bsp/\libhal_bsp.a(alt_iic_isr_register.o)
                0x0000000002000fd8                alt_iic_isr_register
 .text          0x0000000002001040        0x0 ../spiaccelproc_bsp/\libhal_bsp.a(alt_irq_entry.o)
 .text          0x0000000002001040        0x0 ../spiaccelproc_bsp/\libhal_bsp.a(alt_irq_handler.o)
 .text          0x0000000002001040       0x94 ../spiaccelproc_bsp/\libhal_bsp.a(alt_irq_register.o)
                0x0000000002001040                alt_irq_register
 .text          0x00000000020010d4        0x0 ../spiaccelproc_bsp/\libhal_bsp.a(alt_irq_vars.o)
 .text          0x00000000020010d4       0xe0 ../spiaccelproc_bsp/\libhal_bsp.a(alt_load.o)
                0x00000000020010d4                alt_load
 .text          0x00000000020011b4       0x2c ../spiaccelproc_bsp/\libhal_bsp.a(alt_main.o)
                0x00000000020011b4                alt_main
 .text          0x00000000020011e0      0x170 ../spiaccelproc_bsp/\libhal_bsp.a(alt_printf.o)
                0x00000000020011e0                alt_printf
 .text          0x0000000002001350       0x48 ../spiaccelproc_bsp/\libhal_bsp.a(alt_putchar.o)
                0x0000000002001350                alt_putchar
 .text          0x0000000002001398       0x38 ../spiaccelproc_bsp/\libhal_bsp.a(alt_putstr.o)
                0x0000000002001398                alt_putstr
 .text          0x00000000020013d0       0x60 ../spiaccelproc_bsp/\libhal_bsp.a(alt_write.o)
                0x00000000020013d0                write
 .text          0x0000000002001430       0x30 ../spiaccelproc_bsp/\libhal_bsp.a(alt_sys_init.o)
                0x0000000002001430                alt_irq_init
                0x0000000002001450                alt_sys_init
 .text          0x0000000002001460       0x34 ../spiaccelproc_bsp/\libhal_bsp.a(altera_avalon_jtag_uart_write.o)
                0x0000000002001460                altera_avalon_jtag_uart_write
 .text          0x0000000002001494       0xf4 ../spiaccelproc_bsp/\libhal_bsp.a(altera_avalon_mutex.o)
                0x0000000002001494                altera_avalon_mutex_open
                0x00000000020014e0                altera_avalon_mutex_close
                0x00000000020014e4                altera_avalon_mutex_lock
                0x0000000002001508                altera_avalon_mutex_trylock
                0x0000000002001530                altera_avalon_mutex_unlock
                0x0000000002001550                altera_avalon_mutex_is_mine
                0x0000000002001578                altera_avalon_mutex_first_lock
 .text          0x0000000002001588       0xe8 ../spiaccelproc_bsp/\libhal_bsp.a(altera_avalon_spi.o)
                0x0000000002001588                alt_avalon_spi_command
 .text          0x0000000002001670       0x6c ../spiaccelproc_bsp/\libhal_bsp.a(alt_dev_llist_insert.o)
                0x0000000002001670                alt_dev_llist_insert
 .text          0x00000000020016dc        0x0 ../spiaccelproc_bsp/\libhal_bsp.a(alt_errno.o)
 .text          0x00000000020016dc        0x0 ../spiaccelproc_bsp/\libhal_bsp.a(alt_exception_entry.o)
 .text          0x00000000020016dc       0x74 ../spiaccelproc_bsp/\libhal_bsp.a(alt_find_dev.o)
                0x00000000020016dc                alt_find_dev
 .text          0x0000000002001750        0xc ../spiaccelproc_bsp/\libhal_bsp.a(alt_icache_flush_all.o)
                0x0000000002001750                alt_icache_flush_all
 .text          0x000000000200175c       0x74 ../spiaccelproc_bsp/\libhal_bsp.a(alt_instruction_exception_entry.o)
                0x000000000200175c                alt_exception_cause_generated_bad_addr
 .text          0x00000000020017d0        0x8 ../spiaccelproc_bsp/\libhal_bsp.a(altera_nios2_gen2_irq.o)
                0x00000000020017d0                altera_nios2_gen2_irq_init
 .text          0x00000000020017d8       0x38 ../spiaccelproc_bsp/\libhal_bsp.a(alt_icache_flush.o)
                0x00000000020017d8                alt_icache_flush
 .text          0x0000000002001810        0x0 c:/intelfpga_lite/18.1/nios2eds/bin/gnu/h-x86_64-mingw32/bin/../lib/gcc/nios2-elf/5.3.0/../../../../../H-x86_64-mingw32/nios2-elf/lib\libsmallc.a(lib_a-memcmp.o)
 .text.memcmp   0x0000000002001810       0x30 c:/intelfpga_lite/18.1/nios2eds/bin/gnu/h-x86_64-mingw32/bin/../lib/gcc/nios2-elf/5.3.0/../../../../../H-x86_64-mingw32/nios2-elf/lib\libsmallc.a(lib_a-memcmp.o)
                0x0000000002001810                memcmp
 *(.gnu.warning.*)
 *(.fini)
                [!provide]                        PROVIDE (__etext, ABSOLUTE (.))
                [!provide]                        PROVIDE (_etext, ABSOLUTE (.))
                [!provide]                        PROVIDE (etext, ABSOLUTE (.))
 *(.eh_frame_hdr)
                0x0000000002001840                . = ALIGN (0x4)
                [!provide]                        PROVIDE (__preinit_array_start, ABSOLUTE (.))
 *(.preinit_array)
                [!provide]                        PROVIDE (__preinit_array_end, ABSOLUTE (.))
                [!provide]                        PROVIDE (__init_array_start, ABSOLUTE (.))
 *(.init_array)
                [!provide]                        PROVIDE (__init_array_end, ABSOLUTE (.))
                [!provide]                        PROVIDE (__fini_array_start, ABSOLUTE (.))
 *(.fini_array)
                [!provide]                        PROVIDE (__fini_array_end, ABSOLUTE (.))
 *(.eh_frame)
 *(.gcc_except_table .gcc_except_table.*)
 *(.dynamic)
                [!provide]                        PROVIDE (__CTOR_LIST__, ABSOLUTE (.))
 *(.ctors)
 *(SORT(.ctors.*))
                [!provide]                        PROVIDE (__CTOR_END__, ABSOLUTE (.))
                [!provide]                        PROVIDE (__DTOR_LIST__, ABSOLUTE (.))
 *(.dtors)
 *(SORT(.dtors.*))
                [!provide]                        PROVIDE (__DTOR_END__, ABSOLUTE (.))
 *(.jcr)
                0x0000000002001840                . = ALIGN (0x4)

.rodata         0x0000000002001840       0xc0
                0x0000000002001840                PROVIDE (__ram_rodata_start, ABSOLUTE (.))
                0x0000000002001840                . = ALIGN (0x4)
 *(.rodata .rodata.* .gnu.linkonce.r.*)
 .rodata.str1.4
                0x0000000002001840       0xbf obj/default/hello_world_small.o
 .rodata.str1.4
                0x00000000020018ff       0xc0 c:/intelfpga_lite/18.1/nios2eds/bin/gnu/h-x86_64-mingw32/bin/../lib/gcc/nios2-elf/5.3.0/../../../../../H-x86_64-mingw32/nios2-elf/lib\libsmallc.a(lib_a-puts.o)
                                          0x2 (size before relaxing)
 .rodata.str1.4
                0x00000000020018ff        0xd ../spiaccelproc_bsp/\libhal_bsp.a(alt_sys_init.o)
 *(.rodata1)
                0x00000000020019c0                . = ALIGN (0x4)
 *fill*         0x00000000020018ff        0x1 
                0x0000000002001900                PROVIDE (__ram_rodata_end, ABSOLUTE (.))
                0x0000000002001840                PROVIDE (__flash_rodata_start, LOADADDR (.rodata))

.rwdata         0x0000000002001900      0x13c load address 0x0000000002001a3c
                0x0000000002001900                PROVIDE (__ram_rwdata_start, ABSOLUTE (.))
                0x0000000002001900                . = ALIGN (0x4)
 *(.got.plt)
 *(.got)
 *(.data1)
 *(.data .data.* .gnu.linkonce.d.*)
 .data          0x0000000002001900        0x0 ../spiaccelproc_bsp//obj/HAL/src/crt0.o
 .data          0x0000000002001900       0x20 obj/default/hello_world_small.o
                0x0000000002001900                gyro_config
 .data          0x0000000002001920        0x0 c:/intelfpga_lite/18.1/nios2eds/bin/gnu/h-x86_64-mingw32/bin/../lib/gcc/nios2-elf/5.3.0/../../../../../H-x86_64-mingw32/nios2-elf/lib\libsmallc.a(lib_a-printf.o)
 .data          0x0000000002001920        0x0 c:/intelfpga_lite/18.1/nios2eds/bin/gnu/h-x86_64-mingw32/bin/../lib/gcc/nios2-elf/5.3.0/../../../../../H-x86_64-mingw32/nios2-elf/lib\libsmallc.a(lib_a-puts.o)
 .data          0x0000000002001920        0x0 c:/intelfpga_lite/18.1/nios2eds/bin/gnu/h-x86_64-mingw32/bin/../lib/gcc/nios2-elf/5.3.0/../../../../../H-x86_64-mingw32/nios2-elf/lib\libsmallc.a(lib_a-strlen.o)
 .data          0x0000000002001920        0x0 c:/intelfpga_lite/18.1/nios2eds/bin/gnu/h-x86_64-mingw32/bin/../lib/gcc/nios2-elf/5.3.0/../../../../../H-x86_64-mingw32/nios2-elf/lib\libsmallc.a(lib_a-vfprintf.o)
 .data          0x0000000002001920        0x0 c:/intelfpga_lite/18.1/nios2eds/bin/gnu/h-x86_64-mingw32/bin/../lib/gcc/nios2-elf/5.3.0/../../../../../H-x86_64-mingw32/nios2-elf/lib\libsmallc.a(lib_a-fvwrite_small_dev.o)
 .data          0x0000000002001920        0x0 c:/intelfpga_lite/18.1/nios2eds/bin/gnu/h-x86_64-mingw32/bin/../lib/gcc/nios2-elf/5.3.0/../../../../../H-x86_64-mingw32/nios2-elf/lib\libsmallc.a(lib_a-impure.o)
 .data.impure_data
                0x0000000002001920       0xe0 c:/intelfpga_lite/18.1/nios2eds/bin/gnu/h-x86_64-mingw32/bin/../lib/gcc/nios2-elf/5.3.0/../../../../../H-x86_64-mingw32/nios2-elf/lib\libsmallc.a(lib_a-impure.o)
 .data          0x0000000002001a00        0x0 c:/intelfpga_lite/18.1/nios2eds/bin/gnu/h-x86_64-mingw32/bin/../lib/gcc/nios2-elf/5.3.0/../../../../../H-x86_64-mingw32/nios2-elf/lib\libsmallc.a(lib_a-writer.o)
 .data          0x0000000002001a00        0x0 c:/intelfpga_lite/18.1/nios2eds/bin/gnu/h-x86_64-mingw32/bin/../lib/gcc/nios2-elf/5.3.0/../../../../../H-x86_64-mingw32/nios2-elf/lib\libsmallc.a(lib_a-int_errno.o)
 .data          0x0000000002001a00        0x0 c:/intelfpga_lite/18.1/nios2eds/bin/gnu/h-x86_64-mingw32/bin/../lib/gcc/nios2-elf/5.3.0\libgcc.a(lib2-divmod.o)
 .data          0x0000000002001a00        0x0 ../spiaccelproc_bsp/\libhal_bsp.a(alt_dcache_flush_all.o)
 .data          0x0000000002001a00        0x0 ../spiaccelproc_bsp/\libhal_bsp.a(alt_iic.o)
 .data          0x0000000002001a00        0x0 ../spiaccelproc_bsp/\libhal_bsp.a(alt_iic_isr_register.o)
 .data          0x0000000002001a00        0x0 ../spiaccelproc_bsp/\libhal_bsp.a(alt_irq_entry.o)
 .data          0x0000000002001a00        0x0 ../spiaccelproc_bsp/\libhal_bsp.a(alt_irq_handler.o)
 .data          0x0000000002001a00        0x0 ../spiaccelproc_bsp/\libhal_bsp.a(alt_irq_register.o)
 .data          0x0000000002001a00        0x0 ../spiaccelproc_bsp/\libhal_bsp.a(alt_irq_vars.o)
 .data          0x0000000002001a00        0x0 ../spiaccelproc_bsp/\libhal_bsp.a(alt_load.o)
 .data          0x0000000002001a00        0x0 ../spiaccelproc_bsp/\libhal_bsp.a(alt_main.o)
 .data          0x0000000002001a00        0x0 ../spiaccelproc_bsp/\libhal_bsp.a(alt_printf.o)
 .data          0x0000000002001a00        0x0 ../spiaccelproc_bsp/\libhal_bsp.a(alt_putchar.o)
 .data          0x0000000002001a00        0x0 ../spiaccelproc_bsp/\libhal_bsp.a(alt_putstr.o)
 .data          0x0000000002001a00        0x0 ../spiaccelproc_bsp/\libhal_bsp.a(alt_write.o)
 .data          0x0000000002001a00       0x10 ../spiaccelproc_bsp/\libhal_bsp.a(alt_sys_init.o)
 .data          0x0000000002001a10        0x0 ../spiaccelproc_bsp/\libhal_bsp.a(altera_avalon_jtag_uart_write.o)
 .data          0x0000000002001a10        0x0 ../spiaccelproc_bsp/\libhal_bsp.a(altera_avalon_mutex.o)
 .data          0x0000000002001a10        0x0 ../spiaccelproc_bsp/\libhal_bsp.a(altera_avalon_spi.o)
 .data          0x0000000002001a10        0x0 ../spiaccelproc_bsp/\libhal_bsp.a(alt_dev_llist_insert.o)
 .data          0x0000000002001a10        0x0 ../spiaccelproc_bsp/\libhal_bsp.a(alt_errno.o)
 .data          0x0000000002001a10        0x0 ../spiaccelproc_bsp/\libhal_bsp.a(alt_exception_entry.o)
 .data          0x0000000002001a10        0x0 ../spiaccelproc_bsp/\libhal_bsp.a(alt_find_dev.o)
 .data          0x0000000002001a10        0x0 ../spiaccelproc_bsp/\libhal_bsp.a(alt_icache_flush_all.o)
 .data          0x0000000002001a10        0x0 ../spiaccelproc_bsp/\libhal_bsp.a(alt_instruction_exception_entry.o)
 .data          0x0000000002001a10        0x0 ../spiaccelproc_bsp/\libhal_bsp.a(altera_nios2_gen2_irq.o)
 .data          0x0000000002001a10        0x0 ../spiaccelproc_bsp/\libhal_bsp.a(alt_icache_flush.o)
 .data          0x0000000002001a10        0x0 c:/intelfpga_lite/18.1/nios2eds/bin/gnu/h-x86_64-mingw32/bin/../lib/gcc/nios2-elf/5.3.0/../../../../../H-x86_64-mingw32/nios2-elf/lib\libsmallc.a(lib_a-memcmp.o)
                0x0000000002009a10                _gp = ABSOLUTE ((. + 0x8000))
                [!provide]                        PROVIDE (gp, _gp)
 *(.rwdata .rwdata.*)
 *(.sdata .sdata.* .gnu.linkonce.s.*)
 .sdata         0x0000000002001a10       0x10 obj/default/hello_world_small.o
                0x0000000002001a10                key_flag_shared
                0x0000000002001a14                double_tap_counter
                0x0000000002001a18                config_mode_shared
                0x0000000002001a1c                display_mode_shared
 .sdata._global_impure_ptr
                0x0000000002001a20        0x4 c:/intelfpga_lite/18.1/nios2eds/bin/gnu/h-x86_64-mingw32/bin/../lib/gcc/nios2-elf/5.3.0/../../../../../H-x86_64-mingw32/nios2-elf/lib\libsmallc.a(lib_a-impure.o)
                0x0000000002001a20                _global_impure_ptr
 .sdata._impure_ptr
                0x0000000002001a24        0x4 c:/intelfpga_lite/18.1/nios2eds/bin/gnu/h-x86_64-mingw32/bin/../lib/gcc/nios2-elf/5.3.0/../../../../../H-x86_64-mingw32/nios2-elf/lib\libsmallc.a(lib_a-impure.o)
                0x0000000002001a24                _impure_ptr
 .sdata         0x0000000002001a28        0x4 ../spiaccelproc_bsp/\libhal_bsp.a(alt_irq_vars.o)
                0x0000000002001a28                alt_priority_mask
 .sdata         0x0000000002001a2c        0x4 ../spiaccelproc_bsp/\libhal_bsp.a(alt_sys_init.o)
                0x0000000002001a2c                jtag_uart_1
 .sdata         0x0000000002001a30        0x8 ../spiaccelproc_bsp/\libhal_bsp.a(altera_avalon_mutex.o)
                0x0000000002001a30                alt_mutex_list
 .sdata         0x0000000002001a38        0x4 ../spiaccelproc_bsp/\libhal_bsp.a(alt_errno.o)
                0x0000000002001a38                alt_errno
 *(.sdata2 .sdata2.* .gnu.linkonce.s2.*)
                0x0000000002001a3c                . = ALIGN (0x4)
                0x0000000002001a3c                _edata = ABSOLUTE (.)
                [!provide]                        PROVIDE (edata, ABSOLUTE (.))
                0x0000000002001a3c                PROVIDE (__ram_rwdata_end, ABSOLUTE (.))
                0x0000000002001a3c                PROVIDE (__flash_rwdata_start, LOADADDR (.rwdata))

.bss            0x0000000002001b78      0x124
                0x0000000002001b78                __bss_start = ABSOLUTE (.)
                [!provide]                        PROVIDE (__sbss_start, ABSOLUTE (.))
                [!provide]                        PROVIDE (___sbss_start, ABSOLUTE (.))
 *(.dynsbss)
 *(.sbss .sbss.* .gnu.linkonce.sb.*)
 .sbss          0x0000000002001b78        0xc obj/default/hello_world_small.o
                0x0000000002001b78                mutex
                0x0000000002001b7c                context
                0x0000000002001b80                tap_flag
 .sbss          0x0000000002001b84        0x4 c:/intelfpga_lite/18.1/nios2eds/bin/gnu/h-x86_64-mingw32/bin/../lib/gcc/nios2-elf/5.3.0/../../../../../H-x86_64-mingw32/nios2-elf/lib\libsmallc.a(lib_a-int_errno.o)
                0x0000000002001b84                errno
 .sbss          0x0000000002001b88        0x4 ../spiaccelproc_bsp/\libhal_bsp.a(alt_irq_vars.o)
                0x0000000002001b88                alt_irq_active
 .sbss          0x0000000002001b8c        0xc ../spiaccelproc_bsp/\libhal_bsp.a(alt_main.o)
                0x0000000002001b8c                alt_envp
                0x0000000002001b90                alt_argv
                0x0000000002001b94                alt_argc
 .sbss          0x0000000002001b98        0x4 ../spiaccelproc_bsp/\libhal_bsp.a(alt_instruction_exception_entry.o)
                0x0000000002001b98                alt_instruction_exception_handler
 *(.sbss2 .sbss2.* .gnu.linkonce.sb2.*)
 *(.scommon)
                [!provide]                        PROVIDE (__sbss_end, ABSOLUTE (.))
                [!provide]                        PROVIDE (___sbss_end, ABSOLUTE (.))
 *(.dynbss)
 *(.bss .bss.* .gnu.linkonce.b.*)
 .bss           0x0000000002001b9c        0x0 ../spiaccelproc_bsp//obj/HAL/src/crt0.o
 .bss           0x0000000002001b9c        0x0 obj/default/hello_world_small.o
 .bss           0x0000000002001b9c        0x0 c:/intelfpga_lite/18.1/nios2eds/bin/gnu/h-x86_64-mingw32/bin/../lib/gcc/nios2-elf/5.3.0/../../../../../H-x86_64-mingw32/nios2-elf/lib\libsmallc.a(lib_a-printf.o)
 .bss           0x0000000002001b9c        0x0 c:/intelfpga_lite/18.1/nios2eds/bin/gnu/h-x86_64-mingw32/bin/../lib/gcc/nios2-elf/5.3.0/../../../../../H-x86_64-mingw32/nios2-elf/lib\libsmallc.a(lib_a-puts.o)
 .bss           0x0000000002001b9c        0x0 c:/intelfpga_lite/18.1/nios2eds/bin/gnu/h-x86_64-mingw32/bin/../lib/gcc/nios2-elf/5.3.0/../../../../../H-x86_64-mingw32/nios2-elf/lib\libsmallc.a(lib_a-strlen.o)
 .bss           0x0000000002001b9c        0x0 c:/intelfpga_lite/18.1/nios2eds/bin/gnu/h-x86_64-mingw32/bin/../lib/gcc/nios2-elf/5.3.0/../../../../../H-x86_64-mingw32/nios2-elf/lib\libsmallc.a(lib_a-vfprintf.o)
 .bss           0x0000000002001b9c        0x0 c:/intelfpga_lite/18.1/nios2eds/bin/gnu/h-x86_64-mingw32/bin/../lib/gcc/nios2-elf/5.3.0/../../../../../H-x86_64-mingw32/nios2-elf/lib\libsmallc.a(lib_a-fvwrite_small_dev.o)
 .bss           0x0000000002001b9c        0x0 c:/intelfpga_lite/18.1/nios2eds/bin/gnu/h-x86_64-mingw32/bin/../lib/gcc/nios2-elf/5.3.0/../../../../../H-x86_64-mingw32/nios2-elf/lib\libsmallc.a(lib_a-impure.o)
 .bss           0x0000000002001b9c        0x0 c:/intelfpga_lite/18.1/nios2eds/bin/gnu/h-x86_64-mingw32/bin/../lib/gcc/nios2-elf/5.3.0/../../../../../H-x86_64-mingw32/nios2-elf/lib\libsmallc.a(lib_a-writer.o)
 .bss           0x0000000002001b9c        0x0 c:/intelfpga_lite/18.1/nios2eds/bin/gnu/h-x86_64-mingw32/bin/../lib/gcc/nios2-elf/5.3.0/../../../../../H-x86_64-mingw32/nios2-elf/lib\libsmallc.a(lib_a-int_errno.o)
 .bss           0x0000000002001b9c        0x0 c:/intelfpga_lite/18.1/nios2eds/bin/gnu/h-x86_64-mingw32/bin/../lib/gcc/nios2-elf/5.3.0\libgcc.a(lib2-divmod.o)
 .bss           0x0000000002001b9c        0x0 ../spiaccelproc_bsp/\libhal_bsp.a(alt_dcache_flush_all.o)
 .bss           0x0000000002001b9c        0x0 ../spiaccelproc_bsp/\libhal_bsp.a(alt_iic.o)
 .bss           0x0000000002001b9c        0x0 ../spiaccelproc_bsp/\libhal_bsp.a(alt_iic_isr_register.o)
 .bss           0x0000000002001b9c        0x0 ../spiaccelproc_bsp/\libhal_bsp.a(alt_irq_entry.o)
 .bss           0x0000000002001b9c        0x0 ../spiaccelproc_bsp/\libhal_bsp.a(alt_irq_handler.o)
 .bss           0x0000000002001b9c        0x0 ../spiaccelproc_bsp/\libhal_bsp.a(alt_irq_register.o)
 .bss           0x0000000002001b9c        0x0 ../spiaccelproc_bsp/\libhal_bsp.a(alt_irq_vars.o)
 .bss           0x0000000002001b9c        0x0 ../spiaccelproc_bsp/\libhal_bsp.a(alt_load.o)
 .bss           0x0000000002001b9c        0x0 ../spiaccelproc_bsp/\libhal_bsp.a(alt_main.o)
 .bss           0x0000000002001b9c        0x0 ../spiaccelproc_bsp/\libhal_bsp.a(alt_printf.o)
 .bss           0x0000000002001b9c        0x0 ../spiaccelproc_bsp/\libhal_bsp.a(alt_putchar.o)
 .bss           0x0000000002001b9c        0x0 ../spiaccelproc_bsp/\libhal_bsp.a(alt_putstr.o)
 .bss           0x0000000002001b9c        0x0 ../spiaccelproc_bsp/\libhal_bsp.a(alt_write.o)
 .bss           0x0000000002001b9c        0x0 ../spiaccelproc_bsp/\libhal_bsp.a(alt_sys_init.o)
 .bss           0x0000000002001b9c        0x0 ../spiaccelproc_bsp/\libhal_bsp.a(altera_avalon_jtag_uart_write.o)
 .bss           0x0000000002001b9c        0x0 ../spiaccelproc_bsp/\libhal_bsp.a(altera_avalon_mutex.o)
 .bss           0x0000000002001b9c        0x0 ../spiaccelproc_bsp/\libhal_bsp.a(altera_avalon_spi.o)
 .bss           0x0000000002001b9c        0x0 ../spiaccelproc_bsp/\libhal_bsp.a(alt_dev_llist_insert.o)
 .bss           0x0000000002001b9c        0x0 ../spiaccelproc_bsp/\libhal_bsp.a(alt_errno.o)
 .bss           0x0000000002001b9c        0x0 ../spiaccelproc_bsp/\libhal_bsp.a(alt_exception_entry.o)
 .bss           0x0000000002001b9c        0x0 ../spiaccelproc_bsp/\libhal_bsp.a(alt_find_dev.o)
 .bss           0x0000000002001b9c        0x0 ../spiaccelproc_bsp/\libhal_bsp.a(alt_icache_flush_all.o)
 .bss           0x0000000002001b9c        0x0 ../spiaccelproc_bsp/\libhal_bsp.a(alt_instruction_exception_entry.o)
 .bss           0x0000000002001b9c        0x0 ../spiaccelproc_bsp/\libhal_bsp.a(altera_nios2_gen2_irq.o)
 .bss           0x0000000002001b9c        0x0 ../spiaccelproc_bsp/\libhal_bsp.a(alt_icache_flush.o)
 .bss           0x0000000002001b9c        0x0 c:/intelfpga_lite/18.1/nios2eds/bin/gnu/h-x86_64-mingw32/bin/../lib/gcc/nios2-elf/5.3.0/../../../../../H-x86_64-mingw32/nios2-elf/lib\libsmallc.a(lib_a-memcmp.o)
 *(COMMON)
 COMMON         0x0000000002001b9c      0x100 ../spiaccelproc_bsp/\libhal_bsp.a(alt_irq_handler.o)
                0x0000000002001b9c                alt_irq
                0x0000000002001c9c                . = ALIGN (0x4)
                0x0000000002001c9c                __bss_end = ABSOLUTE (.)

.SDRAM          0x0000000002001c9c        0x0
                [!provide]                        PROVIDE (_alt_partition_SDRAM_start, ABSOLUTE (.))
 *(.SDRAM .SDRAM. SDRAM.*)
                0x0000000002001c9c                . = ALIGN (0x4)
                [!provide]                        PROVIDE (_alt_partition_SDRAM_end, ABSOLUTE (.))
                0x0000000002001c9c                _end = ABSOLUTE (.)
                0x0000000002001c9c                end = ABSOLUTE (.)
                0x0000000002001c9c                __alt_stack_base = ABSOLUTE (.)
                [!provide]                        PROVIDE (_alt_partition_SDRAM_load_addr, LOADADDR (.SDRAM))

.stab
 *(.stab)

.stabstr
 *(.stabstr)

.stab.excl
 *(.stab.excl)

.stab.exclstr
 *(.stab.exclstr)

.stab.index
 *(.stab.index)

.stab.indexstr
 *(.stab.indexstr)

.comment        0x0000000000000000       0x23
 *(.comment)
 .comment       0x0000000000000000       0x23 obj/default/hello_world_small.o
                                         0x24 (size before relaxing)
 .comment       0x0000000000000023       0x24 c:/intelfpga_lite/18.1/nios2eds/bin/gnu/h-x86_64-mingw32/bin/../lib/gcc/nios2-elf/5.3.0/../../../../../H-x86_64-mingw32/nios2-elf/lib\libsmallc.a(lib_a-printf.o)
 .comment       0x0000000000000023       0x24 c:/intelfpga_lite/18.1/nios2eds/bin/gnu/h-x86_64-mingw32/bin/../lib/gcc/nios2-elf/5.3.0/../../../../../H-x86_64-mingw32/nios2-elf/lib\libsmallc.a(lib_a-puts.o)
 .comment       0x0000000000000023       0x24 c:/intelfpga_lite/18.1/nios2eds/bin/gnu/h-x86_64-mingw32/bin/../lib/gcc/nios2-elf/5.3.0/../../../../../H-x86_64-mingw32/nios2-elf/lib\libsmallc.a(lib_a-strlen.o)
 .comment       0x0000000000000023       0x24 c:/intelfpga_lite/18.1/nios2eds/bin/gnu/h-x86_64-mingw32/bin/../lib/gcc/nios2-elf/5.3.0/../../../../../H-x86_64-mingw32/nios2-elf/lib\libsmallc.a(lib_a-vfprintf.o)
 .comment       0x0000000000000023       0x24 c:/intelfpga_lite/18.1/nios2eds/bin/gnu/h-x86_64-mingw32/bin/../lib/gcc/nios2-elf/5.3.0/../../../../../H-x86_64-mingw32/nios2-elf/lib\libsmallc.a(lib_a-fvwrite_small_dev.o)
 .comment       0x0000000000000023       0x24 c:/intelfpga_lite/18.1/nios2eds/bin/gnu/h-x86_64-mingw32/bin/../lib/gcc/nios2-elf/5.3.0/../../../../../H-x86_64-mingw32/nios2-elf/lib\libsmallc.a(lib_a-impure.o)
 .comment       0x0000000000000023       0x24 c:/intelfpga_lite/18.1/nios2eds/bin/gnu/h-x86_64-mingw32/bin/../lib/gcc/nios2-elf/5.3.0/../../../../../H-x86_64-mingw32/nios2-elf/lib\libsmallc.a(lib_a-writer.o)
 .comment       0x0000000000000023       0x24 c:/intelfpga_lite/18.1/nios2eds/bin/gnu/h-x86_64-mingw32/bin/../lib/gcc/nios2-elf/5.3.0/../../../../../H-x86_64-mingw32/nios2-elf/lib\libsmallc.a(lib_a-int_errno.o)
 .comment       0x0000000000000023       0x24 c:/intelfpga_lite/18.1/nios2eds/bin/gnu/h-x86_64-mingw32/bin/../lib/gcc/nios2-elf/5.3.0\libgcc.a(lib2-divmod.o)
 .comment       0x0000000000000023       0x24 ../spiaccelproc_bsp/\libhal_bsp.a(alt_dcache_flush_all.o)
 .comment       0x0000000000000023       0x24 ../spiaccelproc_bsp/\libhal_bsp.a(alt_iic.o)
 .comment       0x0000000000000023       0x24 ../spiaccelproc_bsp/\libhal_bsp.a(alt_iic_isr_register.o)
 .comment       0x0000000000000023       0x24 ../spiaccelproc_bsp/\libhal_bsp.a(alt_irq_handler.o)
 .comment       0x0000000000000023       0x24 ../spiaccelproc_bsp/\libhal_bsp.a(alt_irq_register.o)
 .comment       0x0000000000000023       0x24 ../spiaccelproc_bsp/\libhal_bsp.a(alt_irq_vars.o)
 .comment       0x0000000000000023       0x24 ../spiaccelproc_bsp/\libhal_bsp.a(alt_load.o)
 .comment       0x0000000000000023       0x24 ../spiaccelproc_bsp/\libhal_bsp.a(alt_main.o)
 .comment       0x0000000000000023       0x24 ../spiaccelproc_bsp/\libhal_bsp.a(alt_printf.o)
 .comment       0x0000000000000023       0x24 ../spiaccelproc_bsp/\libhal_bsp.a(alt_putchar.o)
 .comment       0x0000000000000023       0x24 ../spiaccelproc_bsp/\libhal_bsp.a(alt_putstr.o)
 .comment       0x0000000000000023       0x24 ../spiaccelproc_bsp/\libhal_bsp.a(alt_write.o)
 .comment       0x0000000000000023       0x24 ../spiaccelproc_bsp/\libhal_bsp.a(alt_sys_init.o)
 .comment       0x0000000000000023       0x24 ../spiaccelproc_bsp/\libhal_bsp.a(altera_avalon_jtag_uart_write.o)
 .comment       0x0000000000000023       0x24 ../spiaccelproc_bsp/\libhal_bsp.a(altera_avalon_mutex.o)
 .comment       0x0000000000000023       0x24 ../spiaccelproc_bsp/\libhal_bsp.a(altera_avalon_spi.o)
 .comment       0x0000000000000023       0x24 ../spiaccelproc_bsp/\libhal_bsp.a(alt_dev_llist_insert.o)
 .comment       0x0000000000000023       0x24 ../spiaccelproc_bsp/\libhal_bsp.a(alt_errno.o)
 .comment       0x0000000000000023       0x24 ../spiaccelproc_bsp/\libhal_bsp.a(alt_find_dev.o)
 .comment       0x0000000000000023       0x24 ../spiaccelproc_bsp/\libhal_bsp.a(alt_icache_flush_all.o)
 .comment       0x0000000000000023       0x24 ../spiaccelproc_bsp/\libhal_bsp.a(alt_instruction_exception_entry.o)
 .comment       0x0000000000000023       0x24 ../spiaccelproc_bsp/\libhal_bsp.a(altera_nios2_gen2_irq.o)
 .comment       0x0000000000000023       0x24 ../spiaccelproc_bsp/\libhal_bsp.a(alt_icache_flush.o)
 .comment       0x0000000000000023       0x24 c:/intelfpga_lite/18.1/nios2eds/bin/gnu/h-x86_64-mingw32/bin/../lib/gcc/nios2-elf/5.3.0/../../../../../H-x86_64-mingw32/nios2-elf/lib\libsmallc.a(lib_a-memcmp.o)

.debug
 *(.debug)

.line
 *(.line)

.debug_srcinfo
 *(.debug_srcinfo)

.debug_sfnames
 *(.debug_sfnames)

.debug_aranges  0x0000000000000000      0x4e0
 *(.debug_aranges)
 .debug_aranges
                0x0000000000000000       0x28 ../spiaccelproc_bsp//obj/HAL/src/crt0.o
 .debug_aranges
                0x0000000000000028       0x28 obj/default/hello_world_small.o
 .debug_aranges
                0x0000000000000050       0x28 c:/intelfpga_lite/18.1/nios2eds/bin/gnu/h-x86_64-mingw32/bin/../lib/gcc/nios2-elf/5.3.0/../../../../../H-x86_64-mingw32/nios2-elf/lib\libsmallc.a(lib_a-printf.o)
 .debug_aranges
                0x0000000000000078       0x28 c:/intelfpga_lite/18.1/nios2eds/bin/gnu/h-x86_64-mingw32/bin/../lib/gcc/nios2-elf/5.3.0/../../../../../H-x86_64-mingw32/nios2-elf/lib\libsmallc.a(lib_a-puts.o)
 .debug_aranges
                0x00000000000000a0       0x20 c:/intelfpga_lite/18.1/nios2eds/bin/gnu/h-x86_64-mingw32/bin/../lib/gcc/nios2-elf/5.3.0/../../../../../H-x86_64-mingw32/nios2-elf/lib\libsmallc.a(lib_a-strlen.o)
 .debug_aranges
                0x00000000000000c0       0x30 c:/intelfpga_lite/18.1/nios2eds/bin/gnu/h-x86_64-mingw32/bin/../lib/gcc/nios2-elf/5.3.0/../../../../../H-x86_64-mingw32/nios2-elf/lib\libsmallc.a(lib_a-vfprintf.o)
 .debug_aranges
                0x00000000000000f0       0x20 c:/intelfpga_lite/18.1/nios2eds/bin/gnu/h-x86_64-mingw32/bin/../lib/gcc/nios2-elf/5.3.0/../../../../../H-x86_64-mingw32/nios2-elf/lib\libsmallc.a(lib_a-fvwrite_small_dev.o)
 .debug_aranges
                0x0000000000000110       0x18 c:/intelfpga_lite/18.1/nios2eds/bin/gnu/h-x86_64-mingw32/bin/../lib/gcc/nios2-elf/5.3.0/../../../../../H-x86_64-mingw32/nios2-elf/lib\libsmallc.a(lib_a-impure.o)
 .debug_aranges
                0x0000000000000128       0x20 c:/intelfpga_lite/18.1/nios2eds/bin/gnu/h-x86_64-mingw32/bin/../lib/gcc/nios2-elf/5.3.0/../../../../../H-x86_64-mingw32/nios2-elf/lib\libsmallc.a(lib_a-writer.o)
 .debug_aranges
                0x0000000000000148       0x18 c:/intelfpga_lite/18.1/nios2eds/bin/gnu/h-x86_64-mingw32/bin/../lib/gcc/nios2-elf/5.3.0/../../../../../H-x86_64-mingw32/nios2-elf/lib\libsmallc.a(lib_a-int_errno.o)
 .debug_aranges
                0x0000000000000160       0x20 c:/intelfpga_lite/18.1/nios2eds/bin/gnu/h-x86_64-mingw32/bin/../lib/gcc/nios2-elf/5.3.0\libgcc.a(lib2-divmod.o)
 .debug_aranges
                0x0000000000000180       0x20 ../spiaccelproc_bsp/\libhal_bsp.a(alt_dcache_flush_all.o)
 .debug_aranges
                0x00000000000001a0       0x20 ../spiaccelproc_bsp/\libhal_bsp.a(alt_iic.o)
 .debug_aranges
                0x00000000000001c0       0x20 ../spiaccelproc_bsp/\libhal_bsp.a(alt_iic_isr_register.o)
 .debug_aranges
                0x00000000000001e0       0x30 ../spiaccelproc_bsp/\libhal_bsp.a(alt_irq_entry.o)
 .debug_aranges
                0x0000000000000210       0x20 ../spiaccelproc_bsp/\libhal_bsp.a(alt_irq_handler.o)
 .debug_aranges
                0x0000000000000230       0x20 ../spiaccelproc_bsp/\libhal_bsp.a(alt_irq_register.o)
 .debug_aranges
                0x0000000000000250       0x18 ../spiaccelproc_bsp/\libhal_bsp.a(alt_irq_vars.o)
 .debug_aranges
                0x0000000000000268       0x20 ../spiaccelproc_bsp/\libhal_bsp.a(alt_load.o)
 .debug_aranges
                0x0000000000000288       0x20 ../spiaccelproc_bsp/\libhal_bsp.a(alt_main.o)
 .debug_aranges
                0x00000000000002a8       0x20 ../spiaccelproc_bsp/\libhal_bsp.a(alt_printf.o)
 .debug_aranges
                0x00000000000002c8       0x20 ../spiaccelproc_bsp/\libhal_bsp.a(alt_putchar.o)
 .debug_aranges
                0x00000000000002e8       0x20 ../spiaccelproc_bsp/\libhal_bsp.a(alt_putstr.o)
 .debug_aranges
                0x0000000000000308       0x20 ../spiaccelproc_bsp/\libhal_bsp.a(alt_write.o)
 .debug_aranges
                0x0000000000000328       0x20 ../spiaccelproc_bsp/\libhal_bsp.a(alt_sys_init.o)
 .debug_aranges
                0x0000000000000348       0x20 ../spiaccelproc_bsp/\libhal_bsp.a(altera_avalon_jtag_uart_write.o)
 .debug_aranges
                0x0000000000000368       0x20 ../spiaccelproc_bsp/\libhal_bsp.a(altera_avalon_mutex.o)
 .debug_aranges
                0x0000000000000388       0x20 ../spiaccelproc_bsp/\libhal_bsp.a(altera_avalon_spi.o)
 .debug_aranges
                0x00000000000003a8       0x20 ../spiaccelproc_bsp/\libhal_bsp.a(alt_dev_llist_insert.o)
 .debug_aranges
                0x00000000000003c8       0x18 ../spiaccelproc_bsp/\libhal_bsp.a(alt_errno.o)
 .debug_aranges
                0x00000000000003e0       0x38 ../spiaccelproc_bsp/\libhal_bsp.a(alt_exception_entry.o)
 .debug_aranges
                0x0000000000000418       0x20 ../spiaccelproc_bsp/\libhal_bsp.a(alt_find_dev.o)
 .debug_aranges
                0x0000000000000438       0x20 ../spiaccelproc_bsp/\libhal_bsp.a(alt_icache_flush_all.o)
 .debug_aranges
                0x0000000000000458       0x28 ../spiaccelproc_bsp/\libhal_bsp.a(alt_instruction_exception_entry.o)
 .debug_aranges
                0x0000000000000480       0x20 ../spiaccelproc_bsp/\libhal_bsp.a(altera_nios2_gen2_irq.o)
 .debug_aranges
                0x00000000000004a0       0x20 ../spiaccelproc_bsp/\libhal_bsp.a(alt_icache_flush.o)
 .debug_aranges
                0x00000000000004c0       0x20 c:/intelfpga_lite/18.1/nios2eds/bin/gnu/h-x86_64-mingw32/bin/../lib/gcc/nios2-elf/5.3.0/../../../../../H-x86_64-mingw32/nios2-elf/lib\libsmallc.a(lib_a-memcmp.o)

.debug_pubnames
 *(.debug_pubnames)

.debug_info     0x0000000000000000     0x6318
 *(.debug_info .gnu.linkonce.wi.*)
 .debug_info    0x0000000000000000       0xbf ../spiaccelproc_bsp//obj/HAL/src/crt0.o
 .debug_info    0x00000000000000bf      0x983 obj/default/hello_world_small.o
 .debug_info    0x0000000000000a42      0x699 c:/intelfpga_lite/18.1/nios2eds/bin/gnu/h-x86_64-mingw32/bin/../lib/gcc/nios2-elf/5.3.0/../../../../../H-x86_64-mingw32/nios2-elf/lib\libsmallc.a(lib_a-printf.o)
 .debug_info    0x00000000000010db      0x66d c:/intelfpga_lite/18.1/nios2eds/bin/gnu/h-x86_64-mingw32/bin/../lib/gcc/nios2-elf/5.3.0/../../../../../H-x86_64-mingw32/nios2-elf/lib\libsmallc.a(lib_a-puts.o)
 .debug_info    0x0000000000001748       0xc9 c:/intelfpga_lite/18.1/nios2eds/bin/gnu/h-x86_64-mingw32/bin/../lib/gcc/nios2-elf/5.3.0/../../../../../H-x86_64-mingw32/nios2-elf/lib\libsmallc.a(lib_a-strlen.o)
 .debug_info    0x0000000000001811      0xb2b c:/intelfpga_lite/18.1/nios2eds/bin/gnu/h-x86_64-mingw32/bin/../lib/gcc/nios2-elf/5.3.0/../../../../../H-x86_64-mingw32/nios2-elf/lib\libsmallc.a(lib_a-vfprintf.o)
 .debug_info    0x000000000000233c      0x62b c:/intelfpga_lite/18.1/nios2eds/bin/gnu/h-x86_64-mingw32/bin/../lib/gcc/nios2-elf/5.3.0/../../../../../H-x86_64-mingw32/nios2-elf/lib\libsmallc.a(lib_a-fvwrite_small_dev.o)
 .debug_info    0x0000000000002967      0x5a9 c:/intelfpga_lite/18.1/nios2eds/bin/gnu/h-x86_64-mingw32/bin/../lib/gcc/nios2-elf/5.3.0/../../../../../H-x86_64-mingw32/nios2-elf/lib\libsmallc.a(lib_a-impure.o)
 .debug_info    0x0000000000002f10      0x630 c:/intelfpga_lite/18.1/nios2eds/bin/gnu/h-x86_64-mingw32/bin/../lib/gcc/nios2-elf/5.3.0/../../../../../H-x86_64-mingw32/nios2-elf/lib\libsmallc.a(lib_a-writer.o)
 .debug_info    0x0000000000003540       0x8a c:/intelfpga_lite/18.1/nios2eds/bin/gnu/h-x86_64-mingw32/bin/../lib/gcc/nios2-elf/5.3.0/../../../../../H-x86_64-mingw32/nios2-elf/lib\libsmallc.a(lib_a-int_errno.o)
 .debug_info    0x00000000000035ca      0x2c6 c:/intelfpga_lite/18.1/nios2eds/bin/gnu/h-x86_64-mingw32/bin/../lib/gcc/nios2-elf/5.3.0\libgcc.a(lib2-divmod.o)
 .debug_info    0x0000000000003890       0xa6 ../spiaccelproc_bsp/\libhal_bsp.a(alt_dcache_flush_all.o)
 .debug_info    0x0000000000003936      0x38a ../spiaccelproc_bsp/\libhal_bsp.a(alt_iic.o)
 .debug_info    0x0000000000003cc0      0x232 ../spiaccelproc_bsp/\libhal_bsp.a(alt_iic_isr_register.o)
 .debug_info    0x0000000000003ef2       0xc8 ../spiaccelproc_bsp/\libhal_bsp.a(alt_irq_entry.o)
 .debug_info    0x0000000000003fba      0x184 ../spiaccelproc_bsp/\libhal_bsp.a(alt_irq_handler.o)
 .debug_info    0x000000000000413e      0x308 ../spiaccelproc_bsp/\libhal_bsp.a(alt_irq_register.o)
 .debug_info    0x0000000000004446       0x88 ../spiaccelproc_bsp/\libhal_bsp.a(alt_irq_vars.o)
 .debug_info    0x00000000000044ce      0x1c9 ../spiaccelproc_bsp/\libhal_bsp.a(alt_load.o)
 .debug_info    0x0000000000004697      0x169 ../spiaccelproc_bsp/\libhal_bsp.a(alt_main.o)
 .debug_info    0x0000000000004800      0x14d ../spiaccelproc_bsp/\libhal_bsp.a(alt_printf.o)
 .debug_info    0x000000000000494d      0x12a ../spiaccelproc_bsp/\libhal_bsp.a(alt_putchar.o)
 .debug_info    0x0000000000004a77      0x13a ../spiaccelproc_bsp/\libhal_bsp.a(alt_putstr.o)
 .debug_info    0x0000000000004bb1      0x1c7 ../spiaccelproc_bsp/\libhal_bsp.a(alt_write.o)
 .debug_info    0x0000000000004d78      0x2d0 ../spiaccelproc_bsp/\libhal_bsp.a(alt_sys_init.o)
 .debug_info    0x0000000000005048      0x197 ../spiaccelproc_bsp/\libhal_bsp.a(altera_avalon_jtag_uart_write.o)
 .debug_info    0x00000000000051df      0x43d ../spiaccelproc_bsp/\libhal_bsp.a(altera_avalon_mutex.o)
 .debug_info    0x000000000000561c      0x194 ../spiaccelproc_bsp/\libhal_bsp.a(altera_avalon_spi.o)
 .debug_info    0x00000000000057b0      0x1b3 ../spiaccelproc_bsp/\libhal_bsp.a(alt_dev_llist_insert.o)
 .debug_info    0x0000000000005963       0xa6 ../spiaccelproc_bsp/\libhal_bsp.a(alt_errno.o)
 .debug_info    0x0000000000005a09       0xce ../spiaccelproc_bsp/\libhal_bsp.a(alt_exception_entry.o)
 .debug_info    0x0000000000005ad7      0x32d ../spiaccelproc_bsp/\libhal_bsp.a(alt_find_dev.o)
 .debug_info    0x0000000000005e04       0xb8 ../spiaccelproc_bsp/\libhal_bsp.a(alt_icache_flush_all.o)
 .debug_info    0x0000000000005ebc      0x1f8 ../spiaccelproc_bsp/\libhal_bsp.a(alt_instruction_exception_entry.o)
 .debug_info    0x00000000000060b4       0x92 ../spiaccelproc_bsp/\libhal_bsp.a(altera_nios2_gen2_irq.o)
 .debug_info    0x0000000000006146       0xde ../spiaccelproc_bsp/\libhal_bsp.a(alt_icache_flush.o)
 .debug_info    0x0000000000006224       0xf4 c:/intelfpga_lite/18.1/nios2eds/bin/gnu/h-x86_64-mingw32/bin/../lib/gcc/nios2-elf/5.3.0/../../../../../H-x86_64-mingw32/nios2-elf/lib\libsmallc.a(lib_a-memcmp.o)

.debug_abbrev   0x0000000000000000     0x25e0
 *(.debug_abbrev)
 .debug_abbrev  0x0000000000000000       0x12 ../spiaccelproc_bsp//obj/HAL/src/crt0.o
 .debug_abbrev  0x0000000000000012      0x24a obj/default/hello_world_small.o
 .debug_abbrev  0x000000000000025c      0x1ee c:/intelfpga_lite/18.1/nios2eds/bin/gnu/h-x86_64-mingw32/bin/../lib/gcc/nios2-elf/5.3.0/../../../../../H-x86_64-mingw32/nios2-elf/lib\libsmallc.a(lib_a-printf.o)
 .debug_abbrev  0x000000000000044a      0x1d6 c:/intelfpga_lite/18.1/nios2eds/bin/gnu/h-x86_64-mingw32/bin/../lib/gcc/nios2-elf/5.3.0/../../../../../H-x86_64-mingw32/nios2-elf/lib\libsmallc.a(lib_a-puts.o)
 .debug_abbrev  0x0000000000000620       0x7f c:/intelfpga_lite/18.1/nios2eds/bin/gnu/h-x86_64-mingw32/bin/../lib/gcc/nios2-elf/5.3.0/../../../../../H-x86_64-mingw32/nios2-elf/lib\libsmallc.a(lib_a-strlen.o)
 .debug_abbrev  0x000000000000069f      0x2a1 c:/intelfpga_lite/18.1/nios2eds/bin/gnu/h-x86_64-mingw32/bin/../lib/gcc/nios2-elf/5.3.0/../../../../../H-x86_64-mingw32/nios2-elf/lib\libsmallc.a(lib_a-vfprintf.o)
 .debug_abbrev  0x0000000000000940      0x1bc c:/intelfpga_lite/18.1/nios2eds/bin/gnu/h-x86_64-mingw32/bin/../lib/gcc/nios2-elf/5.3.0/../../../../../H-x86_64-mingw32/nios2-elf/lib\libsmallc.a(lib_a-fvwrite_small_dev.o)
 .debug_abbrev  0x0000000000000afc      0x14a c:/intelfpga_lite/18.1/nios2eds/bin/gnu/h-x86_64-mingw32/bin/../lib/gcc/nios2-elf/5.3.0/../../../../../H-x86_64-mingw32/nios2-elf/lib\libsmallc.a(lib_a-impure.o)
 .debug_abbrev  0x0000000000000c46      0x1a6 c:/intelfpga_lite/18.1/nios2eds/bin/gnu/h-x86_64-mingw32/bin/../lib/gcc/nios2-elf/5.3.0/../../../../../H-x86_64-mingw32/nios2-elf/lib\libsmallc.a(lib_a-writer.o)
 .debug_abbrev  0x0000000000000dec       0x37 c:/intelfpga_lite/18.1/nios2eds/bin/gnu/h-x86_64-mingw32/bin/../lib/gcc/nios2-elf/5.3.0/../../../../../H-x86_64-mingw32/nios2-elf/lib\libsmallc.a(lib_a-int_errno.o)
 .debug_abbrev  0x0000000000000e23      0x10e c:/intelfpga_lite/18.1/nios2eds/bin/gnu/h-x86_64-mingw32/bin/../lib/gcc/nios2-elf/5.3.0\libgcc.a(lib2-divmod.o)
 .debug_abbrev  0x0000000000000f31       0x5a ../spiaccelproc_bsp/\libhal_bsp.a(alt_dcache_flush_all.o)
 .debug_abbrev  0x0000000000000f8b      0x1a0 ../spiaccelproc_bsp/\libhal_bsp.a(alt_iic.o)
 .debug_abbrev  0x000000000000112b      0x19c ../spiaccelproc_bsp/\libhal_bsp.a(alt_iic_isr_register.o)
 .debug_abbrev  0x00000000000012c7       0x12 ../spiaccelproc_bsp/\libhal_bsp.a(alt_irq_entry.o)
 .debug_abbrev  0x00000000000012d9      0x120 ../spiaccelproc_bsp/\libhal_bsp.a(alt_irq_handler.o)
 .debug_abbrev  0x00000000000013f9      0x1a5 ../spiaccelproc_bsp/\libhal_bsp.a(alt_irq_register.o)
 .debug_abbrev  0x000000000000159e       0x40 ../spiaccelproc_bsp/\libhal_bsp.a(alt_irq_vars.o)
 .debug_abbrev  0x00000000000015de       0xd8 ../spiaccelproc_bsp/\libhal_bsp.a(alt_load.o)
 .debug_abbrev  0x00000000000016b6       0xee ../spiaccelproc_bsp/\libhal_bsp.a(alt_main.o)
 .debug_abbrev  0x00000000000017a4       0xd5 ../spiaccelproc_bsp/\libhal_bsp.a(alt_printf.o)
 .debug_abbrev  0x0000000000001879       0xd2 ../spiaccelproc_bsp/\libhal_bsp.a(alt_putchar.o)
 .debug_abbrev  0x000000000000194b       0xd3 ../spiaccelproc_bsp/\libhal_bsp.a(alt_putstr.o)
 .debug_abbrev  0x0000000000001a1e      0x12e ../spiaccelproc_bsp/\libhal_bsp.a(alt_write.o)
 .debug_abbrev  0x0000000000001b4c      0x1a9 ../spiaccelproc_bsp/\libhal_bsp.a(alt_sys_init.o)
 .debug_abbrev  0x0000000000001cf5       0xd5 ../spiaccelproc_bsp/\libhal_bsp.a(altera_avalon_jtag_uart_write.o)
 .debug_abbrev  0x0000000000001dca      0x21e ../spiaccelproc_bsp/\libhal_bsp.a(altera_avalon_mutex.o)
 .debug_abbrev  0x0000000000001fe8       0xa8 ../spiaccelproc_bsp/\libhal_bsp.a(altera_avalon_spi.o)
 .debug_abbrev  0x0000000000002090      0x11c ../spiaccelproc_bsp/\libhal_bsp.a(alt_dev_llist_insert.o)
 .debug_abbrev  0x00000000000021ac       0x5a ../spiaccelproc_bsp/\libhal_bsp.a(alt_errno.o)
 .debug_abbrev  0x0000000000002206       0x12 ../spiaccelproc_bsp/\libhal_bsp.a(alt_exception_entry.o)
 .debug_abbrev  0x0000000000002218      0x125 ../spiaccelproc_bsp/\libhal_bsp.a(alt_find_dev.o)
 .debug_abbrev  0x000000000000233d       0x6f ../spiaccelproc_bsp/\libhal_bsp.a(alt_icache_flush_all.o)
 .debug_abbrev  0x00000000000023ac       0xd8 ../spiaccelproc_bsp/\libhal_bsp.a(alt_instruction_exception_entry.o)
 .debug_abbrev  0x0000000000002484       0x42 ../spiaccelproc_bsp/\libhal_bsp.a(altera_nios2_gen2_irq.o)
 .debug_abbrev  0x00000000000024c6       0x9b ../spiaccelproc_bsp/\libhal_bsp.a(alt_icache_flush.o)
 .debug_abbrev  0x0000000000002561       0x7f c:/intelfpga_lite/18.1/nios2eds/bin/gnu/h-x86_64-mingw32/bin/../lib/gcc/nios2-elf/5.3.0/../../../../../H-x86_64-mingw32/nios2-elf/lib\libsmallc.a(lib_a-memcmp.o)

.debug_line     0x0000000000000000     0x25d5
 *(.debug_line)
 .debug_line    0x0000000000000000       0x72 ../spiaccelproc_bsp//obj/HAL/src/crt0.o
 .debug_line    0x0000000000000072      0x24d obj/default/hello_world_small.o
 .debug_line    0x00000000000002bf      0x200 c:/intelfpga_lite/18.1/nios2eds/bin/gnu/h-x86_64-mingw32/bin/../lib/gcc/nios2-elf/5.3.0/../../../../../H-x86_64-mingw32/nios2-elf/lib\libsmallc.a(lib_a-printf.o)
 .debug_line    0x00000000000004bf      0x203 c:/intelfpga_lite/18.1/nios2eds/bin/gnu/h-x86_64-mingw32/bin/../lib/gcc/nios2-elf/5.3.0/../../../../../H-x86_64-mingw32/nios2-elf/lib\libsmallc.a(lib_a-puts.o)
 .debug_line    0x00000000000006c2      0x159 c:/intelfpga_lite/18.1/nios2eds/bin/gnu/h-x86_64-mingw32/bin/../lib/gcc/nios2-elf/5.3.0/../../../../../H-x86_64-mingw32/nios2-elf/lib\libsmallc.a(lib_a-strlen.o)
 .debug_line    0x000000000000081b      0x34f c:/intelfpga_lite/18.1/nios2eds/bin/gnu/h-x86_64-mingw32/bin/../lib/gcc/nios2-elf/5.3.0/../../../../../H-x86_64-mingw32/nios2-elf/lib\libsmallc.a(lib_a-vfprintf.o)
 .debug_line    0x0000000000000b6a      0x1ed c:/intelfpga_lite/18.1/nios2eds/bin/gnu/h-x86_64-mingw32/bin/../lib/gcc/nios2-elf/5.3.0/../../../../../H-x86_64-mingw32/nios2-elf/lib\libsmallc.a(lib_a-fvwrite_small_dev.o)
 .debug_line    0x0000000000000d57      0x153 c:/intelfpga_lite/18.1/nios2eds/bin/gnu/h-x86_64-mingw32/bin/../lib/gcc/nios2-elf/5.3.0/../../../../../H-x86_64-mingw32/nios2-elf/lib\libsmallc.a(lib_a-impure.o)
 .debug_line    0x0000000000000eaa      0x1ea c:/intelfpga_lite/18.1/nios2eds/bin/gnu/h-x86_64-mingw32/bin/../lib/gcc/nios2-elf/5.3.0/../../../../../H-x86_64-mingw32/nios2-elf/lib\libsmallc.a(lib_a-writer.o)
 .debug_line    0x0000000000001094       0x5c c:/intelfpga_lite/18.1/nios2eds/bin/gnu/h-x86_64-mingw32/bin/../lib/gcc/nios2-elf/5.3.0/../../../../../H-x86_64-mingw32/nios2-elf/lib\libsmallc.a(lib_a-int_errno.o)
 .debug_line    0x00000000000010f0      0x102 c:/intelfpga_lite/18.1/nios2eds/bin/gnu/h-x86_64-mingw32/bin/../lib/gcc/nios2-elf/5.3.0\libgcc.a(lib2-divmod.o)
 .debug_line    0x00000000000011f2       0x5a ../spiaccelproc_bsp/\libhal_bsp.a(alt_dcache_flush_all.o)
 .debug_line    0x000000000000124c       0xf1 ../spiaccelproc_bsp/\libhal_bsp.a(alt_iic.o)
 .debug_line    0x000000000000133d       0xd6 ../spiaccelproc_bsp/\libhal_bsp.a(alt_iic_isr_register.o)
 .debug_line    0x0000000000001413       0x6b ../spiaccelproc_bsp/\libhal_bsp.a(alt_irq_entry.o)
 .debug_line    0x000000000000147e       0xa5 ../spiaccelproc_bsp/\libhal_bsp.a(alt_irq_handler.o)
 .debug_line    0x0000000000001523       0xed ../spiaccelproc_bsp/\libhal_bsp.a(alt_irq_register.o)
 .debug_line    0x0000000000001610       0x50 ../spiaccelproc_bsp/\libhal_bsp.a(alt_irq_vars.o)
 .debug_line    0x0000000000001660       0xa4 ../spiaccelproc_bsp/\libhal_bsp.a(alt_load.o)
 .debug_line    0x0000000000001704       0xbd ../spiaccelproc_bsp/\libhal_bsp.a(alt_main.o)
 .debug_line    0x00000000000017c1      0x112 ../spiaccelproc_bsp/\libhal_bsp.a(alt_printf.o)
 .debug_line    0x00000000000018d3       0x55 ../spiaccelproc_bsp/\libhal_bsp.a(alt_putchar.o)
 .debug_line    0x0000000000001928       0xa0 ../spiaccelproc_bsp/\libhal_bsp.a(alt_putstr.o)
 .debug_line    0x00000000000019c8      0x16a ../spiaccelproc_bsp/\libhal_bsp.a(alt_write.o)
 .debug_line    0x0000000000001b32      0x15d ../spiaccelproc_bsp/\libhal_bsp.a(alt_sys_init.o)
 .debug_line    0x0000000000001c8f       0xf0 ../spiaccelproc_bsp/\libhal_bsp.a(altera_avalon_jtag_uart_write.o)
 .debug_line    0x0000000000001d7f      0x150 ../spiaccelproc_bsp/\libhal_bsp.a(altera_avalon_mutex.o)
 .debug_line    0x0000000000001ecf       0xc5 ../spiaccelproc_bsp/\libhal_bsp.a(altera_avalon_spi.o)
 .debug_line    0x0000000000001f94       0xd8 ../spiaccelproc_bsp/\libhal_bsp.a(alt_dev_llist_insert.o)
 .debug_line    0x000000000000206c       0x51 ../spiaccelproc_bsp/\libhal_bsp.a(alt_errno.o)
 .debug_line    0x00000000000020bd       0xb3 ../spiaccelproc_bsp/\libhal_bsp.a(alt_exception_entry.o)
 .debug_line    0x0000000000002170      0x107 ../spiaccelproc_bsp/\libhal_bsp.a(alt_find_dev.o)
 .debug_line    0x0000000000002277       0x6e ../spiaccelproc_bsp/\libhal_bsp.a(alt_icache_flush_all.o)
 .debug_line    0x00000000000022e5       0xc6 ../spiaccelproc_bsp/\libhal_bsp.a(alt_instruction_exception_entry.o)
 .debug_line    0x00000000000023ab       0x50 ../spiaccelproc_bsp/\libhal_bsp.a(altera_nios2_gen2_irq.o)
 .debug_line    0x00000000000023fb       0x7d ../spiaccelproc_bsp/\libhal_bsp.a(alt_icache_flush.o)
 .debug_line    0x0000000000002478      0x15d c:/intelfpga_lite/18.1/nios2eds/bin/gnu/h-x86_64-mingw32/bin/../lib/gcc/nios2-elf/5.3.0/../../../../../H-x86_64-mingw32/nios2-elf/lib\libsmallc.a(lib_a-memcmp.o)

.debug_frame    0x0000000000000000      0x76c
 *(.debug_frame)
 .debug_frame   0x0000000000000000       0xfc obj/default/hello_world_small.o
 .debug_frame   0x00000000000000fc       0x48 c:/intelfpga_lite/18.1/nios2eds/bin/gnu/h-x86_64-mingw32/bin/../lib/gcc/nios2-elf/5.3.0/../../../../../H-x86_64-mingw32/nios2-elf/lib\libsmallc.a(lib_a-printf.o)
 .debug_frame   0x0000000000000144       0x48 c:/intelfpga_lite/18.1/nios2eds/bin/gnu/h-x86_64-mingw32/bin/../lib/gcc/nios2-elf/5.3.0/../../../../../H-x86_64-mingw32/nios2-elf/lib\libsmallc.a(lib_a-puts.o)
 .debug_frame   0x000000000000018c       0x20 c:/intelfpga_lite/18.1/nios2eds/bin/gnu/h-x86_64-mingw32/bin/../lib/gcc/nios2-elf/5.3.0/../../../../../H-x86_64-mingw32/nios2-elf/lib\libsmallc.a(lib_a-strlen.o)
 .debug_frame   0x00000000000001ac       0x8c c:/intelfpga_lite/18.1/nios2eds/bin/gnu/h-x86_64-mingw32/bin/../lib/gcc/nios2-elf/5.3.0/../../../../../H-x86_64-mingw32/nios2-elf/lib\libsmallc.a(lib_a-vfprintf.o)
 .debug_frame   0x0000000000000238       0x58 c:/intelfpga_lite/18.1/nios2eds/bin/gnu/h-x86_64-mingw32/bin/../lib/gcc/nios2-elf/5.3.0/../../../../../H-x86_64-mingw32/nios2-elf/lib\libsmallc.a(lib_a-fvwrite_small_dev.o)
 .debug_frame   0x0000000000000290       0x38 c:/intelfpga_lite/18.1/nios2eds/bin/gnu/h-x86_64-mingw32/bin/../lib/gcc/nios2-elf/5.3.0/../../../../../H-x86_64-mingw32/nios2-elf/lib\libsmallc.a(lib_a-writer.o)
 .debug_frame   0x00000000000002c8       0x50 c:/intelfpga_lite/18.1/nios2eds/bin/gnu/h-x86_64-mingw32/bin/../lib/gcc/nios2-elf/5.3.0\libgcc.a(lib2-divmod.o)
 .debug_frame   0x0000000000000318       0x20 ../spiaccelproc_bsp/\libhal_bsp.a(alt_dcache_flush_all.o)
 .debug_frame   0x0000000000000338       0x50 ../spiaccelproc_bsp/\libhal_bsp.a(alt_iic.o)
 .debug_frame   0x0000000000000388       0x30 ../spiaccelproc_bsp/\libhal_bsp.a(alt_iic_isr_register.o)
 .debug_frame   0x00000000000003b8       0x34 ../spiaccelproc_bsp/\libhal_bsp.a(alt_irq_handler.o)
 .debug_frame   0x00000000000003ec       0x20 ../spiaccelproc_bsp/\libhal_bsp.a(alt_irq_register.o)
 .debug_frame   0x000000000000040c       0x30 ../spiaccelproc_bsp/\libhal_bsp.a(alt_load.o)
 .debug_frame   0x000000000000043c       0x2c ../spiaccelproc_bsp/\libhal_bsp.a(alt_main.o)
 .debug_frame   0x0000000000000468       0x54 ../spiaccelproc_bsp/\libhal_bsp.a(alt_printf.o)
 .debug_frame   0x00000000000004bc       0x30 ../spiaccelproc_bsp/\libhal_bsp.a(alt_putchar.o)
 .debug_frame   0x00000000000004ec       0x30 ../spiaccelproc_bsp/\libhal_bsp.a(alt_putstr.o)
 .debug_frame   0x000000000000051c       0x2c ../spiaccelproc_bsp/\libhal_bsp.a(alt_write.o)
 .debug_frame   0x0000000000000548       0x3c ../spiaccelproc_bsp/\libhal_bsp.a(alt_sys_init.o)
 .debug_frame   0x0000000000000584       0x20 ../spiaccelproc_bsp/\libhal_bsp.a(altera_avalon_jtag_uart_write.o)
 .debug_frame   0x00000000000005a4       0x90 ../spiaccelproc_bsp/\libhal_bsp.a(altera_avalon_mutex.o)
 .debug_frame   0x0000000000000634       0x20 ../spiaccelproc_bsp/\libhal_bsp.a(altera_avalon_spi.o)
 .debug_frame   0x0000000000000654       0x2c ../spiaccelproc_bsp/\libhal_bsp.a(alt_dev_llist_insert.o)
 .debug_frame   0x0000000000000680       0x3c ../spiaccelproc_bsp/\libhal_bsp.a(alt_find_dev.o)
 .debug_frame   0x00000000000006bc       0x20 ../spiaccelproc_bsp/\libhal_bsp.a(alt_icache_flush_all.o)
 .debug_frame   0x00000000000006dc       0x30 ../spiaccelproc_bsp/\libhal_bsp.a(alt_instruction_exception_entry.o)
 .debug_frame   0x000000000000070c       0x20 ../spiaccelproc_bsp/\libhal_bsp.a(altera_nios2_gen2_irq.o)
 .debug_frame   0x000000000000072c       0x20 ../spiaccelproc_bsp/\libhal_bsp.a(alt_icache_flush.o)
 .debug_frame   0x000000000000074c       0x20 c:/intelfpga_lite/18.1/nios2eds/bin/gnu/h-x86_64-mingw32/bin/../lib/gcc/nios2-elf/5.3.0/../../../../../H-x86_64-mingw32/nios2-elf/lib\libsmallc.a(lib_a-memcmp.o)

.debug_str      0x0000000000000000     0x1ac4
 *(.debug_str)
 .debug_str     0x0000000000000000      0x3fc obj/default/hello_world_small.o
                                        0x467 (size before relaxing)
 .debug_str     0x00000000000003fc      0x408 c:/intelfpga_lite/18.1/nios2eds/bin/gnu/h-x86_64-mingw32/bin/../lib/gcc/nios2-elf/5.3.0/../../../../../H-x86_64-mingw32/nios2-elf/lib\libsmallc.a(lib_a-printf.o)
                                        0x4ea (size before relaxing)
 .debug_str     0x0000000000000804       0x5b c:/intelfpga_lite/18.1/nios2eds/bin/gnu/h-x86_64-mingw32/bin/../lib/gcc/nios2-elf/5.3.0/../../../../../H-x86_64-mingw32/nios2-elf/lib\libsmallc.a(lib_a-puts.o)
                                        0x4b3 (size before relaxing)
 .debug_str     0x000000000000085f       0xc4 c:/intelfpga_lite/18.1/nios2eds/bin/gnu/h-x86_64-mingw32/bin/../lib/gcc/nios2-elf/5.3.0/../../../../../H-x86_64-mingw32/nios2-elf/lib\libsmallc.a(lib_a-strlen.o)
                                        0x1cb (size before relaxing)
 .debug_str     0x0000000000000923      0x1e9 c:/intelfpga_lite/18.1/nios2eds/bin/gnu/h-x86_64-mingw32/bin/../lib/gcc/nios2-elf/5.3.0/../../../../../H-x86_64-mingw32/nios2-elf/lib\libsmallc.a(lib_a-vfprintf.o)
                                        0x665 (size before relaxing)
 .debug_str     0x0000000000000b0c       0x60 c:/intelfpga_lite/18.1/nios2eds/bin/gnu/h-x86_64-mingw32/bin/../lib/gcc/nios2-elf/5.3.0/../../../../../H-x86_64-mingw32/nios2-elf/lib\libsmallc.a(lib_a-fvwrite_small_dev.o)
                                        0x4ba (size before relaxing)
 .debug_str     0x0000000000000b6c       0xe1 c:/intelfpga_lite/18.1/nios2eds/bin/gnu/h-x86_64-mingw32/bin/../lib/gcc/nios2-elf/5.3.0/../../../../../H-x86_64-mingw32/nios2-elf/lib\libsmallc.a(lib_a-impure.o)
                                        0x4a4 (size before relaxing)
 .debug_str     0x0000000000000c4d       0x42 c:/intelfpga_lite/18.1/nios2eds/bin/gnu/h-x86_64-mingw32/bin/../lib/gcc/nios2-elf/5.3.0/../../../../../H-x86_64-mingw32/nios2-elf/lib\libsmallc.a(lib_a-writer.o)
                                        0x49e (size before relaxing)
 .debug_str     0x0000000000000c8f       0x3c c:/intelfpga_lite/18.1/nios2eds/bin/gnu/h-x86_64-mingw32/bin/../lib/gcc/nios2-elf/5.3.0/../../../../../H-x86_64-mingw32/nios2-elf/lib\libsmallc.a(lib_a-int_errno.o)
                                        0x1be (size before relaxing)
 .debug_str     0x0000000000000ccb      0x16d c:/intelfpga_lite/18.1/nios2eds/bin/gnu/h-x86_64-mingw32/bin/../lib/gcc/nios2-elf/5.3.0\libgcc.a(lib2-divmod.o)
                                        0x1b8 (size before relaxing)
 .debug_str     0x0000000000000e38       0xaa ../spiaccelproc_bsp/\libhal_bsp.a(alt_dcache_flush_all.o)
                                        0x1a3 (size before relaxing)
 .debug_str     0x0000000000000ee2       0xfd ../spiaccelproc_bsp/\libhal_bsp.a(alt_iic.o)
                                        0x2a1 (size before relaxing)
 .debug_str     0x0000000000000fdf       0x37 ../spiaccelproc_bsp/\libhal_bsp.a(alt_iic_isr_register.o)
                                        0x25b (size before relaxing)
 .debug_str     0x0000000000001016       0x3a ../spiaccelproc_bsp/\libhal_bsp.a(alt_irq_handler.o)
                                        0x1e5 (size before relaxing)
 .debug_str     0x0000000000001050       0x1b ../spiaccelproc_bsp/\libhal_bsp.a(alt_irq_register.o)
                                        0x256 (size before relaxing)
 .debug_str     0x000000000000106b       0x17 ../spiaccelproc_bsp/\libhal_bsp.a(alt_irq_vars.o)
                                        0x188 (size before relaxing)
 .debug_str     0x0000000000001082       0xfe ../spiaccelproc_bsp/\libhal_bsp.a(alt_load.o)
                                        0x28a (size before relaxing)
 .debug_str     0x0000000000001180       0x5e ../spiaccelproc_bsp/\libhal_bsp.a(alt_main.o)
                                        0x203 (size before relaxing)
 .debug_str     0x00000000000011de       0x2d ../spiaccelproc_bsp/\libhal_bsp.a(alt_printf.o)
                                        0x154 (size before relaxing)
 .debug_str     0x000000000000120b       0x60 ../spiaccelproc_bsp/\libhal_bsp.a(alt_putchar.o)
                                        0x1db (size before relaxing)
 .debug_str     0x000000000000126b       0x15 ../spiaccelproc_bsp/\libhal_bsp.a(alt_putstr.o)
                                        0x1e0 (size before relaxing)
 .debug_str     0x0000000000001280       0x22 ../spiaccelproc_bsp/\libhal_bsp.a(alt_write.o)
                                        0x22e (size before relaxing)
 .debug_str     0x00000000000012a2       0xca ../spiaccelproc_bsp/\libhal_bsp.a(alt_sys_init.o)
                                        0x30d (size before relaxing)
 .debug_str     0x000000000000136c       0x2c ../spiaccelproc_bsp/\libhal_bsp.a(altera_avalon_jtag_uart_write.o)
                                        0x263 (size before relaxing)
 .debug_str     0x0000000000001398       0xbe ../spiaccelproc_bsp/\libhal_bsp.a(altera_avalon_mutex.o)
                                        0x32c (size before relaxing)
 .debug_str     0x0000000000001456       0x95 ../spiaccelproc_bsp/\libhal_bsp.a(altera_avalon_spi.o)
                                        0x22e (size before relaxing)
 .debug_str     0x00000000000014eb       0x30 ../spiaccelproc_bsp/\libhal_bsp.a(alt_dev_llist_insert.o)
                                        0x21a (size before relaxing)
 .debug_str     0x000000000000151b       0x14 ../spiaccelproc_bsp/\libhal_bsp.a(alt_errno.o)
                                        0x193 (size before relaxing)
 .debug_str     0x000000000000152f       0x65 ../spiaccelproc_bsp/\libhal_bsp.a(alt_find_dev.o)
                                        0x248 (size before relaxing)
 .debug_str     0x0000000000001594       0x30 ../spiaccelproc_bsp/\libhal_bsp.a(alt_icache_flush_all.o)
                                        0x1b4 (size before relaxing)
 .debug_str     0x00000000000015c4      0x48b ../spiaccelproc_bsp/\libhal_bsp.a(alt_instruction_exception_entry.o)
                                        0x5ee (size before relaxing)
 .debug_str     0x0000000000001a4f       0x20 ../spiaccelproc_bsp/\libhal_bsp.a(altera_nios2_gen2_irq.o)
                                        0x1aa (size before relaxing)
 .debug_str     0x0000000000001a6f       0x1b ../spiaccelproc_bsp/\libhal_bsp.a(alt_icache_flush.o)
                                        0x1a9 (size before relaxing)
 .debug_str     0x0000000000001a8a       0x3a c:/intelfpga_lite/18.1/nios2eds/bin/gnu/h-x86_64-mingw32/bin/../lib/gcc/nios2-elf/5.3.0/../../../../../H-x86_64-mingw32/nios2-elf/lib\libsmallc.a(lib_a-memcmp.o)
                                        0x1c5 (size before relaxing)

.debug_loc      0x0000000000000000     0x2209
 *(.debug_loc)
 .debug_loc     0x0000000000000000      0x2f6 obj/default/hello_world_small.o
 .debug_loc     0x00000000000002f6       0xc6 c:/intelfpga_lite/18.1/nios2eds/bin/gnu/h-x86_64-mingw32/bin/../lib/gcc/nios2-elf/5.3.0/../../../../../H-x86_64-mingw32/nios2-elf/lib\libsmallc.a(lib_a-printf.o)
 .debug_loc     0x00000000000003bc       0x97 c:/intelfpga_lite/18.1/nios2eds/bin/gnu/h-x86_64-mingw32/bin/../lib/gcc/nios2-elf/5.3.0/../../../../../H-x86_64-mingw32/nios2-elf/lib\libsmallc.a(lib_a-puts.o)
 .debug_loc     0x0000000000000453       0x1e c:/intelfpga_lite/18.1/nios2eds/bin/gnu/h-x86_64-mingw32/bin/../lib/gcc/nios2-elf/5.3.0/../../../../../H-x86_64-mingw32/nios2-elf/lib\libsmallc.a(lib_a-strlen.o)
 .debug_loc     0x0000000000000471      0x901 c:/intelfpga_lite/18.1/nios2eds/bin/gnu/h-x86_64-mingw32/bin/../lib/gcc/nios2-elf/5.3.0/../../../../../H-x86_64-mingw32/nios2-elf/lib\libsmallc.a(lib_a-vfprintf.o)
 .debug_loc     0x0000000000000d72      0x110 c:/intelfpga_lite/18.1/nios2eds/bin/gnu/h-x86_64-mingw32/bin/../lib/gcc/nios2-elf/5.3.0/../../../../../H-x86_64-mingw32/nios2-elf/lib\libsmallc.a(lib_a-fvwrite_small_dev.o)
 .debug_loc     0x0000000000000e82       0xa5 c:/intelfpga_lite/18.1/nios2eds/bin/gnu/h-x86_64-mingw32/bin/../lib/gcc/nios2-elf/5.3.0/../../../../../H-x86_64-mingw32/nios2-elf/lib\libsmallc.a(lib_a-writer.o)
 .debug_loc     0x0000000000000f27      0x4ce c:/intelfpga_lite/18.1/nios2eds/bin/gnu/h-x86_64-mingw32/bin/../lib/gcc/nios2-elf/5.3.0\libgcc.a(lib2-divmod.o)
 .debug_loc     0x00000000000013f5       0x1f ../spiaccelproc_bsp/\libhal_bsp.a(alt_dcache_flush_all.o)
 .debug_loc     0x0000000000001414      0x170 ../spiaccelproc_bsp/\libhal_bsp.a(alt_iic.o)
 .debug_loc     0x0000000000001584      0x193 ../spiaccelproc_bsp/\libhal_bsp.a(alt_iic_isr_register.o)
 .debug_loc     0x0000000000001717       0x72 ../spiaccelproc_bsp/\libhal_bsp.a(alt_irq_handler.o)
 .debug_loc     0x0000000000001789       0xfa ../spiaccelproc_bsp/\libhal_bsp.a(alt_irq_register.o)
 .debug_loc     0x0000000000001883      0x1de ../spiaccelproc_bsp/\libhal_bsp.a(alt_printf.o)
 .debug_loc     0x0000000000001a61       0x2c ../spiaccelproc_bsp/\libhal_bsp.a(alt_putchar.o)
 .debug_loc     0x0000000000001a8d       0x37 ../spiaccelproc_bsp/\libhal_bsp.a(alt_putstr.o)
 .debug_loc     0x0000000000001ac4       0xcf ../spiaccelproc_bsp/\libhal_bsp.a(alt_write.o)
 .debug_loc     0x0000000000001b93       0x21 ../spiaccelproc_bsp/\libhal_bsp.a(alt_sys_init.o)
 .debug_loc     0x0000000000001bb4       0x8b ../spiaccelproc_bsp/\libhal_bsp.a(altera_avalon_jtag_uart_write.o)
 .debug_loc     0x0000000000001c3f      0x1b1 ../spiaccelproc_bsp/\libhal_bsp.a(altera_avalon_mutex.o)
 .debug_loc     0x0000000000001df0      0x188 ../spiaccelproc_bsp/\libhal_bsp.a(altera_avalon_spi.o)
 .debug_loc     0x0000000000001f78       0x7e ../spiaccelproc_bsp/\libhal_bsp.a(alt_dev_llist_insert.o)
 .debug_loc     0x0000000000001ff6       0x7e ../spiaccelproc_bsp/\libhal_bsp.a(alt_find_dev.o)
 .debug_loc     0x0000000000002074       0xaf ../spiaccelproc_bsp/\libhal_bsp.a(alt_instruction_exception_entry.o)
 .debug_loc     0x0000000000002123       0x52 ../spiaccelproc_bsp/\libhal_bsp.a(alt_icache_flush.o)
 .debug_loc     0x0000000000002175       0x94 c:/intelfpga_lite/18.1/nios2eds/bin/gnu/h-x86_64-mingw32/bin/../lib/gcc/nios2-elf/5.3.0/../../../../../H-x86_64-mingw32/nios2-elf/lib\libsmallc.a(lib_a-memcmp.o)

.debug_macinfo
 *(.debug_macinfo)

.debug_weaknames
 *(.debug_weaknames)

.debug_funcnames
 *(.debug_funcnames)

.debug_typenames
 *(.debug_typenames)

.debug_varnames
 *(.debug_varnames)

.debug_alt_sim_info
                0x0000000000000000       0x30
 *(.debug_alt_sim_info)
 .debug_alt_sim_info
                0x0000000000000000       0x30 ../spiaccelproc_bsp//obj/HAL/src/crt0.o
                0x0000000004000000                __alt_data_end = 0x4000000
                0x0000000004000000                PROVIDE (__alt_stack_pointer, __alt_data_end)
                [!provide]                        PROVIDE (__alt_stack_limit, __alt_stack_base)
                [!provide]                        PROVIDE (__alt_heap_start, end)
                [!provide]                        PROVIDE (__alt_heap_limit, 0x4000000)
OUTPUT(spiaccelproc.elf elf32-littlenios2)

.debug_ranges   0x0000000000000000      0x398
 .debug_ranges  0x0000000000000000       0x20 ../spiaccelproc_bsp//obj/HAL/src/crt0.o
 .debug_ranges  0x0000000000000020       0x80 obj/default/hello_world_small.o
 .debug_ranges  0x00000000000000a0       0x18 c:/intelfpga_lite/18.1/nios2eds/bin/gnu/h-x86_64-mingw32/bin/../lib/gcc/nios2-elf/5.3.0/../../../../../H-x86_64-mingw32/nios2-elf/lib\libsmallc.a(lib_a-printf.o)
 .debug_ranges  0x00000000000000b8       0x18 c:/intelfpga_lite/18.1/nios2eds/bin/gnu/h-x86_64-mingw32/bin/../lib/gcc/nios2-elf/5.3.0/../../../../../H-x86_64-mingw32/nios2-elf/lib\libsmallc.a(lib_a-puts.o)
 .debug_ranges  0x00000000000000d0       0x10 c:/intelfpga_lite/18.1/nios2eds/bin/gnu/h-x86_64-mingw32/bin/../lib/gcc/nios2-elf/5.3.0/../../../../../H-x86_64-mingw32/nios2-elf/lib\libsmallc.a(lib_a-strlen.o)
 .debug_ranges  0x00000000000000e0       0xc8 c:/intelfpga_lite/18.1/nios2eds/bin/gnu/h-x86_64-mingw32/bin/../lib/gcc/nios2-elf/5.3.0/../../../../../H-x86_64-mingw32/nios2-elf/lib\libsmallc.a(lib_a-vfprintf.o)
 .debug_ranges  0x00000000000001a8       0x28 c:/intelfpga_lite/18.1/nios2eds/bin/gnu/h-x86_64-mingw32/bin/../lib/gcc/nios2-elf/5.3.0/../../../../../H-x86_64-mingw32/nios2-elf/lib\libsmallc.a(lib_a-fvwrite_small_dev.o)
 .debug_ranges  0x00000000000001d0       0x10 c:/intelfpga_lite/18.1/nios2eds/bin/gnu/h-x86_64-mingw32/bin/../lib/gcc/nios2-elf/5.3.0/../../../../../H-x86_64-mingw32/nios2-elf/lib\libsmallc.a(lib_a-writer.o)
 .debug_ranges  0x00000000000001e0       0x60 c:/intelfpga_lite/18.1/nios2eds/bin/gnu/h-x86_64-mingw32/bin/../lib/gcc/nios2-elf/5.3.0\libgcc.a(lib2-divmod.o)
 .debug_ranges  0x0000000000000240       0x28 ../spiaccelproc_bsp/\libhal_bsp.a(alt_irq_entry.o)
 .debug_ranges  0x0000000000000268       0x10 ../spiaccelproc_bsp/\libhal_bsp.a(alt_irq_handler.o)
 .debug_ranges  0x0000000000000278       0x48 ../spiaccelproc_bsp/\libhal_bsp.a(alt_load.o)
 .debug_ranges  0x00000000000002c0       0x18 ../spiaccelproc_bsp/\libhal_bsp.a(alt_printf.o)
 .debug_ranges  0x00000000000002d8       0x20 ../spiaccelproc_bsp/\libhal_bsp.a(alt_write.o)
 .debug_ranges  0x00000000000002f8       0x18 ../spiaccelproc_bsp/\libhal_bsp.a(alt_sys_init.o)
 .debug_ranges  0x0000000000000310       0x20 ../spiaccelproc_bsp/\libhal_bsp.a(alt_dev_llist_insert.o)
 .debug_ranges  0x0000000000000330       0x30 ../spiaccelproc_bsp/\libhal_bsp.a(alt_exception_entry.o)
 .debug_ranges  0x0000000000000360       0x18 ../spiaccelproc_bsp/\libhal_bsp.a(alt_instruction_exception_entry.o)
 .debug_ranges  0x0000000000000378       0x10 ../spiaccelproc_bsp/\libhal_bsp.a(alt_icache_flush.o)
 .debug_ranges  0x0000000000000388       0x10 c:/intelfpga_lite/18.1/nios2eds/bin/gnu/h-x86_64-mingw32/bin/../lib/gcc/nios2-elf/5.3.0/../../../../../H-x86_64-mingw32/nios2-elf/lib\libsmallc.a(lib_a-memcmp.o)
