Archive member included to satisfy reference by file (symbol)

c:/intelfpga_lite/18.1/nios2eds/bin/gnu/h-x86_64-mingw32/bin/../lib/gcc/nios2-elf/5.3.0/../../../../../H-x86_64-mingw32/nios2-elf/lib\libsmallc.a(lib_a-printf.o)
                              obj/default/hello_world_small.o (printf)
c:/intelfpga_lite/18.1/nios2eds/bin/gnu/h-x86_64-mingw32/bin/../lib/gcc/nios2-elf/5.3.0/../../../../../H-x86_64-mingw32/nios2-elf/lib\libsmallc.a(lib_a-puts.o)
                              obj/default/hello_world_small.o (puts)
c:/intelfpga_lite/18.1/nios2eds/bin/gnu/h-x86_64-mingw32/bin/../lib/gcc/nios2-elf/5.3.0/../../../../../H-x86_64-mingw32/nios2-elf/lib\libsmallc.a(lib_a-strlen.o)
                              c:/intelfpga_lite/18.1/nios2eds/bin/gnu/h-x86_64-mingw32/bin/../lib/gcc/nios2-elf/5.3.0/../../../../../H-x86_64-mingw32/nios2-elf/lib\libsmallc.a(lib_a-puts.o) (strlen)
c:/intelfpga_lite/18.1/nios2eds/bin/gnu/h-x86_64-mingw32/bin/../lib/gcc/nios2-elf/5.3.0/../../../../../H-x86_64-mingw32/nios2-elf/lib\libsmallc.a(lib_a-vfprintf.o)
                              c:/intelfpga_lite/18.1/nios2eds/bin/gnu/h-x86_64-mingw32/bin/../lib/gcc/nios2-elf/5.3.0/../../../../../H-x86_64-mingw32/nios2-elf/lib\libsmallc.a(lib_a-printf.o) (___vfprintf_internal_r)
c:/intelfpga_lite/18.1/nios2eds/bin/gnu/h-x86_64-mingw32/bin/../lib/gcc/nios2-elf/5.3.0/../../../../../H-x86_64-mingw32/nios2-elf/lib\libsmallc.a(lib_a-fvwrite_small_dev.o)
                              c:/intelfpga_lite/18.1/nios2eds/bin/gnu/h-x86_64-mingw32/bin/../lib/gcc/nios2-elf/5.3.0/../../../../../H-x86_64-mingw32/nios2-elf/lib\libsmallc.a(lib_a-printf.o) (__sfvwrite_small_dev)
c:/intelfpga_lite/18.1/nios2eds/bin/gnu/h-x86_64-mingw32/bin/../lib/gcc/nios2-elf/5.3.0/../../../../../H-x86_64-mingw32/nios2-elf/lib\libsmallc.a(lib_a-impure.o)
                              c:/intelfpga_lite/18.1/nios2eds/bin/gnu/h-x86_64-mingw32/bin/../lib/gcc/nios2-elf/5.3.0/../../../../../H-x86_64-mingw32/nios2-elf/lib\libsmallc.a(lib_a-printf.o) (_impure_ptr)
c:/intelfpga_lite/18.1/nios2eds/bin/gnu/h-x86_64-mingw32/bin/../lib/gcc/nios2-elf/5.3.0/../../../../../H-x86_64-mingw32/nios2-elf/lib\libsmallc.a(lib_a-writer.o)
                              c:/intelfpga_lite/18.1/nios2eds/bin/gnu/h-x86_64-mingw32/bin/../lib/gcc/nios2-elf/5.3.0/../../../../../H-x86_64-mingw32/nios2-elf/lib\libsmallc.a(lib_a-fvwrite_small_dev.o) (_write_r)
c:/intelfpga_lite/18.1/nios2eds/bin/gnu/h-x86_64-mingw32/bin/../lib/gcc/nios2-elf/5.3.0/../../../../../H-x86_64-mingw32/nios2-elf/lib\libsmallc.a(lib_a-int_errno.o)
                              c:/intelfpga_lite/18.1/nios2eds/bin/gnu/h-x86_64-mingw32/bin/../lib/gcc/nios2-elf/5.3.0/../../../../../H-x86_64-mingw32/nios2-elf/lib\libsmallc.a(lib_a-writer.o) (errno)
c:/intelfpga_lite/18.1/nios2eds/bin/gnu/h-x86_64-mingw32/bin/../lib/gcc/nios2-elf/5.3.0\libgcc.a(lib2-divmod.o)
                              c:/intelfpga_lite/18.1/nios2eds/bin/gnu/h-x86_64-mingw32/bin/../lib/gcc/nios2-elf/5.3.0/../../../../../H-x86_64-mingw32/nios2-elf/lib\libsmallc.a(lib_a-vfprintf.o) (__udivsi3)
../spiaccelproc_bsp/\libhal_bsp.a(alt_iic.o)
                              obj/default/hello_world_small.o (alt_ic_isr_register)
../spiaccelproc_bsp/\libhal_bsp.a(alt_iic_isr_register.o)
                              ../spiaccelproc_bsp/\libhal_bsp.a(alt_iic.o) (alt_iic_isr_register)
../spiaccelproc_bsp/\libhal_bsp.a(alt_irq_entry.o)
                              ../spiaccelproc_bsp/\libhal_bsp.a(alt_iic_isr_register.o) (alt_irq_entry)
../spiaccelproc_bsp/\libhal_bsp.a(alt_irq_handler.o)
                              ../spiaccelproc_bsp/\libhal_bsp.a(alt_iic_isr_register.o) (alt_irq_handler)
../spiaccelproc_bsp/\libhal_bsp.a(alt_irq_vars.o)
                              ../spiaccelproc_bsp/\libhal_bsp.a(alt_iic.o) (alt_irq_active)
../spiaccelproc_bsp/\libhal_bsp.a(alt_load.o)
                              ../spiaccelproc_bsp//obj/HAL/src/crt0.o (alt_load)
../spiaccelproc_bsp/\libhal_bsp.a(alt_main.o)
                              ../spiaccelproc_bsp//obj/HAL/src/crt0.o (alt_main)
../spiaccelproc_bsp/\libhal_bsp.a(alt_putstr.o)
                              obj/default/hello_world_small.o (alt_putstr)
../spiaccelproc_bsp/\libhal_bsp.a(alt_write.o)
                              c:/intelfpga_lite/18.1/nios2eds/bin/gnu/h-x86_64-mingw32/bin/../lib/gcc/nios2-elf/5.3.0/../../../../../H-x86_64-mingw32/nios2-elf/lib\libsmallc.a(lib_a-writer.o) (write)
../spiaccelproc_bsp/\libhal_bsp.a(alt_sys_init.o)
                              ../spiaccelproc_bsp/\libhal_bsp.a(alt_main.o) (alt_irq_init)
../spiaccelproc_bsp/\libhal_bsp.a(altera_avalon_jtag_uart_write.o)
                              ../spiaccelproc_bsp/\libhal_bsp.a(alt_putstr.o) (altera_avalon_jtag_uart_write)
../spiaccelproc_bsp/\libhal_bsp.a(altera_avalon_mutex.o)
                              ../spiaccelproc_bsp/\libhal_bsp.a(alt_sys_init.o) (alt_mutex_list)
../spiaccelproc_bsp/\libhal_bsp.a(altera_avalon_spi.o)
                              obj/default/hello_world_small.o (alt_avalon_spi_command)
../spiaccelproc_bsp/\libhal_bsp.a(alt_dcache_flush_all.o)
                              ../spiaccelproc_bsp/\libhal_bsp.a(alt_load.o) (alt_dcache_flush_all)
../spiaccelproc_bsp/\libhal_bsp.a(alt_dev_llist_insert.o)
                              ../spiaccelproc_bsp/\libhal_bsp.a(alt_sys_init.o) (alt_dev_llist_insert)
../spiaccelproc_bsp/\libhal_bsp.a(alt_errno.o)
                              ../spiaccelproc_bsp/\libhal_bsp.a(alt_write.o) (alt_errno)
../spiaccelproc_bsp/\libhal_bsp.a(alt_exception_entry.o)
                              ../spiaccelproc_bsp/\libhal_bsp.a(alt_irq_entry.o) (alt_exception)
../spiaccelproc_bsp/\libhal_bsp.a(alt_find_dev.o)
                              ../spiaccelproc_bsp/\libhal_bsp.a(altera_avalon_mutex.o) (alt_find_dev)
../spiaccelproc_bsp/\libhal_bsp.a(alt_icache_flush_all.o)
                              ../spiaccelproc_bsp/\libhal_bsp.a(alt_load.o) (alt_icache_flush_all)
../spiaccelproc_bsp/\libhal_bsp.a(alt_instruction_exception_entry.o)
                              ../spiaccelproc_bsp/\libhal_bsp.a(alt_exception_entry.o) (alt_instruction_exception_entry)
../spiaccelproc_bsp/\libhal_bsp.a(altera_nios2_gen2_irq.o)
                              ../spiaccelproc_bsp/\libhal_bsp.a(alt_sys_init.o) (altera_nios2_gen2_irq_init)
../spiaccelproc_bsp/\libhal_bsp.a(alt_icache_flush.o)
                              ../spiaccelproc_bsp/\libhal_bsp.a(alt_icache_flush_all.o) (alt_icache_flush)
c:/intelfpga_lite/18.1/nios2eds/bin/gnu/h-x86_64-mingw32/bin/../lib/gcc/nios2-elf/5.3.0/../../../../../H-x86_64-mingw32/nios2-elf/lib\libsmallc.a(lib_a-memcmp.o)
                              ../spiaccelproc_bsp/\libhal_bsp.a(alt_find_dev.o) (memcmp)

Allocating common symbols
Common symbol       size              file

alt_irq             0x100             ../spiaccelproc_bsp/\libhal_bsp.a(alt_irq_handler.o)
errno               0x4               c:/intelfpga_lite/18.1/nios2eds/bin/gnu/h-x86_64-mingw32/bin/../lib/gcc/nios2-elf/5.3.0/../../../../../H-x86_64-mingw32/nios2-elf/lib\libsmallc.a(lib_a-int_errno.o)

Memory Configuration

Name             Origin             Length             Attributes
reset            0x0000000000000000 0x0000000000000020
exceptionregion  0x0000000000000020 0x000000000000ffe0
SDRAM            0x0000000000280000 0x0000000000280000
*default*        0x0000000000000000 0xffffffffffffffff

Linker script and memory map

LOAD ../spiaccelproc_bsp//obj/HAL/src/crt0.o
LOAD obj/default/hello_world_small.o
LOAD c:/intelfpga_lite/18.1/nios2eds/bin/gnu/h-x86_64-mingw32/bin/../lib/gcc/nios2-elf/5.3.0/../../../../../H-x86_64-mingw32/nios2-elf/lib\libstdc++.a
LOAD c:/intelfpga_lite/18.1/nios2eds/bin/gnu/h-x86_64-mingw32/bin/../lib/gcc/nios2-elf/5.3.0/../../../../../H-x86_64-mingw32/nios2-elf/lib\libm.a
LOAD c:/intelfpga_lite/18.1/nios2eds/bin/gnu/h-x86_64-mingw32/bin/../lib/gcc/nios2-elf/5.3.0\libgcc.a
START GROUP
LOAD c:/intelfpga_lite/18.1/nios2eds/bin/gnu/h-x86_64-mingw32/bin/../lib/gcc/nios2-elf/5.3.0/../../../../../H-x86_64-mingw32/nios2-elf/lib\libsmallc.a
LOAD c:/intelfpga_lite/18.1/nios2eds/bin/gnu/h-x86_64-mingw32/bin/../lib/gcc/nios2-elf/5.3.0\libgcc.a
LOAD ../spiaccelproc_bsp/\libhal_bsp.a
LOAD c:/intelfpga_lite/18.1/nios2eds/bin/gnu/h-x86_64-mingw32/bin/../lib/gcc/nios2-elf/5.3.0/../../../../../H-x86_64-mingw32/nios2-elf/lib\libm.a
END GROUP
LOAD c:/intelfpga_lite/18.1/nios2eds/bin/gnu/h-x86_64-mingw32/bin/../lib/gcc/nios2-elf/5.3.0\libgcc.a
                0x0000000000000000                __alt_mem_SDRAM = 0x0

.entry          0x0000000000000000       0x20
 *(.entry)
 .entry         0x0000000000000000       0x20 ../spiaccelproc_bsp//obj/HAL/src/crt0.o
                0x0000000000000000                __reset
                0x000000000000001c                _exit

.exceptions     0x0000000000000020      0x168
                0x0000000000000020                PROVIDE (__ram_exceptions_start, ABSOLUTE (.))
                0x0000000000000020                . = ALIGN (0x20)
 *(.irq)
 *(.exceptions.entry.label)
 .exceptions.entry.label
                0x0000000000000020        0x0 ../spiaccelproc_bsp/\libhal_bsp.a(alt_irq_entry.o)
                0x0000000000000020                alt_irq_entry
 .exceptions.entry.label
                0x0000000000000020        0x0 ../spiaccelproc_bsp/\libhal_bsp.a(alt_exception_entry.o)
                0x0000000000000020                alt_exception
 *(.exceptions.entry.user)
 *(.exceptions.entry.ecc_fatal)
 *(.exceptions.entry)
 .exceptions.entry
                0x0000000000000020       0x54 ../spiaccelproc_bsp/\libhal_bsp.a(alt_exception_entry.o)
 *(.exceptions.irqtest.user)
 *(.exceptions.irqtest)
 .exceptions.irqtest
                0x0000000000000074       0x10 ../spiaccelproc_bsp/\libhal_bsp.a(alt_irq_entry.o)
 *(.exceptions.irqhandler.user)
 *(.exceptions.irqhandler)
 .exceptions.irqhandler
                0x0000000000000084        0x4 ../spiaccelproc_bsp/\libhal_bsp.a(alt_irq_entry.o)
 *(.exceptions.irqreturn.user)
 *(.exceptions.irqreturn)
 .exceptions.irqreturn
                0x0000000000000088        0x4 ../spiaccelproc_bsp/\libhal_bsp.a(alt_irq_entry.o)
 *(.exceptions.notirq.label)
 .exceptions.notirq.label
                0x000000000000008c        0x0 ../spiaccelproc_bsp/\libhal_bsp.a(alt_irq_entry.o)
 *(.exceptions.notirq.user)
 *(.exceptions.notirq)
 .exceptions.notirq
                0x000000000000008c        0x8 ../spiaccelproc_bsp/\libhal_bsp.a(alt_exception_entry.o)
 *(.exceptions.soft.user)
 *(.exceptions.soft)
 *(.exceptions.unknown.user)
 *(.exceptions.unknown)
 .exceptions.unknown
                0x0000000000000094       0x14 ../spiaccelproc_bsp/\libhal_bsp.a(alt_exception_entry.o)
 *(.exceptions.exit.label)
 .exceptions.exit.label
                0x00000000000000a8        0x0 ../spiaccelproc_bsp/\libhal_bsp.a(alt_irq_entry.o)
 .exceptions.exit.label
                0x00000000000000a8        0x0 ../spiaccelproc_bsp/\libhal_bsp.a(alt_exception_entry.o)
 *(.exceptions.exit.user)
 *(.exceptions.exit)
 .exceptions.exit
                0x00000000000000a8       0x54 ../spiaccelproc_bsp/\libhal_bsp.a(alt_exception_entry.o)
 *(.exceptions)
 .exceptions    0x00000000000000fc       0x60 ../spiaccelproc_bsp/\libhal_bsp.a(alt_irq_handler.o)
                0x00000000000000fc                alt_irq_handler
 .exceptions    0x000000000000015c       0x2c ../spiaccelproc_bsp/\libhal_bsp.a(alt_instruction_exception_entry.o)
                0x000000000000015c                alt_instruction_exception_entry
                0x0000000000000188                PROVIDE (__ram_exceptions_end, ABSOLUTE (.))
                0x0000000000000020                PROVIDE (__flash_exceptions_start, LOADADDR (.exceptions))

.text           0x0000000000280000     0x13a8
                [!provide]                        PROVIDE (stext, ABSOLUTE (.))
 *(.interp)
 *(.hash)
 *(.dynsym)
 *(.dynstr)
 *(.gnu.version)
 *(.gnu.version_d)
 *(.gnu.version_r)
 *(.rel.init)
 *(.rela.init)
 *(.rel.text .rel.text.* .rel.gnu.linkonce.t.*)
 *(.rela.text .rela.text.* .rela.gnu.linkonce.t.*)
 *(.rel.fini)
 *(.rela.fini)
 *(.rel.rodata .rel.rodata.* .rel.gnu.linkonce.r.*)
 *(.rela.rodata .rela.rodata.* .rela.gnu.linkonce.r.*)
 *(.rel.data .rel.data.* .rel.gnu.linkonce.d.*)
 *(.rela.data .rela.data.* .rela.gnu.linkonce.d.*)
 *(.rel.tdata .rel.tdata.* .rel.gnu.linkonce.td.*)
 *(.rela.tdata .rela.tdata.* .rela.gnu.linkonce.td.*)
 *(.rel.tbss .rel.tbss.* .rel.gnu.linkonce.tb.*)
 *(.rela.tbss .rela.tbss.* .rela.gnu.linkonce.tb.*)
 *(.rel.ctors)
 *(.rela.ctors)
 *(.rel.dtors)
 *(.rela.dtors)
 *(.rel.got)
 *(.rela.got)
 *(.rel.sdata .rel.sdata.* .rel.gnu.linkonce.s.*)
 *(.rela.sdata .rela.sdata.* .rela.gnu.linkonce.s.*)
 *(.rel.sbss .rel.sbss.* .rel.gnu.linkonce.sb.*)
 *(.rela.sbss .rela.sbss.* .rela.gnu.linkonce.sb.*)
 *(.rel.sdata2 .rel.sdata2.* .rel.gnu.linkonce.s2.*)
 *(.rela.sdata2 .rela.sdata2.* .rela.gnu.linkonce.s2.*)
 *(.rel.sbss2 .rel.sbss2.* .rel.gnu.linkonce.sb2.*)
 *(.rela.sbss2 .rela.sbss2.* .rela.gnu.linkonce.sb2.*)
 *(.rel.bss .rel.bss.* .rel.gnu.linkonce.b.*)
 *(.rela.bss .rela.bss.* .rela.gnu.linkonce.b.*)
 *(.rel.plt)
 *(.rela.plt)
 *(.rel.dyn)
 *(.init)
 *(.plt)
 *(.text .stub .text.* .gnu.linkonce.t.*)
 .text          0x0000000000280000       0x4c ../spiaccelproc_bsp//obj/HAL/src/crt0.o
                0x0000000000280000                _start
 .text          0x000000000028004c      0x21c obj/default/hello_world_small.o
                0x000000000028004c                gyro_isr
                0x000000000028006c                gyro_detect_tap
                0x00000000002800d0                display_select
                0x0000000000280184                gyro_process_data
 .text.startup  0x0000000000280268       0xd8 obj/default/hello_world_small.o
                0x0000000000280268                main
 .text          0x0000000000280340        0x0 c:/intelfpga_lite/18.1/nios2eds/bin/gnu/h-x86_64-mingw32/bin/../lib/gcc/nios2-elf/5.3.0/../../../../../H-x86_64-mingw32/nios2-elf/lib\libsmallc.a(lib_a-printf.o)
 .text._printf_r
                0x0000000000280340       0x3c c:/intelfpga_lite/18.1/nios2eds/bin/gnu/h-x86_64-mingw32/bin/../lib/gcc/nios2-elf/5.3.0/../../../../../H-x86_64-mingw32/nios2-elf/lib\libsmallc.a(lib_a-printf.o)
                0x0000000000280340                _printf_r
 .text.printf   0x000000000028037c       0x4c c:/intelfpga_lite/18.1/nios2eds/bin/gnu/h-x86_64-mingw32/bin/../lib/gcc/nios2-elf/5.3.0/../../../../../H-x86_64-mingw32/nios2-elf/lib\libsmallc.a(lib_a-printf.o)
                0x000000000028037c                printf
 .text          0x00000000002803c8        0x0 c:/intelfpga_lite/18.1/nios2eds/bin/gnu/h-x86_64-mingw32/bin/../lib/gcc/nios2-elf/5.3.0/../../../../../H-x86_64-mingw32/nios2-elf/lib\libsmallc.a(lib_a-puts.o)
 .text._puts_r  0x00000000002803c8       0x80 c:/intelfpga_lite/18.1/nios2eds/bin/gnu/h-x86_64-mingw32/bin/../lib/gcc/nios2-elf/5.3.0/../../../../../H-x86_64-mingw32/nios2-elf/lib\libsmallc.a(lib_a-puts.o)
                0x00000000002803c8                _puts_r
 .text.puts     0x0000000000280448       0x14 c:/intelfpga_lite/18.1/nios2eds/bin/gnu/h-x86_64-mingw32/bin/../lib/gcc/nios2-elf/5.3.0/../../../../../H-x86_64-mingw32/nios2-elf/lib\libsmallc.a(lib_a-puts.o)
                0x0000000000280448                puts
 .text          0x000000000028045c        0x0 c:/intelfpga_lite/18.1/nios2eds/bin/gnu/h-x86_64-mingw32/bin/../lib/gcc/nios2-elf/5.3.0/../../../../../H-x86_64-mingw32/nios2-elf/lib\libsmallc.a(lib_a-strlen.o)
 .text.strlen   0x000000000028045c       0x1c c:/intelfpga_lite/18.1/nios2eds/bin/gnu/h-x86_64-mingw32/bin/../lib/gcc/nios2-elf/5.3.0/../../../../../H-x86_64-mingw32/nios2-elf/lib\libsmallc.a(lib_a-strlen.o)
                0x000000000028045c                strlen
 .text          0x0000000000280478        0x0 c:/intelfpga_lite/18.1/nios2eds/bin/gnu/h-x86_64-mingw32/bin/../lib/gcc/nios2-elf/5.3.0/../../../../../H-x86_64-mingw32/nios2-elf/lib\libsmallc.a(lib_a-vfprintf.o)
 .text.print_repeat
                0x0000000000280478       0x6c c:/intelfpga_lite/18.1/nios2eds/bin/gnu/h-x86_64-mingw32/bin/../lib/gcc/nios2-elf/5.3.0/../../../../../H-x86_64-mingw32/nios2-elf/lib\libsmallc.a(lib_a-vfprintf.o)
 .text.___vfprintf_internal_r
                0x00000000002804e4      0x524 c:/intelfpga_lite/18.1/nios2eds/bin/gnu/h-x86_64-mingw32/bin/../lib/gcc/nios2-elf/5.3.0/../../../../../H-x86_64-mingw32/nios2-elf/lib\libsmallc.a(lib_a-vfprintf.o)
                0x00000000002804e4                ___vfprintf_internal_r
 .text.__vfprintf_internal
                0x0000000000280a08       0x1c c:/intelfpga_lite/18.1/nios2eds/bin/gnu/h-x86_64-mingw32/bin/../lib/gcc/nios2-elf/5.3.0/../../../../../H-x86_64-mingw32/nios2-elf/lib\libsmallc.a(lib_a-vfprintf.o)
                0x0000000000280a08                __vfprintf_internal
 .text          0x0000000000280a24        0x0 c:/intelfpga_lite/18.1/nios2eds/bin/gnu/h-x86_64-mingw32/bin/../lib/gcc/nios2-elf/5.3.0/../../../../../H-x86_64-mingw32/nios2-elf/lib\libsmallc.a(lib_a-fvwrite_small_dev.o)
 .text.__sfvwrite_small_dev
                0x0000000000280a24       0xb8 c:/intelfpga_lite/18.1/nios2eds/bin/gnu/h-x86_64-mingw32/bin/../lib/gcc/nios2-elf/5.3.0/../../../../../H-x86_64-mingw32/nios2-elf/lib\libsmallc.a(lib_a-fvwrite_small_dev.o)
                0x0000000000280a24                __sfvwrite_small_dev
 .text          0x0000000000280adc        0x0 c:/intelfpga_lite/18.1/nios2eds/bin/gnu/h-x86_64-mingw32/bin/../lib/gcc/nios2-elf/5.3.0/../../../../../H-x86_64-mingw32/nios2-elf/lib\libsmallc.a(lib_a-impure.o)
 .text          0x0000000000280adc        0x0 c:/intelfpga_lite/18.1/nios2eds/bin/gnu/h-x86_64-mingw32/bin/../lib/gcc/nios2-elf/5.3.0/../../../../../H-x86_64-mingw32/nios2-elf/lib\libsmallc.a(lib_a-writer.o)
 .text._write_r
                0x0000000000280adc       0x58 c:/intelfpga_lite/18.1/nios2eds/bin/gnu/h-x86_64-mingw32/bin/../lib/gcc/nios2-elf/5.3.0/../../../../../H-x86_64-mingw32/nios2-elf/lib\libsmallc.a(lib_a-writer.o)
                0x0000000000280adc                _write_r
 .text          0x0000000000280b34        0x0 c:/intelfpga_lite/18.1/nios2eds/bin/gnu/h-x86_64-mingw32/bin/../lib/gcc/nios2-elf/5.3.0/../../../../../H-x86_64-mingw32/nios2-elf/lib\libsmallc.a(lib_a-int_errno.o)
 .text          0x0000000000280b34      0x1b4 c:/intelfpga_lite/18.1/nios2eds/bin/gnu/h-x86_64-mingw32/bin/../lib/gcc/nios2-elf/5.3.0\libgcc.a(lib2-divmod.o)
                0x0000000000280b34                __divsi3
                0x0000000000280bb8                __modsi3
                0x0000000000280c2c                __udivsi3
                0x0000000000280c90                __umodsi3
 .text          0x0000000000280ce8       0x8c ../spiaccelproc_bsp/\libhal_bsp.a(alt_iic.o)
                0x0000000000280ce8                alt_ic_isr_register
                0x0000000000280cec                alt_ic_irq_enable
                0x0000000000280d24                alt_ic_irq_disable
                0x0000000000280d5c                alt_ic_irq_enabled
 .text          0x0000000000280d74       0x68 ../spiaccelproc_bsp/\libhal_bsp.a(alt_iic_isr_register.o)
                0x0000000000280d74                alt_iic_isr_register
 .text          0x0000000000280ddc        0x0 ../spiaccelproc_bsp/\libhal_bsp.a(alt_irq_entry.o)
 .text          0x0000000000280ddc        0x0 ../spiaccelproc_bsp/\libhal_bsp.a(alt_irq_handler.o)
 .text          0x0000000000280ddc        0x0 ../spiaccelproc_bsp/\libhal_bsp.a(alt_irq_vars.o)
 .text          0x0000000000280ddc       0xe0 ../spiaccelproc_bsp/\libhal_bsp.a(alt_load.o)
                0x0000000000280ddc                alt_load
 .text          0x0000000000280ebc       0x2c ../spiaccelproc_bsp/\libhal_bsp.a(alt_main.o)
                0x0000000000280ebc                alt_main
 .text          0x0000000000280ee8       0x38 ../spiaccelproc_bsp/\libhal_bsp.a(alt_putstr.o)
                0x0000000000280ee8                alt_putstr
 .text          0x0000000000280f20       0x60 ../spiaccelproc_bsp/\libhal_bsp.a(alt_write.o)
                0x0000000000280f20                write
 .text          0x0000000000280f80       0x30 ../spiaccelproc_bsp/\libhal_bsp.a(alt_sys_init.o)
                0x0000000000280f80                alt_irq_init
                0x0000000000280fa0                alt_sys_init
 .text          0x0000000000280fb0       0x34 ../spiaccelproc_bsp/\libhal_bsp.a(altera_avalon_jtag_uart_write.o)
                0x0000000000280fb0                altera_avalon_jtag_uart_write
 .text          0x0000000000280fe4       0xf4 ../spiaccelproc_bsp/\libhal_bsp.a(altera_avalon_mutex.o)
                0x0000000000280fe4                altera_avalon_mutex_open
                0x0000000000281030                altera_avalon_mutex_close
                0x0000000000281034                altera_avalon_mutex_lock
                0x0000000000281058                altera_avalon_mutex_trylock
                0x0000000000281080                altera_avalon_mutex_unlock
                0x00000000002810a0                altera_avalon_mutex_is_mine
                0x00000000002810c8                altera_avalon_mutex_first_lock
 .text          0x00000000002810d8       0xe8 ../spiaccelproc_bsp/\libhal_bsp.a(altera_avalon_spi.o)
                0x00000000002810d8                alt_avalon_spi_command
 .text          0x00000000002811c0       0x18 ../spiaccelproc_bsp/\libhal_bsp.a(alt_dcache_flush_all.o)
                0x00000000002811c0                alt_dcache_flush_all
 .text          0x00000000002811d8       0x6c ../spiaccelproc_bsp/\libhal_bsp.a(alt_dev_llist_insert.o)
                0x00000000002811d8                alt_dev_llist_insert
 .text          0x0000000000281244        0x0 ../spiaccelproc_bsp/\libhal_bsp.a(alt_errno.o)
 .text          0x0000000000281244        0x0 ../spiaccelproc_bsp/\libhal_bsp.a(alt_exception_entry.o)
 .text          0x0000000000281244       0x74 ../spiaccelproc_bsp/\libhal_bsp.a(alt_find_dev.o)
                0x0000000000281244                alt_find_dev
 .text          0x00000000002812b8        0xc ../spiaccelproc_bsp/\libhal_bsp.a(alt_icache_flush_all.o)
                0x00000000002812b8                alt_icache_flush_all
 .text          0x00000000002812c4       0x74 ../spiaccelproc_bsp/\libhal_bsp.a(alt_instruction_exception_entry.o)
                0x00000000002812c4                alt_exception_cause_generated_bad_addr
 .text          0x0000000000281338        0x8 ../spiaccelproc_bsp/\libhal_bsp.a(altera_nios2_gen2_irq.o)
                0x0000000000281338                altera_nios2_gen2_irq_init
 .text          0x0000000000281340       0x38 ../spiaccelproc_bsp/\libhal_bsp.a(alt_icache_flush.o)
                0x0000000000281340                alt_icache_flush
 .text          0x0000000000281378        0x0 c:/intelfpga_lite/18.1/nios2eds/bin/gnu/h-x86_64-mingw32/bin/../lib/gcc/nios2-elf/5.3.0/../../../../../H-x86_64-mingw32/nios2-elf/lib\libsmallc.a(lib_a-memcmp.o)
 .text.memcmp   0x0000000000281378       0x30 c:/intelfpga_lite/18.1/nios2eds/bin/gnu/h-x86_64-mingw32/bin/../lib/gcc/nios2-elf/5.3.0/../../../../../H-x86_64-mingw32/nios2-elf/lib\libsmallc.a(lib_a-memcmp.o)
                0x0000000000281378                memcmp
 *(.gnu.warning.*)
 *(.fini)
                [!provide]                        PROVIDE (__etext, ABSOLUTE (.))
                [!provide]                        PROVIDE (_etext, ABSOLUTE (.))
                [!provide]                        PROVIDE (etext, ABSOLUTE (.))
 *(.eh_frame_hdr)
                0x00000000002813a8                . = ALIGN (0x4)
                [!provide]                        PROVIDE (__preinit_array_start, ABSOLUTE (.))
 *(.preinit_array)
                [!provide]                        PROVIDE (__preinit_array_end, ABSOLUTE (.))
                [!provide]                        PROVIDE (__init_array_start, ABSOLUTE (.))
 *(.init_array)
                [!provide]                        PROVIDE (__init_array_end, ABSOLUTE (.))
                [!provide]                        PROVIDE (__fini_array_start, ABSOLUTE (.))
 *(.fini_array)
                [!provide]                        PROVIDE (__fini_array_end, ABSOLUTE (.))
 *(.eh_frame)
 *(.gcc_except_table .gcc_except_table.*)
 *(.dynamic)
                [!provide]                        PROVIDE (__CTOR_LIST__, ABSOLUTE (.))
 *(.ctors)
 *(SORT(.ctors.*))
                [!provide]                        PROVIDE (__CTOR_END__, ABSOLUTE (.))
                [!provide]                        PROVIDE (__DTOR_LIST__, ABSOLUTE (.))
 *(.dtors)
 *(SORT(.dtors.*))
                [!provide]                        PROVIDE (__DTOR_END__, ABSOLUTE (.))
 *(.jcr)
                0x00000000002813a8                . = ALIGN (0x4)

.rodata         0x00000000002813a8       0x7c
                0x00000000002813a8                PROVIDE (__ram_rodata_start, ABSOLUTE (.))
                0x00000000002813a8                . = ALIGN (0x4)
 *(.rodata .rodata.* .gnu.linkonce.r.*)
 .rodata.str1.4
                0x00000000002813a8       0x68 obj/default/hello_world_small.o
 .rodata.str1.4
                0x0000000000281410        0x2 c:/intelfpga_lite/18.1/nios2eds/bin/gnu/h-x86_64-mingw32/bin/../lib/gcc/nios2-elf/5.3.0/../../../../../H-x86_64-mingw32/nios2-elf/lib\libsmallc.a(lib_a-puts.o)
 *fill*         0x0000000000281412        0x2 
 .rodata.str1.4
                0x0000000000281414       0x10 ../spiaccelproc_bsp/\libhal_bsp.a(alt_sys_init.o)
                                          0xd (size before relaxing)
 *(.rodata1)
                0x0000000000281424                . = ALIGN (0x4)
                0x0000000000281424                PROVIDE (__ram_rodata_end, ABSOLUTE (.))
                0x00000000002813a8                PROVIDE (__flash_rodata_start, LOADADDR (.rodata))

.rwdata         0x0000000000281424      0x12c load address 0x0000000000281550
                0x0000000000281424                PROVIDE (__ram_rwdata_start, ABSOLUTE (.))
                0x0000000000281424                . = ALIGN (0x4)
 *(.got.plt)
 *(.got)
 *(.data1)
 *(.data .data.* .gnu.linkonce.d.*)
 .data          0x0000000000281424        0x0 ../spiaccelproc_bsp//obj/HAL/src/crt0.o
 .data          0x0000000000281424       0x20 obj/default/hello_world_small.o
                0x0000000000281424                gyro_config
 .data          0x0000000000281444        0x0 c:/intelfpga_lite/18.1/nios2eds/bin/gnu/h-x86_64-mingw32/bin/../lib/gcc/nios2-elf/5.3.0/../../../../../H-x86_64-mingw32/nios2-elf/lib\libsmallc.a(lib_a-printf.o)
 .data          0x0000000000281444        0x0 c:/intelfpga_lite/18.1/nios2eds/bin/gnu/h-x86_64-mingw32/bin/../lib/gcc/nios2-elf/5.3.0/../../../../../H-x86_64-mingw32/nios2-elf/lib\libsmallc.a(lib_a-puts.o)
 .data          0x0000000000281444        0x0 c:/intelfpga_lite/18.1/nios2eds/bin/gnu/h-x86_64-mingw32/bin/../lib/gcc/nios2-elf/5.3.0/../../../../../H-x86_64-mingw32/nios2-elf/lib\libsmallc.a(lib_a-strlen.o)
 .data          0x0000000000281444        0x0 c:/intelfpga_lite/18.1/nios2eds/bin/gnu/h-x86_64-mingw32/bin/../lib/gcc/nios2-elf/5.3.0/../../../../../H-x86_64-mingw32/nios2-elf/lib\libsmallc.a(lib_a-vfprintf.o)
 .data          0x0000000000281444        0x0 c:/intelfpga_lite/18.1/nios2eds/bin/gnu/h-x86_64-mingw32/bin/../lib/gcc/nios2-elf/5.3.0/../../../../../H-x86_64-mingw32/nios2-elf/lib\libsmallc.a(lib_a-fvwrite_small_dev.o)
 .data          0x0000000000281444        0x0 c:/intelfpga_lite/18.1/nios2eds/bin/gnu/h-x86_64-mingw32/bin/../lib/gcc/nios2-elf/5.3.0/../../../../../H-x86_64-mingw32/nios2-elf/lib\libsmallc.a(lib_a-impure.o)
 .data.impure_data
                0x0000000000281444       0xe0 c:/intelfpga_lite/18.1/nios2eds/bin/gnu/h-x86_64-mingw32/bin/../lib/gcc/nios2-elf/5.3.0/../../../../../H-x86_64-mingw32/nios2-elf/lib\libsmallc.a(lib_a-impure.o)
 .data          0x0000000000281524        0x0 c:/intelfpga_lite/18.1/nios2eds/bin/gnu/h-x86_64-mingw32/bin/../lib/gcc/nios2-elf/5.3.0/../../../../../H-x86_64-mingw32/nios2-elf/lib\libsmallc.a(lib_a-writer.o)
 .data          0x0000000000281524        0x0 c:/intelfpga_lite/18.1/nios2eds/bin/gnu/h-x86_64-mingw32/bin/../lib/gcc/nios2-elf/5.3.0/../../../../../H-x86_64-mingw32/nios2-elf/lib\libsmallc.a(lib_a-int_errno.o)
 .data          0x0000000000281524        0x0 c:/intelfpga_lite/18.1/nios2eds/bin/gnu/h-x86_64-mingw32/bin/../lib/gcc/nios2-elf/5.3.0\libgcc.a(lib2-divmod.o)
 .data          0x0000000000281524        0x0 ../spiaccelproc_bsp/\libhal_bsp.a(alt_iic.o)
 .data          0x0000000000281524        0x0 ../spiaccelproc_bsp/\libhal_bsp.a(alt_iic_isr_register.o)
 .data          0x0000000000281524        0x0 ../spiaccelproc_bsp/\libhal_bsp.a(alt_irq_entry.o)
 .data          0x0000000000281524        0x0 ../spiaccelproc_bsp/\libhal_bsp.a(alt_irq_handler.o)
 .data          0x0000000000281524        0x0 ../spiaccelproc_bsp/\libhal_bsp.a(alt_irq_vars.o)
 .data          0x0000000000281524        0x0 ../spiaccelproc_bsp/\libhal_bsp.a(alt_load.o)
 .data          0x0000000000281524        0x0 ../spiaccelproc_bsp/\libhal_bsp.a(alt_main.o)
 .data          0x0000000000281524        0x0 ../spiaccelproc_bsp/\libhal_bsp.a(alt_putstr.o)
 .data          0x0000000000281524        0x0 ../spiaccelproc_bsp/\libhal_bsp.a(alt_write.o)
 .data          0x0000000000281524       0x10 ../spiaccelproc_bsp/\libhal_bsp.a(alt_sys_init.o)
 .data          0x0000000000281534        0x0 ../spiaccelproc_bsp/\libhal_bsp.a(altera_avalon_jtag_uart_write.o)
 .data          0x0000000000281534        0x0 ../spiaccelproc_bsp/\libhal_bsp.a(altera_avalon_mutex.o)
 .data          0x0000000000281534        0x0 ../spiaccelproc_bsp/\libhal_bsp.a(altera_avalon_spi.o)
 .data          0x0000000000281534        0x0 ../spiaccelproc_bsp/\libhal_bsp.a(alt_dcache_flush_all.o)
 .data          0x0000000000281534        0x0 ../spiaccelproc_bsp/\libhal_bsp.a(alt_dev_llist_insert.o)
 .data          0x0000000000281534        0x0 ../spiaccelproc_bsp/\libhal_bsp.a(alt_errno.o)
 .data          0x0000000000281534        0x0 ../spiaccelproc_bsp/\libhal_bsp.a(alt_exception_entry.o)
 .data          0x0000000000281534        0x0 ../spiaccelproc_bsp/\libhal_bsp.a(alt_find_dev.o)
 .data          0x0000000000281534        0x0 ../spiaccelproc_bsp/\libhal_bsp.a(alt_icache_flush_all.o)
 .data          0x0000000000281534        0x0 ../spiaccelproc_bsp/\libhal_bsp.a(alt_instruction_exception_entry.o)
 .data          0x0000000000281534        0x0 ../spiaccelproc_bsp/\libhal_bsp.a(altera_nios2_gen2_irq.o)
 .data          0x0000000000281534        0x0 ../spiaccelproc_bsp/\libhal_bsp.a(alt_icache_flush.o)
 .data          0x0000000000281534        0x0 c:/intelfpga_lite/18.1/nios2eds/bin/gnu/h-x86_64-mingw32/bin/../lib/gcc/nios2-elf/5.3.0/../../../../../H-x86_64-mingw32/nios2-elf/lib\libsmallc.a(lib_a-memcmp.o)
                0x0000000000289534                _gp = ABSOLUTE ((. + 0x8000))
                [!provide]                        PROVIDE (gp, _gp)
 *(.rwdata .rwdata.*)
 *(.sdata .sdata.* .gnu.linkonce.s.*)
 .sdata._global_impure_ptr
                0x0000000000281534        0x4 c:/intelfpga_lite/18.1/nios2eds/bin/gnu/h-x86_64-mingw32/bin/../lib/gcc/nios2-elf/5.3.0/../../../../../H-x86_64-mingw32/nios2-elf/lib\libsmallc.a(lib_a-impure.o)
                0x0000000000281534                _global_impure_ptr
 .sdata._impure_ptr
                0x0000000000281538        0x4 c:/intelfpga_lite/18.1/nios2eds/bin/gnu/h-x86_64-mingw32/bin/../lib/gcc/nios2-elf/5.3.0/../../../../../H-x86_64-mingw32/nios2-elf/lib\libsmallc.a(lib_a-impure.o)
                0x0000000000281538                _impure_ptr
 .sdata         0x000000000028153c        0x4 ../spiaccelproc_bsp/\libhal_bsp.a(alt_irq_vars.o)
                0x000000000028153c                alt_priority_mask
 .sdata         0x0000000000281540        0x4 ../spiaccelproc_bsp/\libhal_bsp.a(alt_sys_init.o)
                0x0000000000281540                jtag_uart_1
 .sdata         0x0000000000281544        0x8 ../spiaccelproc_bsp/\libhal_bsp.a(altera_avalon_mutex.o)
                0x0000000000281544                alt_mutex_list
 .sdata         0x000000000028154c        0x4 ../spiaccelproc_bsp/\libhal_bsp.a(alt_errno.o)
                0x000000000028154c                alt_errno
 *(.sdata2 .sdata2.* .gnu.linkonce.s2.*)
                0x0000000000281550                . = ALIGN (0x4)
                0x0000000000281550                _edata = ABSOLUTE (.)
                [!provide]                        PROVIDE (edata, ABSOLUTE (.))
                0x0000000000281550                PROVIDE (__ram_rwdata_end, ABSOLUTE (.))
                0x0000000000281550                PROVIDE (__flash_rwdata_start, LOADADDR (.rwdata))

.bss            0x000000000028167c      0x11c
                0x000000000028167c                __bss_start = ABSOLUTE (.)
                [!provide]                        PROVIDE (__sbss_start, ABSOLUTE (.))
                [!provide]                        PROVIDE (___sbss_start, ABSOLUTE (.))
 *(.dynsbss)
 *(.sbss .sbss.* .gnu.linkonce.sb.*)
 .sbss          0x000000000028167c        0x4 obj/default/hello_world_small.o
                0x000000000028167c                tap_flag
 .sbss          0x0000000000281680        0x4 c:/intelfpga_lite/18.1/nios2eds/bin/gnu/h-x86_64-mingw32/bin/../lib/gcc/nios2-elf/5.3.0/../../../../../H-x86_64-mingw32/nios2-elf/lib\libsmallc.a(lib_a-int_errno.o)
                0x0000000000281680                errno
 .sbss          0x0000000000281684        0x4 ../spiaccelproc_bsp/\libhal_bsp.a(alt_irq_vars.o)
                0x0000000000281684                alt_irq_active
 .sbss          0x0000000000281688        0xc ../spiaccelproc_bsp/\libhal_bsp.a(alt_main.o)
                0x0000000000281688                alt_envp
                0x000000000028168c                alt_argv
                0x0000000000281690                alt_argc
 .sbss          0x0000000000281694        0x4 ../spiaccelproc_bsp/\libhal_bsp.a(alt_instruction_exception_entry.o)
                0x0000000000281694                alt_instruction_exception_handler
 *(.sbss2 .sbss2.* .gnu.linkonce.sb2.*)
 *(.scommon)
                [!provide]                        PROVIDE (__sbss_end, ABSOLUTE (.))
                [!provide]                        PROVIDE (___sbss_end, ABSOLUTE (.))
 *(.dynbss)
 *(.bss .bss.* .gnu.linkonce.b.*)
 .bss           0x0000000000281698        0x0 ../spiaccelproc_bsp//obj/HAL/src/crt0.o
 .bss           0x0000000000281698        0x0 obj/default/hello_world_small.o
 .bss           0x0000000000281698        0x0 c:/intelfpga_lite/18.1/nios2eds/bin/gnu/h-x86_64-mingw32/bin/../lib/gcc/nios2-elf/5.3.0/../../../../../H-x86_64-mingw32/nios2-elf/lib\libsmallc.a(lib_a-printf.o)
 .bss           0x0000000000281698        0x0 c:/intelfpga_lite/18.1/nios2eds/bin/gnu/h-x86_64-mingw32/bin/../lib/gcc/nios2-elf/5.3.0/../../../../../H-x86_64-mingw32/nios2-elf/lib\libsmallc.a(lib_a-puts.o)
 .bss           0x0000000000281698        0x0 c:/intelfpga_lite/18.1/nios2eds/bin/gnu/h-x86_64-mingw32/bin/../lib/gcc/nios2-elf/5.3.0/../../../../../H-x86_64-mingw32/nios2-elf/lib\libsmallc.a(lib_a-strlen.o)
 .bss           0x0000000000281698        0x0 c:/intelfpga_lite/18.1/nios2eds/bin/gnu/h-x86_64-mingw32/bin/../lib/gcc/nios2-elf/5.3.0/../../../../../H-x86_64-mingw32/nios2-elf/lib\libsmallc.a(lib_a-vfprintf.o)
 .bss           0x0000000000281698        0x0 c:/intelfpga_lite/18.1/nios2eds/bin/gnu/h-x86_64-mingw32/bin/../lib/gcc/nios2-elf/5.3.0/../../../../../H-x86_64-mingw32/nios2-elf/lib\libsmallc.a(lib_a-fvwrite_small_dev.o)
 .bss           0x0000000000281698        0x0 c:/intelfpga_lite/18.1/nios2eds/bin/gnu/h-x86_64-mingw32/bin/../lib/gcc/nios2-elf/5.3.0/../../../../../H-x86_64-mingw32/nios2-elf/lib\libsmallc.a(lib_a-impure.o)
 .bss           0x0000000000281698        0x0 c:/intelfpga_lite/18.1/nios2eds/bin/gnu/h-x86_64-mingw32/bin/../lib/gcc/nios2-elf/5.3.0/../../../../../H-x86_64-mingw32/nios2-elf/lib\libsmallc.a(lib_a-writer.o)
 .bss           0x0000000000281698        0x0 c:/intelfpga_lite/18.1/nios2eds/bin/gnu/h-x86_64-mingw32/bin/../lib/gcc/nios2-elf/5.3.0/../../../../../H-x86_64-mingw32/nios2-elf/lib\libsmallc.a(lib_a-int_errno.o)
 .bss           0x0000000000281698        0x0 c:/intelfpga_lite/18.1/nios2eds/bin/gnu/h-x86_64-mingw32/bin/../lib/gcc/nios2-elf/5.3.0\libgcc.a(lib2-divmod.o)
 .bss           0x0000000000281698        0x0 ../spiaccelproc_bsp/\libhal_bsp.a(alt_iic.o)
 .bss           0x0000000000281698        0x0 ../spiaccelproc_bsp/\libhal_bsp.a(alt_iic_isr_register.o)
 .bss           0x0000000000281698        0x0 ../spiaccelproc_bsp/\libhal_bsp.a(alt_irq_entry.o)
 .bss           0x0000000000281698        0x0 ../spiaccelproc_bsp/\libhal_bsp.a(alt_irq_handler.o)
 .bss           0x0000000000281698        0x0 ../spiaccelproc_bsp/\libhal_bsp.a(alt_irq_vars.o)
 .bss           0x0000000000281698        0x0 ../spiaccelproc_bsp/\libhal_bsp.a(alt_load.o)
 .bss           0x0000000000281698        0x0 ../spiaccelproc_bsp/\libhal_bsp.a(alt_main.o)
 .bss           0x0000000000281698        0x0 ../spiaccelproc_bsp/\libhal_bsp.a(alt_putstr.o)
 .bss           0x0000000000281698        0x0 ../spiaccelproc_bsp/\libhal_bsp.a(alt_write.o)
 .bss           0x0000000000281698        0x0 ../spiaccelproc_bsp/\libhal_bsp.a(alt_sys_init.o)
 .bss           0x0000000000281698        0x0 ../spiaccelproc_bsp/\libhal_bsp.a(altera_avalon_jtag_uart_write.o)
 .bss           0x0000000000281698        0x0 ../spiaccelproc_bsp/\libhal_bsp.a(altera_avalon_mutex.o)
 .bss           0x0000000000281698        0x0 ../spiaccelproc_bsp/\libhal_bsp.a(altera_avalon_spi.o)
 .bss           0x0000000000281698        0x0 ../spiaccelproc_bsp/\libhal_bsp.a(alt_dcache_flush_all.o)
 .bss           0x0000000000281698        0x0 ../spiaccelproc_bsp/\libhal_bsp.a(alt_dev_llist_insert.o)
 .bss           0x0000000000281698        0x0 ../spiaccelproc_bsp/\libhal_bsp.a(alt_errno.o)
 .bss           0x0000000000281698        0x0 ../spiaccelproc_bsp/\libhal_bsp.a(alt_exception_entry.o)
 .bss           0x0000000000281698        0x0 ../spiaccelproc_bsp/\libhal_bsp.a(alt_find_dev.o)
 .bss           0x0000000000281698        0x0 ../spiaccelproc_bsp/\libhal_bsp.a(alt_icache_flush_all.o)
 .bss           0x0000000000281698        0x0 ../spiaccelproc_bsp/\libhal_bsp.a(alt_instruction_exception_entry.o)
 .bss           0x0000000000281698        0x0 ../spiaccelproc_bsp/\libhal_bsp.a(altera_nios2_gen2_irq.o)
 .bss           0x0000000000281698        0x0 ../spiaccelproc_bsp/\libhal_bsp.a(alt_icache_flush.o)
 .bss           0x0000000000281698        0x0 c:/intelfpga_lite/18.1/nios2eds/bin/gnu/h-x86_64-mingw32/bin/../lib/gcc/nios2-elf/5.3.0/../../../../../H-x86_64-mingw32/nios2-elf/lib\libsmallc.a(lib_a-memcmp.o)
 *(COMMON)
 COMMON         0x0000000000281698      0x100 ../spiaccelproc_bsp/\libhal_bsp.a(alt_irq_handler.o)
                0x0000000000281698                alt_irq
                0x0000000000281798                . = ALIGN (0x4)
                0x0000000000281798                __bss_end = ABSOLUTE (.)

.SDRAM          0x0000000000281798        0x0
                [!provide]                        PROVIDE (_alt_partition_SDRAM_start, ABSOLUTE (.))
 *(.SDRAM .SDRAM. SDRAM.*)
                0x0000000000281798                . = ALIGN (0x4)
                [!provide]                        PROVIDE (_alt_partition_SDRAM_end, ABSOLUTE (.))
                0x0000000000281798                _end = ABSOLUTE (.)
                0x0000000000281798                end = ABSOLUTE (.)
                0x0000000000281798                __alt_stack_base = ABSOLUTE (.)
                [!provide]                        PROVIDE (_alt_partition_SDRAM_load_addr, LOADADDR (.SDRAM))

.stab
 *(.stab)

.stabstr
 *(.stabstr)

.stab.excl
 *(.stab.excl)

.stab.exclstr
 *(.stab.exclstr)

.stab.index
 *(.stab.index)

.stab.indexstr
 *(.stab.indexstr)

.comment        0x0000000000000000       0x23
 *(.comment)
 .comment       0x0000000000000000       0x23 obj/default/hello_world_small.o
                                         0x24 (size before relaxing)
 .comment       0x0000000000000023       0x24 c:/intelfpga_lite/18.1/nios2eds/bin/gnu/h-x86_64-mingw32/bin/../lib/gcc/nios2-elf/5.3.0/../../../../../H-x86_64-mingw32/nios2-elf/lib\libsmallc.a(lib_a-printf.o)
 .comment       0x0000000000000023       0x24 c:/intelfpga_lite/18.1/nios2eds/bin/gnu/h-x86_64-mingw32/bin/../lib/gcc/nios2-elf/5.3.0/../../../../../H-x86_64-mingw32/nios2-elf/lib\libsmallc.a(lib_a-puts.o)
 .comment       0x0000000000000023       0x24 c:/intelfpga_lite/18.1/nios2eds/bin/gnu/h-x86_64-mingw32/bin/../lib/gcc/nios2-elf/5.3.0/../../../../../H-x86_64-mingw32/nios2-elf/lib\libsmallc.a(lib_a-strlen.o)
 .comment       0x0000000000000023       0x24 c:/intelfpga_lite/18.1/nios2eds/bin/gnu/h-x86_64-mingw32/bin/../lib/gcc/nios2-elf/5.3.0/../../../../../H-x86_64-mingw32/nios2-elf/lib\libsmallc.a(lib_a-vfprintf.o)
 .comment       0x0000000000000023       0x24 c:/intelfpga_lite/18.1/nios2eds/bin/gnu/h-x86_64-mingw32/bin/../lib/gcc/nios2-elf/5.3.0/../../../../../H-x86_64-mingw32/nios2-elf/lib\libsmallc.a(lib_a-fvwrite_small_dev.o)
 .comment       0x0000000000000023       0x24 c:/intelfpga_lite/18.1/nios2eds/bin/gnu/h-x86_64-mingw32/bin/../lib/gcc/nios2-elf/5.3.0/../../../../../H-x86_64-mingw32/nios2-elf/lib\libsmallc.a(lib_a-impure.o)
 .comment       0x0000000000000023       0x24 c:/intelfpga_lite/18.1/nios2eds/bin/gnu/h-x86_64-mingw32/bin/../lib/gcc/nios2-elf/5.3.0/../../../../../H-x86_64-mingw32/nios2-elf/lib\libsmallc.a(lib_a-writer.o)
 .comment       0x0000000000000023       0x24 c:/intelfpga_lite/18.1/nios2eds/bin/gnu/h-x86_64-mingw32/bin/../lib/gcc/nios2-elf/5.3.0/../../../../../H-x86_64-mingw32/nios2-elf/lib\libsmallc.a(lib_a-int_errno.o)
 .comment       0x0000000000000023       0x24 c:/intelfpga_lite/18.1/nios2eds/bin/gnu/h-x86_64-mingw32/bin/../lib/gcc/nios2-elf/5.3.0\libgcc.a(lib2-divmod.o)
 .comment       0x0000000000000023       0x24 ../spiaccelproc_bsp/\libhal_bsp.a(alt_iic.o)
 .comment       0x0000000000000023       0x24 ../spiaccelproc_bsp/\libhal_bsp.a(alt_iic_isr_register.o)
 .comment       0x0000000000000023       0x24 ../spiaccelproc_bsp/\libhal_bsp.a(alt_irq_handler.o)
 .comment       0x0000000000000023       0x24 ../spiaccelproc_bsp/\libhal_bsp.a(alt_irq_vars.o)
 .comment       0x0000000000000023       0x24 ../spiaccelproc_bsp/\libhal_bsp.a(alt_load.o)
 .comment       0x0000000000000023       0x24 ../spiaccelproc_bsp/\libhal_bsp.a(alt_main.o)
 .comment       0x0000000000000023       0x24 ../spiaccelproc_bsp/\libhal_bsp.a(alt_putstr.o)
 .comment       0x0000000000000023       0x24 ../spiaccelproc_bsp/\libhal_bsp.a(alt_write.o)
 .comment       0x0000000000000023       0x24 ../spiaccelproc_bsp/\libhal_bsp.a(alt_sys_init.o)
 .comment       0x0000000000000023       0x24 ../spiaccelproc_bsp/\libhal_bsp.a(altera_avalon_jtag_uart_write.o)
 .comment       0x0000000000000023       0x24 ../spiaccelproc_bsp/\libhal_bsp.a(altera_avalon_mutex.o)
 .comment       0x0000000000000023       0x24 ../spiaccelproc_bsp/\libhal_bsp.a(altera_avalon_spi.o)
 .comment       0x0000000000000023       0x24 ../spiaccelproc_bsp/\libhal_bsp.a(alt_dcache_flush_all.o)
 .comment       0x0000000000000023       0x24 ../spiaccelproc_bsp/\libhal_bsp.a(alt_dev_llist_insert.o)
 .comment       0x0000000000000023       0x24 ../spiaccelproc_bsp/\libhal_bsp.a(alt_errno.o)
 .comment       0x0000000000000023       0x24 ../spiaccelproc_bsp/\libhal_bsp.a(alt_find_dev.o)
 .comment       0x0000000000000023       0x24 ../spiaccelproc_bsp/\libhal_bsp.a(alt_icache_flush_all.o)
 .comment       0x0000000000000023       0x24 ../spiaccelproc_bsp/\libhal_bsp.a(alt_instruction_exception_entry.o)
 .comment       0x0000000000000023       0x24 ../spiaccelproc_bsp/\libhal_bsp.a(altera_nios2_gen2_irq.o)
 .comment       0x0000000000000023       0x24 ../spiaccelproc_bsp/\libhal_bsp.a(alt_icache_flush.o)
 .comment       0x0000000000000023       0x24 c:/intelfpga_lite/18.1/nios2eds/bin/gnu/h-x86_64-mingw32/bin/../lib/gcc/nios2-elf/5.3.0/../../../../../H-x86_64-mingw32/nios2-elf/lib\libsmallc.a(lib_a-memcmp.o)

.debug
 *(.debug)

.line
 *(.line)

.debug_srcinfo
 *(.debug_srcinfo)

.debug_sfnames
 *(.debug_sfnames)

.debug_aranges  0x0000000000000000      0x480
 *(.debug_aranges)
 .debug_aranges
                0x0000000000000000       0x28 ../spiaccelproc_bsp//obj/HAL/src/crt0.o
 .debug_aranges
                0x0000000000000028       0x28 obj/default/hello_world_small.o
 .debug_aranges
                0x0000000000000050       0x28 c:/intelfpga_lite/18.1/nios2eds/bin/gnu/h-x86_64-mingw32/bin/../lib/gcc/nios2-elf/5.3.0/../../../../../H-x86_64-mingw32/nios2-elf/lib\libsmallc.a(lib_a-printf.o)
 .debug_aranges
                0x0000000000000078       0x28 c:/intelfpga_lite/18.1/nios2eds/bin/gnu/h-x86_64-mingw32/bin/../lib/gcc/nios2-elf/5.3.0/../../../../../H-x86_64-mingw32/nios2-elf/lib\libsmallc.a(lib_a-puts.o)
 .debug_aranges
                0x00000000000000a0       0x20 c:/intelfpga_lite/18.1/nios2eds/bin/gnu/h-x86_64-mingw32/bin/../lib/gcc/nios2-elf/5.3.0/../../../../../H-x86_64-mingw32/nios2-elf/lib\libsmallc.a(lib_a-strlen.o)
 .debug_aranges
                0x00000000000000c0       0x30 c:/intelfpga_lite/18.1/nios2eds/bin/gnu/h-x86_64-mingw32/bin/../lib/gcc/nios2-elf/5.3.0/../../../../../H-x86_64-mingw32/nios2-elf/lib\libsmallc.a(lib_a-vfprintf.o)
 .debug_aranges
                0x00000000000000f0       0x20 c:/intelfpga_lite/18.1/nios2eds/bin/gnu/h-x86_64-mingw32/bin/../lib/gcc/nios2-elf/5.3.0/../../../../../H-x86_64-mingw32/nios2-elf/lib\libsmallc.a(lib_a-fvwrite_small_dev.o)
 .debug_aranges
                0x0000000000000110       0x18 c:/intelfpga_lite/18.1/nios2eds/bin/gnu/h-x86_64-mingw32/bin/../lib/gcc/nios2-elf/5.3.0/../../../../../H-x86_64-mingw32/nios2-elf/lib\libsmallc.a(lib_a-impure.o)
 .debug_aranges
                0x0000000000000128       0x20 c:/intelfpga_lite/18.1/nios2eds/bin/gnu/h-x86_64-mingw32/bin/../lib/gcc/nios2-elf/5.3.0/../../../../../H-x86_64-mingw32/nios2-elf/lib\libsmallc.a(lib_a-writer.o)
 .debug_aranges
                0x0000000000000148       0x18 c:/intelfpga_lite/18.1/nios2eds/bin/gnu/h-x86_64-mingw32/bin/../lib/gcc/nios2-elf/5.3.0/../../../../../H-x86_64-mingw32/nios2-elf/lib\libsmallc.a(lib_a-int_errno.o)
 .debug_aranges
                0x0000000000000160       0x20 c:/intelfpga_lite/18.1/nios2eds/bin/gnu/h-x86_64-mingw32/bin/../lib/gcc/nios2-elf/5.3.0\libgcc.a(lib2-divmod.o)
 .debug_aranges
                0x0000000000000180       0x20 ../spiaccelproc_bsp/\libhal_bsp.a(alt_iic.o)
 .debug_aranges
                0x00000000000001a0       0x20 ../spiaccelproc_bsp/\libhal_bsp.a(alt_iic_isr_register.o)
 .debug_aranges
                0x00000000000001c0       0x30 ../spiaccelproc_bsp/\libhal_bsp.a(alt_irq_entry.o)
 .debug_aranges
                0x00000000000001f0       0x20 ../spiaccelproc_bsp/\libhal_bsp.a(alt_irq_handler.o)
 .debug_aranges
                0x0000000000000210       0x18 ../spiaccelproc_bsp/\libhal_bsp.a(alt_irq_vars.o)
 .debug_aranges
                0x0000000000000228       0x20 ../spiaccelproc_bsp/\libhal_bsp.a(alt_load.o)
 .debug_aranges
                0x0000000000000248       0x20 ../spiaccelproc_bsp/\libhal_bsp.a(alt_main.o)
 .debug_aranges
                0x0000000000000268       0x20 ../spiaccelproc_bsp/\libhal_bsp.a(alt_putstr.o)
 .debug_aranges
                0x0000000000000288       0x20 ../spiaccelproc_bsp/\libhal_bsp.a(alt_write.o)
 .debug_aranges
                0x00000000000002a8       0x20 ../spiaccelproc_bsp/\libhal_bsp.a(alt_sys_init.o)
 .debug_aranges
                0x00000000000002c8       0x20 ../spiaccelproc_bsp/\libhal_bsp.a(altera_avalon_jtag_uart_write.o)
 .debug_aranges
                0x00000000000002e8       0x20 ../spiaccelproc_bsp/\libhal_bsp.a(altera_avalon_mutex.o)
 .debug_aranges
                0x0000000000000308       0x20 ../spiaccelproc_bsp/\libhal_bsp.a(altera_avalon_spi.o)
 .debug_aranges
                0x0000000000000328       0x20 ../spiaccelproc_bsp/\libhal_bsp.a(alt_dcache_flush_all.o)
 .debug_aranges
                0x0000000000000348       0x20 ../spiaccelproc_bsp/\libhal_bsp.a(alt_dev_llist_insert.o)
 .debug_aranges
                0x0000000000000368       0x18 ../spiaccelproc_bsp/\libhal_bsp.a(alt_errno.o)
 .debug_aranges
                0x0000000000000380       0x38 ../spiaccelproc_bsp/\libhal_bsp.a(alt_exception_entry.o)
 .debug_aranges
                0x00000000000003b8       0x20 ../spiaccelproc_bsp/\libhal_bsp.a(alt_find_dev.o)
 .debug_aranges
                0x00000000000003d8       0x20 ../spiaccelproc_bsp/\libhal_bsp.a(alt_icache_flush_all.o)
 .debug_aranges
                0x00000000000003f8       0x28 ../spiaccelproc_bsp/\libhal_bsp.a(alt_instruction_exception_entry.o)
 .debug_aranges
                0x0000000000000420       0x20 ../spiaccelproc_bsp/\libhal_bsp.a(altera_nios2_gen2_irq.o)
 .debug_aranges
                0x0000000000000440       0x20 ../spiaccelproc_bsp/\libhal_bsp.a(alt_icache_flush.o)
 .debug_aranges
                0x0000000000000460       0x20 c:/intelfpga_lite/18.1/nios2eds/bin/gnu/h-x86_64-mingw32/bin/../lib/gcc/nios2-elf/5.3.0/../../../../../H-x86_64-mingw32/nios2-elf/lib\libsmallc.a(lib_a-memcmp.o)

.debug_pubnames
 *(.debug_pubnames)

.debug_info     0x0000000000000000     0x59b1
 *(.debug_info .gnu.linkonce.wi.*)
 .debug_info    0x0000000000000000       0xbf ../spiaccelproc_bsp//obj/HAL/src/crt0.o
 .debug_info    0x00000000000000bf      0x59b obj/default/hello_world_small.o
 .debug_info    0x000000000000065a      0x699 c:/intelfpga_lite/18.1/nios2eds/bin/gnu/h-x86_64-mingw32/bin/../lib/gcc/nios2-elf/5.3.0/../../../../../H-x86_64-mingw32/nios2-elf/lib\libsmallc.a(lib_a-printf.o)
 .debug_info    0x0000000000000cf3      0x66d c:/intelfpga_lite/18.1/nios2eds/bin/gnu/h-x86_64-mingw32/bin/../lib/gcc/nios2-elf/5.3.0/../../../../../H-x86_64-mingw32/nios2-elf/lib\libsmallc.a(lib_a-puts.o)
 .debug_info    0x0000000000001360       0xc9 c:/intelfpga_lite/18.1/nios2eds/bin/gnu/h-x86_64-mingw32/bin/../lib/gcc/nios2-elf/5.3.0/../../../../../H-x86_64-mingw32/nios2-elf/lib\libsmallc.a(lib_a-strlen.o)
 .debug_info    0x0000000000001429      0xb2b c:/intelfpga_lite/18.1/nios2eds/bin/gnu/h-x86_64-mingw32/bin/../lib/gcc/nios2-elf/5.3.0/../../../../../H-x86_64-mingw32/nios2-elf/lib\libsmallc.a(lib_a-vfprintf.o)
 .debug_info    0x0000000000001f54      0x62b c:/intelfpga_lite/18.1/nios2eds/bin/gnu/h-x86_64-mingw32/bin/../lib/gcc/nios2-elf/5.3.0/../../../../../H-x86_64-mingw32/nios2-elf/lib\libsmallc.a(lib_a-fvwrite_small_dev.o)
 .debug_info    0x000000000000257f      0x5a9 c:/intelfpga_lite/18.1/nios2eds/bin/gnu/h-x86_64-mingw32/bin/../lib/gcc/nios2-elf/5.3.0/../../../../../H-x86_64-mingw32/nios2-elf/lib\libsmallc.a(lib_a-impure.o)
 .debug_info    0x0000000000002b28      0x630 c:/intelfpga_lite/18.1/nios2eds/bin/gnu/h-x86_64-mingw32/bin/../lib/gcc/nios2-elf/5.3.0/../../../../../H-x86_64-mingw32/nios2-elf/lib\libsmallc.a(lib_a-writer.o)
 .debug_info    0x0000000000003158       0x8a c:/intelfpga_lite/18.1/nios2eds/bin/gnu/h-x86_64-mingw32/bin/../lib/gcc/nios2-elf/5.3.0/../../../../../H-x86_64-mingw32/nios2-elf/lib\libsmallc.a(lib_a-int_errno.o)
 .debug_info    0x00000000000031e2      0x2c6 c:/intelfpga_lite/18.1/nios2eds/bin/gnu/h-x86_64-mingw32/bin/../lib/gcc/nios2-elf/5.3.0\libgcc.a(lib2-divmod.o)
 .debug_info    0x00000000000034a8      0x38a ../spiaccelproc_bsp/\libhal_bsp.a(alt_iic.o)
 .debug_info    0x0000000000003832      0x232 ../spiaccelproc_bsp/\libhal_bsp.a(alt_iic_isr_register.o)
 .debug_info    0x0000000000003a64       0xc8 ../spiaccelproc_bsp/\libhal_bsp.a(alt_irq_entry.o)
 .debug_info    0x0000000000003b2c      0x184 ../spiaccelproc_bsp/\libhal_bsp.a(alt_irq_handler.o)
 .debug_info    0x0000000000003cb0       0x88 ../spiaccelproc_bsp/\libhal_bsp.a(alt_irq_vars.o)
 .debug_info    0x0000000000003d38      0x1c9 ../spiaccelproc_bsp/\libhal_bsp.a(alt_load.o)
 .debug_info    0x0000000000003f01      0x169 ../spiaccelproc_bsp/\libhal_bsp.a(alt_main.o)
 .debug_info    0x000000000000406a      0x13a ../spiaccelproc_bsp/\libhal_bsp.a(alt_putstr.o)
 .debug_info    0x00000000000041a4      0x1c7 ../spiaccelproc_bsp/\libhal_bsp.a(alt_write.o)
 .debug_info    0x000000000000436b      0x2d0 ../spiaccelproc_bsp/\libhal_bsp.a(alt_sys_init.o)
 .debug_info    0x000000000000463b      0x197 ../spiaccelproc_bsp/\libhal_bsp.a(altera_avalon_jtag_uart_write.o)
 .debug_info    0x00000000000047d2      0x43d ../spiaccelproc_bsp/\libhal_bsp.a(altera_avalon_mutex.o)
 .debug_info    0x0000000000004c0f      0x194 ../spiaccelproc_bsp/\libhal_bsp.a(altera_avalon_spi.o)
 .debug_info    0x0000000000004da3       0xa6 ../spiaccelproc_bsp/\libhal_bsp.a(alt_dcache_flush_all.o)
 .debug_info    0x0000000000004e49      0x1b3 ../spiaccelproc_bsp/\libhal_bsp.a(alt_dev_llist_insert.o)
 .debug_info    0x0000000000004ffc       0xa6 ../spiaccelproc_bsp/\libhal_bsp.a(alt_errno.o)
 .debug_info    0x00000000000050a2       0xce ../spiaccelproc_bsp/\libhal_bsp.a(alt_exception_entry.o)
 .debug_info    0x0000000000005170      0x32d ../spiaccelproc_bsp/\libhal_bsp.a(alt_find_dev.o)
 .debug_info    0x000000000000549d       0xb8 ../spiaccelproc_bsp/\libhal_bsp.a(alt_icache_flush_all.o)
 .debug_info    0x0000000000005555      0x1f8 ../spiaccelproc_bsp/\libhal_bsp.a(alt_instruction_exception_entry.o)
 .debug_info    0x000000000000574d       0x92 ../spiaccelproc_bsp/\libhal_bsp.a(altera_nios2_gen2_irq.o)
 .debug_info    0x00000000000057df       0xde ../spiaccelproc_bsp/\libhal_bsp.a(alt_icache_flush.o)
 .debug_info    0x00000000000058bd       0xf4 c:/intelfpga_lite/18.1/nios2eds/bin/gnu/h-x86_64-mingw32/bin/../lib/gcc/nios2-elf/5.3.0/../../../../../H-x86_64-mingw32/nios2-elf/lib\libsmallc.a(lib_a-memcmp.o)

.debug_abbrev   0x0000000000000000     0x2263
 *(.debug_abbrev)
 .debug_abbrev  0x0000000000000000       0x12 ../spiaccelproc_bsp//obj/HAL/src/crt0.o
 .debug_abbrev  0x0000000000000012      0x219 obj/default/hello_world_small.o
 .debug_abbrev  0x000000000000022b      0x1ee c:/intelfpga_lite/18.1/nios2eds/bin/gnu/h-x86_64-mingw32/bin/../lib/gcc/nios2-elf/5.3.0/../../../../../H-x86_64-mingw32/nios2-elf/lib\libsmallc.a(lib_a-printf.o)
 .debug_abbrev  0x0000000000000419      0x1d6 c:/intelfpga_lite/18.1/nios2eds/bin/gnu/h-x86_64-mingw32/bin/../lib/gcc/nios2-elf/5.3.0/../../../../../H-x86_64-mingw32/nios2-elf/lib\libsmallc.a(lib_a-puts.o)
 .debug_abbrev  0x00000000000005ef       0x7f c:/intelfpga_lite/18.1/nios2eds/bin/gnu/h-x86_64-mingw32/bin/../lib/gcc/nios2-elf/5.3.0/../../../../../H-x86_64-mingw32/nios2-elf/lib\libsmallc.a(lib_a-strlen.o)
 .debug_abbrev  0x000000000000066e      0x2a1 c:/intelfpga_lite/18.1/nios2eds/bin/gnu/h-x86_64-mingw32/bin/../lib/gcc/nios2-elf/5.3.0/../../../../../H-x86_64-mingw32/nios2-elf/lib\libsmallc.a(lib_a-vfprintf.o)
 .debug_abbrev  0x000000000000090f      0x1bc c:/intelfpga_lite/18.1/nios2eds/bin/gnu/h-x86_64-mingw32/bin/../lib/gcc/nios2-elf/5.3.0/../../../../../H-x86_64-mingw32/nios2-elf/lib\libsmallc.a(lib_a-fvwrite_small_dev.o)
 .debug_abbrev  0x0000000000000acb      0x14a c:/intelfpga_lite/18.1/nios2eds/bin/gnu/h-x86_64-mingw32/bin/../lib/gcc/nios2-elf/5.3.0/../../../../../H-x86_64-mingw32/nios2-elf/lib\libsmallc.a(lib_a-impure.o)
 .debug_abbrev  0x0000000000000c15      0x1a6 c:/intelfpga_lite/18.1/nios2eds/bin/gnu/h-x86_64-mingw32/bin/../lib/gcc/nios2-elf/5.3.0/../../../../../H-x86_64-mingw32/nios2-elf/lib\libsmallc.a(lib_a-writer.o)
 .debug_abbrev  0x0000000000000dbb       0x37 c:/intelfpga_lite/18.1/nios2eds/bin/gnu/h-x86_64-mingw32/bin/../lib/gcc/nios2-elf/5.3.0/../../../../../H-x86_64-mingw32/nios2-elf/lib\libsmallc.a(lib_a-int_errno.o)
 .debug_abbrev  0x0000000000000df2      0x10e c:/intelfpga_lite/18.1/nios2eds/bin/gnu/h-x86_64-mingw32/bin/../lib/gcc/nios2-elf/5.3.0\libgcc.a(lib2-divmod.o)
 .debug_abbrev  0x0000000000000f00      0x1a0 ../spiaccelproc_bsp/\libhal_bsp.a(alt_iic.o)
 .debug_abbrev  0x00000000000010a0      0x19c ../spiaccelproc_bsp/\libhal_bsp.a(alt_iic_isr_register.o)
 .debug_abbrev  0x000000000000123c       0x12 ../spiaccelproc_bsp/\libhal_bsp.a(alt_irq_entry.o)
 .debug_abbrev  0x000000000000124e      0x120 ../spiaccelproc_bsp/\libhal_bsp.a(alt_irq_handler.o)
 .debug_abbrev  0x000000000000136e       0x40 ../spiaccelproc_bsp/\libhal_bsp.a(alt_irq_vars.o)
 .debug_abbrev  0x00000000000013ae       0xd8 ../spiaccelproc_bsp/\libhal_bsp.a(alt_load.o)
 .debug_abbrev  0x0000000000001486       0xee ../spiaccelproc_bsp/\libhal_bsp.a(alt_main.o)
 .debug_abbrev  0x0000000000001574       0xd3 ../spiaccelproc_bsp/\libhal_bsp.a(alt_putstr.o)
 .debug_abbrev  0x0000000000001647      0x12e ../spiaccelproc_bsp/\libhal_bsp.a(alt_write.o)
 .debug_abbrev  0x0000000000001775      0x1a9 ../spiaccelproc_bsp/\libhal_bsp.a(alt_sys_init.o)
 .debug_abbrev  0x000000000000191e       0xd5 ../spiaccelproc_bsp/\libhal_bsp.a(altera_avalon_jtag_uart_write.o)
 .debug_abbrev  0x00000000000019f3      0x21e ../spiaccelproc_bsp/\libhal_bsp.a(altera_avalon_mutex.o)
 .debug_abbrev  0x0000000000001c11       0xa8 ../spiaccelproc_bsp/\libhal_bsp.a(altera_avalon_spi.o)
 .debug_abbrev  0x0000000000001cb9       0x5a ../spiaccelproc_bsp/\libhal_bsp.a(alt_dcache_flush_all.o)
 .debug_abbrev  0x0000000000001d13      0x11c ../spiaccelproc_bsp/\libhal_bsp.a(alt_dev_llist_insert.o)
 .debug_abbrev  0x0000000000001e2f       0x5a ../spiaccelproc_bsp/\libhal_bsp.a(alt_errno.o)
 .debug_abbrev  0x0000000000001e89       0x12 ../spiaccelproc_bsp/\libhal_bsp.a(alt_exception_entry.o)
 .debug_abbrev  0x0000000000001e9b      0x125 ../spiaccelproc_bsp/\libhal_bsp.a(alt_find_dev.o)
 .debug_abbrev  0x0000000000001fc0       0x6f ../spiaccelproc_bsp/\libhal_bsp.a(alt_icache_flush_all.o)
 .debug_abbrev  0x000000000000202f       0xd8 ../spiaccelproc_bsp/\libhal_bsp.a(alt_instruction_exception_entry.o)
 .debug_abbrev  0x0000000000002107       0x42 ../spiaccelproc_bsp/\libhal_bsp.a(altera_nios2_gen2_irq.o)
 .debug_abbrev  0x0000000000002149       0x9b ../spiaccelproc_bsp/\libhal_bsp.a(alt_icache_flush.o)
 .debug_abbrev  0x00000000000021e4       0x7f c:/intelfpga_lite/18.1/nios2eds/bin/gnu/h-x86_64-mingw32/bin/../lib/gcc/nios2-elf/5.3.0/../../../../../H-x86_64-mingw32/nios2-elf/lib\libsmallc.a(lib_a-memcmp.o)

.debug_line     0x0000000000000000     0x22c7
 *(.debug_line)
 .debug_line    0x0000000000000000       0x72 ../spiaccelproc_bsp//obj/HAL/src/crt0.o
 .debug_line    0x0000000000000072      0x193 obj/default/hello_world_small.o
 .debug_line    0x0000000000000205      0x200 c:/intelfpga_lite/18.1/nios2eds/bin/gnu/h-x86_64-mingw32/bin/../lib/gcc/nios2-elf/5.3.0/../../../../../H-x86_64-mingw32/nios2-elf/lib\libsmallc.a(lib_a-printf.o)
 .debug_line    0x0000000000000405      0x203 c:/intelfpga_lite/18.1/nios2eds/bin/gnu/h-x86_64-mingw32/bin/../lib/gcc/nios2-elf/5.3.0/../../../../../H-x86_64-mingw32/nios2-elf/lib\libsmallc.a(lib_a-puts.o)
 .debug_line    0x0000000000000608      0x159 c:/intelfpga_lite/18.1/nios2eds/bin/gnu/h-x86_64-mingw32/bin/../lib/gcc/nios2-elf/5.3.0/../../../../../H-x86_64-mingw32/nios2-elf/lib\libsmallc.a(lib_a-strlen.o)
 .debug_line    0x0000000000000761      0x34f c:/intelfpga_lite/18.1/nios2eds/bin/gnu/h-x86_64-mingw32/bin/../lib/gcc/nios2-elf/5.3.0/../../../../../H-x86_64-mingw32/nios2-elf/lib\libsmallc.a(lib_a-vfprintf.o)
 .debug_line    0x0000000000000ab0      0x1ed c:/intelfpga_lite/18.1/nios2eds/bin/gnu/h-x86_64-mingw32/bin/../lib/gcc/nios2-elf/5.3.0/../../../../../H-x86_64-mingw32/nios2-elf/lib\libsmallc.a(lib_a-fvwrite_small_dev.o)
 .debug_line    0x0000000000000c9d      0x153 c:/intelfpga_lite/18.1/nios2eds/bin/gnu/h-x86_64-mingw32/bin/../lib/gcc/nios2-elf/5.3.0/../../../../../H-x86_64-mingw32/nios2-elf/lib\libsmallc.a(lib_a-impure.o)
 .debug_line    0x0000000000000df0      0x1ea c:/intelfpga_lite/18.1/nios2eds/bin/gnu/h-x86_64-mingw32/bin/../lib/gcc/nios2-elf/5.3.0/../../../../../H-x86_64-mingw32/nios2-elf/lib\libsmallc.a(lib_a-writer.o)
 .debug_line    0x0000000000000fda       0x5c c:/intelfpga_lite/18.1/nios2eds/bin/gnu/h-x86_64-mingw32/bin/../lib/gcc/nios2-elf/5.3.0/../../../../../H-x86_64-mingw32/nios2-elf/lib\libsmallc.a(lib_a-int_errno.o)
 .debug_line    0x0000000000001036      0x102 c:/intelfpga_lite/18.1/nios2eds/bin/gnu/h-x86_64-mingw32/bin/../lib/gcc/nios2-elf/5.3.0\libgcc.a(lib2-divmod.o)
 .debug_line    0x0000000000001138       0xf1 ../spiaccelproc_bsp/\libhal_bsp.a(alt_iic.o)
 .debug_line    0x0000000000001229       0xd6 ../spiaccelproc_bsp/\libhal_bsp.a(alt_iic_isr_register.o)
 .debug_line    0x00000000000012ff       0x6b ../spiaccelproc_bsp/\libhal_bsp.a(alt_irq_entry.o)
 .debug_line    0x000000000000136a       0xa5 ../spiaccelproc_bsp/\libhal_bsp.a(alt_irq_handler.o)
 .debug_line    0x000000000000140f       0x50 ../spiaccelproc_bsp/\libhal_bsp.a(alt_irq_vars.o)
 .debug_line    0x000000000000145f       0xa4 ../spiaccelproc_bsp/\libhal_bsp.a(alt_load.o)
 .debug_line    0x0000000000001503       0xbd ../spiaccelproc_bsp/\libhal_bsp.a(alt_main.o)
 .debug_line    0x00000000000015c0       0xa0 ../spiaccelproc_bsp/\libhal_bsp.a(alt_putstr.o)
 .debug_line    0x0000000000001660      0x16a ../spiaccelproc_bsp/\libhal_bsp.a(alt_write.o)
 .debug_line    0x00000000000017ca      0x15d ../spiaccelproc_bsp/\libhal_bsp.a(alt_sys_init.o)
 .debug_line    0x0000000000001927       0xf0 ../spiaccelproc_bsp/\libhal_bsp.a(altera_avalon_jtag_uart_write.o)
 .debug_line    0x0000000000001a17      0x150 ../spiaccelproc_bsp/\libhal_bsp.a(altera_avalon_mutex.o)
 .debug_line    0x0000000000001b67       0xc5 ../spiaccelproc_bsp/\libhal_bsp.a(altera_avalon_spi.o)
 .debug_line    0x0000000000001c2c       0x5a ../spiaccelproc_bsp/\libhal_bsp.a(alt_dcache_flush_all.o)
 .debug_line    0x0000000000001c86       0xd8 ../spiaccelproc_bsp/\libhal_bsp.a(alt_dev_llist_insert.o)
 .debug_line    0x0000000000001d5e       0x51 ../spiaccelproc_bsp/\libhal_bsp.a(alt_errno.o)
 .debug_line    0x0000000000001daf       0xb3 ../spiaccelproc_bsp/\libhal_bsp.a(alt_exception_entry.o)
 .debug_line    0x0000000000001e62      0x107 ../spiaccelproc_bsp/\libhal_bsp.a(alt_find_dev.o)
 .debug_line    0x0000000000001f69       0x6e ../spiaccelproc_bsp/\libhal_bsp.a(alt_icache_flush_all.o)
 .debug_line    0x0000000000001fd7       0xc6 ../spiaccelproc_bsp/\libhal_bsp.a(alt_instruction_exception_entry.o)
 .debug_line    0x000000000000209d       0x50 ../spiaccelproc_bsp/\libhal_bsp.a(altera_nios2_gen2_irq.o)
 .debug_line    0x00000000000020ed       0x7d ../spiaccelproc_bsp/\libhal_bsp.a(alt_icache_flush.o)
 .debug_line    0x000000000000216a      0x15d c:/intelfpga_lite/18.1/nios2eds/bin/gnu/h-x86_64-mingw32/bin/../lib/gcc/nios2-elf/5.3.0/../../../../../H-x86_64-mingw32/nios2-elf/lib\libsmallc.a(lib_a-memcmp.o)

.debug_frame    0x0000000000000000      0x66c
 *(.debug_frame)
 .debug_frame   0x0000000000000000       0xa0 obj/default/hello_world_small.o
 .debug_frame   0x00000000000000a0       0x48 c:/intelfpga_lite/18.1/nios2eds/bin/gnu/h-x86_64-mingw32/bin/../lib/gcc/nios2-elf/5.3.0/../../../../../H-x86_64-mingw32/nios2-elf/lib\libsmallc.a(lib_a-printf.o)
 .debug_frame   0x00000000000000e8       0x48 c:/intelfpga_lite/18.1/nios2eds/bin/gnu/h-x86_64-mingw32/bin/../lib/gcc/nios2-elf/5.3.0/../../../../../H-x86_64-mingw32/nios2-elf/lib\libsmallc.a(lib_a-puts.o)
 .debug_frame   0x0000000000000130       0x20 c:/intelfpga_lite/18.1/nios2eds/bin/gnu/h-x86_64-mingw32/bin/../lib/gcc/nios2-elf/5.3.0/../../../../../H-x86_64-mingw32/nios2-elf/lib\libsmallc.a(lib_a-strlen.o)
 .debug_frame   0x0000000000000150       0x8c c:/intelfpga_lite/18.1/nios2eds/bin/gnu/h-x86_64-mingw32/bin/../lib/gcc/nios2-elf/5.3.0/../../../../../H-x86_64-mingw32/nios2-elf/lib\libsmallc.a(lib_a-vfprintf.o)
 .debug_frame   0x00000000000001dc       0x58 c:/intelfpga_lite/18.1/nios2eds/bin/gnu/h-x86_64-mingw32/bin/../lib/gcc/nios2-elf/5.3.0/../../../../../H-x86_64-mingw32/nios2-elf/lib\libsmallc.a(lib_a-fvwrite_small_dev.o)
 .debug_frame   0x0000000000000234       0x38 c:/intelfpga_lite/18.1/nios2eds/bin/gnu/h-x86_64-mingw32/bin/../lib/gcc/nios2-elf/5.3.0/../../../../../H-x86_64-mingw32/nios2-elf/lib\libsmallc.a(lib_a-writer.o)
 .debug_frame   0x000000000000026c       0x50 c:/intelfpga_lite/18.1/nios2eds/bin/gnu/h-x86_64-mingw32/bin/../lib/gcc/nios2-elf/5.3.0\libgcc.a(lib2-divmod.o)
 .debug_frame   0x00000000000002bc       0x50 ../spiaccelproc_bsp/\libhal_bsp.a(alt_iic.o)
 .debug_frame   0x000000000000030c       0x30 ../spiaccelproc_bsp/\libhal_bsp.a(alt_iic_isr_register.o)
 .debug_frame   0x000000000000033c       0x34 ../spiaccelproc_bsp/\libhal_bsp.a(alt_irq_handler.o)
 .debug_frame   0x0000000000000370       0x30 ../spiaccelproc_bsp/\libhal_bsp.a(alt_load.o)
 .debug_frame   0x00000000000003a0       0x2c ../spiaccelproc_bsp/\libhal_bsp.a(alt_main.o)
 .debug_frame   0x00000000000003cc       0x30 ../spiaccelproc_bsp/\libhal_bsp.a(alt_putstr.o)
 .debug_frame   0x00000000000003fc       0x2c ../spiaccelproc_bsp/\libhal_bsp.a(alt_write.o)
 .debug_frame   0x0000000000000428       0x3c ../spiaccelproc_bsp/\libhal_bsp.a(alt_sys_init.o)
 .debug_frame   0x0000000000000464       0x20 ../spiaccelproc_bsp/\libhal_bsp.a(altera_avalon_jtag_uart_write.o)
 .debug_frame   0x0000000000000484       0x90 ../spiaccelproc_bsp/\libhal_bsp.a(altera_avalon_mutex.o)
 .debug_frame   0x0000000000000514       0x20 ../spiaccelproc_bsp/\libhal_bsp.a(altera_avalon_spi.o)
 .debug_frame   0x0000000000000534       0x20 ../spiaccelproc_bsp/\libhal_bsp.a(alt_dcache_flush_all.o)
 .debug_frame   0x0000000000000554       0x2c ../spiaccelproc_bsp/\libhal_bsp.a(alt_dev_llist_insert.o)
 .debug_frame   0x0000000000000580       0x3c ../spiaccelproc_bsp/\libhal_bsp.a(alt_find_dev.o)
 .debug_frame   0x00000000000005bc       0x20 ../spiaccelproc_bsp/\libhal_bsp.a(alt_icache_flush_all.o)
 .debug_frame   0x00000000000005dc       0x30 ../spiaccelproc_bsp/\libhal_bsp.a(alt_instruction_exception_entry.o)
 .debug_frame   0x000000000000060c       0x20 ../spiaccelproc_bsp/\libhal_bsp.a(altera_nios2_gen2_irq.o)
 .debug_frame   0x000000000000062c       0x20 ../spiaccelproc_bsp/\libhal_bsp.a(alt_icache_flush.o)
 .debug_frame   0x000000000000064c       0x20 c:/intelfpga_lite/18.1/nios2eds/bin/gnu/h-x86_64-mingw32/bin/../lib/gcc/nios2-elf/5.3.0/../../../../../H-x86_64-mingw32/nios2-elf/lib\libsmallc.a(lib_a-memcmp.o)

.debug_str      0x0000000000000000     0x19bb
 *(.debug_str)
 .debug_str     0x0000000000000000      0x2ca obj/default/hello_world_small.o
                                        0x320 (size before relaxing)
 .debug_str     0x00000000000002ca      0x408 c:/intelfpga_lite/18.1/nios2eds/bin/gnu/h-x86_64-mingw32/bin/../lib/gcc/nios2-elf/5.3.0/../../../../../H-x86_64-mingw32/nios2-elf/lib\libsmallc.a(lib_a-printf.o)
                                        0x4ea (size before relaxing)
 .debug_str     0x00000000000006d2       0x5b c:/intelfpga_lite/18.1/nios2eds/bin/gnu/h-x86_64-mingw32/bin/../lib/gcc/nios2-elf/5.3.0/../../../../../H-x86_64-mingw32/nios2-elf/lib\libsmallc.a(lib_a-puts.o)
                                        0x4b3 (size before relaxing)
 .debug_str     0x000000000000072d       0xc4 c:/intelfpga_lite/18.1/nios2eds/bin/gnu/h-x86_64-mingw32/bin/../lib/gcc/nios2-elf/5.3.0/../../../../../H-x86_64-mingw32/nios2-elf/lib\libsmallc.a(lib_a-strlen.o)
                                        0x1cb (size before relaxing)
 .debug_str     0x00000000000007f1      0x1e9 c:/intelfpga_lite/18.1/nios2eds/bin/gnu/h-x86_64-mingw32/bin/../lib/gcc/nios2-elf/5.3.0/../../../../../H-x86_64-mingw32/nios2-elf/lib\libsmallc.a(lib_a-vfprintf.o)
                                        0x665 (size before relaxing)
 .debug_str     0x00000000000009da       0x60 c:/intelfpga_lite/18.1/nios2eds/bin/gnu/h-x86_64-mingw32/bin/../lib/gcc/nios2-elf/5.3.0/../../../../../H-x86_64-mingw32/nios2-elf/lib\libsmallc.a(lib_a-fvwrite_small_dev.o)
                                        0x4ba (size before relaxing)
 .debug_str     0x0000000000000a3a       0xe1 c:/intelfpga_lite/18.1/nios2eds/bin/gnu/h-x86_64-mingw32/bin/../lib/gcc/nios2-elf/5.3.0/../../../../../H-x86_64-mingw32/nios2-elf/lib\libsmallc.a(lib_a-impure.o)
                                        0x4a4 (size before relaxing)
 .debug_str     0x0000000000000b1b       0x42 c:/intelfpga_lite/18.1/nios2eds/bin/gnu/h-x86_64-mingw32/bin/../lib/gcc/nios2-elf/5.3.0/../../../../../H-x86_64-mingw32/nios2-elf/lib\libsmallc.a(lib_a-writer.o)
                                        0x49e (size before relaxing)
 .debug_str     0x0000000000000b5d       0x3c c:/intelfpga_lite/18.1/nios2eds/bin/gnu/h-x86_64-mingw32/bin/../lib/gcc/nios2-elf/5.3.0/../../../../../H-x86_64-mingw32/nios2-elf/lib\libsmallc.a(lib_a-int_errno.o)
                                        0x1be (size before relaxing)
 .debug_str     0x0000000000000b99      0x16d c:/intelfpga_lite/18.1/nios2eds/bin/gnu/h-x86_64-mingw32/bin/../lib/gcc/nios2-elf/5.3.0\libgcc.a(lib2-divmod.o)
                                        0x1b8 (size before relaxing)
 .debug_str     0x0000000000000d06      0x18f ../spiaccelproc_bsp/\libhal_bsp.a(alt_iic.o)
                                        0x2a1 (size before relaxing)
 .debug_str     0x0000000000000e95       0x37 ../spiaccelproc_bsp/\libhal_bsp.a(alt_iic_isr_register.o)
                                        0x25b (size before relaxing)
 .debug_str     0x0000000000000ecc       0x3a ../spiaccelproc_bsp/\libhal_bsp.a(alt_irq_handler.o)
                                        0x1e5 (size before relaxing)
 .debug_str     0x0000000000000f06       0x17 ../spiaccelproc_bsp/\libhal_bsp.a(alt_irq_vars.o)
                                        0x188 (size before relaxing)
 .debug_str     0x0000000000000f1d      0x113 ../spiaccelproc_bsp/\libhal_bsp.a(alt_load.o)
                                        0x28a (size before relaxing)
 .debug_str     0x0000000000001030       0x5e ../spiaccelproc_bsp/\libhal_bsp.a(alt_main.o)
                                        0x203 (size before relaxing)
 .debug_str     0x000000000000108e       0x5f ../spiaccelproc_bsp/\libhal_bsp.a(alt_putstr.o)
                                        0x1e0 (size before relaxing)
 .debug_str     0x00000000000010ed       0x22 ../spiaccelproc_bsp/\libhal_bsp.a(alt_write.o)
                                        0x22e (size before relaxing)
 .debug_str     0x000000000000110f       0xe8 ../spiaccelproc_bsp/\libhal_bsp.a(alt_sys_init.o)
                                        0x30d (size before relaxing)
 .debug_str     0x00000000000011f7       0x2c ../spiaccelproc_bsp/\libhal_bsp.a(altera_avalon_jtag_uart_write.o)
                                        0x263 (size before relaxing)
 .debug_str     0x0000000000001223      0x10b ../spiaccelproc_bsp/\libhal_bsp.a(altera_avalon_mutex.o)
                                        0x32c (size before relaxing)
 .debug_str     0x000000000000132e       0x95 ../spiaccelproc_bsp/\libhal_bsp.a(altera_avalon_spi.o)
                                        0x22e (size before relaxing)
 .debug_str     0x00000000000013c3       0x1f ../spiaccelproc_bsp/\libhal_bsp.a(alt_dcache_flush_all.o)
                                        0x1a3 (size before relaxing)
 .debug_str     0x00000000000013e2       0x30 ../spiaccelproc_bsp/\libhal_bsp.a(alt_dev_llist_insert.o)
                                        0x21a (size before relaxing)
 .debug_str     0x0000000000001412       0x14 ../spiaccelproc_bsp/\libhal_bsp.a(alt_errno.o)
                                        0x193 (size before relaxing)
 .debug_str     0x0000000000001426       0x65 ../spiaccelproc_bsp/\libhal_bsp.a(alt_find_dev.o)
                                        0x248 (size before relaxing)
 .debug_str     0x000000000000148b       0x30 ../spiaccelproc_bsp/\libhal_bsp.a(alt_icache_flush_all.o)
                                        0x1b4 (size before relaxing)
 .debug_str     0x00000000000014bb      0x48b ../spiaccelproc_bsp/\libhal_bsp.a(alt_instruction_exception_entry.o)
                                        0x5ee (size before relaxing)
 .debug_str     0x0000000000001946       0x20 ../spiaccelproc_bsp/\libhal_bsp.a(altera_nios2_gen2_irq.o)
                                        0x1aa (size before relaxing)
 .debug_str     0x0000000000001966       0x1b ../spiaccelproc_bsp/\libhal_bsp.a(alt_icache_flush.o)
                                        0x1a9 (size before relaxing)
 .debug_str     0x0000000000001981       0x3a c:/intelfpga_lite/18.1/nios2eds/bin/gnu/h-x86_64-mingw32/bin/../lib/gcc/nios2-elf/5.3.0/../../../../../H-x86_64-mingw32/nios2-elf/lib\libsmallc.a(lib_a-memcmp.o)
                                        0x1c5 (size before relaxing)

.debug_loc      0x0000000000000000     0x1e32
 *(.debug_loc)
 .debug_loc     0x0000000000000000      0x223 obj/default/hello_world_small.o
 .debug_loc     0x0000000000000223       0xc6 c:/intelfpga_lite/18.1/nios2eds/bin/gnu/h-x86_64-mingw32/bin/../lib/gcc/nios2-elf/5.3.0/../../../../../H-x86_64-mingw32/nios2-elf/lib\libsmallc.a(lib_a-printf.o)
 .debug_loc     0x00000000000002e9       0x97 c:/intelfpga_lite/18.1/nios2eds/bin/gnu/h-x86_64-mingw32/bin/../lib/gcc/nios2-elf/5.3.0/../../../../../H-x86_64-mingw32/nios2-elf/lib\libsmallc.a(lib_a-puts.o)
 .debug_loc     0x0000000000000380       0x1e c:/intelfpga_lite/18.1/nios2eds/bin/gnu/h-x86_64-mingw32/bin/../lib/gcc/nios2-elf/5.3.0/../../../../../H-x86_64-mingw32/nios2-elf/lib\libsmallc.a(lib_a-strlen.o)
 .debug_loc     0x000000000000039e      0x901 c:/intelfpga_lite/18.1/nios2eds/bin/gnu/h-x86_64-mingw32/bin/../lib/gcc/nios2-elf/5.3.0/../../../../../H-x86_64-mingw32/nios2-elf/lib\libsmallc.a(lib_a-vfprintf.o)
 .debug_loc     0x0000000000000c9f      0x110 c:/intelfpga_lite/18.1/nios2eds/bin/gnu/h-x86_64-mingw32/bin/../lib/gcc/nios2-elf/5.3.0/../../../../../H-x86_64-mingw32/nios2-elf/lib\libsmallc.a(lib_a-fvwrite_small_dev.o)
 .debug_loc     0x0000000000000daf       0xa5 c:/intelfpga_lite/18.1/nios2eds/bin/gnu/h-x86_64-mingw32/bin/../lib/gcc/nios2-elf/5.3.0/../../../../../H-x86_64-mingw32/nios2-elf/lib\libsmallc.a(lib_a-writer.o)
 .debug_loc     0x0000000000000e54      0x4ce c:/intelfpga_lite/18.1/nios2eds/bin/gnu/h-x86_64-mingw32/bin/../lib/gcc/nios2-elf/5.3.0\libgcc.a(lib2-divmod.o)
 .debug_loc     0x0000000000001322      0x170 ../spiaccelproc_bsp/\libhal_bsp.a(alt_iic.o)
 .debug_loc     0x0000000000001492      0x193 ../spiaccelproc_bsp/\libhal_bsp.a(alt_iic_isr_register.o)
 .debug_loc     0x0000000000001625       0x72 ../spiaccelproc_bsp/\libhal_bsp.a(alt_irq_handler.o)
 .debug_loc     0x0000000000001697       0x37 ../spiaccelproc_bsp/\libhal_bsp.a(alt_putstr.o)
 .debug_loc     0x00000000000016ce       0xcf ../spiaccelproc_bsp/\libhal_bsp.a(alt_write.o)
 .debug_loc     0x000000000000179d       0x21 ../spiaccelproc_bsp/\libhal_bsp.a(alt_sys_init.o)
 .debug_loc     0x00000000000017be       0x8b ../spiaccelproc_bsp/\libhal_bsp.a(altera_avalon_jtag_uart_write.o)
 .debug_loc     0x0000000000001849      0x1b1 ../spiaccelproc_bsp/\libhal_bsp.a(altera_avalon_mutex.o)
 .debug_loc     0x00000000000019fa      0x188 ../spiaccelproc_bsp/\libhal_bsp.a(altera_avalon_spi.o)
 .debug_loc     0x0000000000001b82       0x1f ../spiaccelproc_bsp/\libhal_bsp.a(alt_dcache_flush_all.o)
 .debug_loc     0x0000000000001ba1       0x7e ../spiaccelproc_bsp/\libhal_bsp.a(alt_dev_llist_insert.o)
 .debug_loc     0x0000000000001c1f       0x7e ../spiaccelproc_bsp/\libhal_bsp.a(alt_find_dev.o)
 .debug_loc     0x0000000000001c9d       0xaf ../spiaccelproc_bsp/\libhal_bsp.a(alt_instruction_exception_entry.o)
 .debug_loc     0x0000000000001d4c       0x52 ../spiaccelproc_bsp/\libhal_bsp.a(alt_icache_flush.o)
 .debug_loc     0x0000000000001d9e       0x94 c:/intelfpga_lite/18.1/nios2eds/bin/gnu/h-x86_64-mingw32/bin/../lib/gcc/nios2-elf/5.3.0/../../../../../H-x86_64-mingw32/nios2-elf/lib\libsmallc.a(lib_a-memcmp.o)

.debug_macinfo
 *(.debug_macinfo)

.debug_weaknames
 *(.debug_weaknames)

.debug_funcnames
 *(.debug_funcnames)

.debug_typenames
 *(.debug_typenames)

.debug_varnames
 *(.debug_varnames)

.debug_alt_sim_info
                0x0000000000000000       0x30
 *(.debug_alt_sim_info)
 .debug_alt_sim_info
                0x0000000000000000       0x30 ../spiaccelproc_bsp//obj/HAL/src/crt0.o
                0x0000000000500000                __alt_data_end = 0x500000
                0x0000000000500000                PROVIDE (__alt_stack_pointer, __alt_data_end)
                [!provide]                        PROVIDE (__alt_stack_limit, __alt_stack_base)
                [!provide]                        PROVIDE (__alt_heap_start, end)
                [!provide]                        PROVIDE (__alt_heap_limit, 0x500000)
OUTPUT(spiaccelproc.elf elf32-littlenios2)

.debug_ranges   0x0000000000000000      0x348
 .debug_ranges  0x0000000000000000       0x20 ../spiaccelproc_bsp//obj/HAL/src/crt0.o
 .debug_ranges  0x0000000000000020       0x48 obj/default/hello_world_small.o
 .debug_ranges  0x0000000000000068       0x18 c:/intelfpga_lite/18.1/nios2eds/bin/gnu/h-x86_64-mingw32/bin/../lib/gcc/nios2-elf/5.3.0/../../../../../H-x86_64-mingw32/nios2-elf/lib\libsmallc.a(lib_a-printf.o)
 .debug_ranges  0x0000000000000080       0x18 c:/intelfpga_lite/18.1/nios2eds/bin/gnu/h-x86_64-mingw32/bin/../lib/gcc/nios2-elf/5.3.0/../../../../../H-x86_64-mingw32/nios2-elf/lib\libsmallc.a(lib_a-puts.o)
 .debug_ranges  0x0000000000000098       0x10 c:/intelfpga_lite/18.1/nios2eds/bin/gnu/h-x86_64-mingw32/bin/../lib/gcc/nios2-elf/5.3.0/../../../../../H-x86_64-mingw32/nios2-elf/lib\libsmallc.a(lib_a-strlen.o)
 .debug_ranges  0x00000000000000a8       0xc8 c:/intelfpga_lite/18.1/nios2eds/bin/gnu/h-x86_64-mingw32/bin/../lib/gcc/nios2-elf/5.3.0/../../../../../H-x86_64-mingw32/nios2-elf/lib\libsmallc.a(lib_a-vfprintf.o)
 .debug_ranges  0x0000000000000170       0x28 c:/intelfpga_lite/18.1/nios2eds/bin/gnu/h-x86_64-mingw32/bin/../lib/gcc/nios2-elf/5.3.0/../../../../../H-x86_64-mingw32/nios2-elf/lib\libsmallc.a(lib_a-fvwrite_small_dev.o)
 .debug_ranges  0x0000000000000198       0x10 c:/intelfpga_lite/18.1/nios2eds/bin/gnu/h-x86_64-mingw32/bin/../lib/gcc/nios2-elf/5.3.0/../../../../../H-x86_64-mingw32/nios2-elf/lib\libsmallc.a(lib_a-writer.o)
 .debug_ranges  0x00000000000001a8       0x60 c:/intelfpga_lite/18.1/nios2eds/bin/gnu/h-x86_64-mingw32/bin/../lib/gcc/nios2-elf/5.3.0\libgcc.a(lib2-divmod.o)
 .debug_ranges  0x0000000000000208       0x28 ../spiaccelproc_bsp/\libhal_bsp.a(alt_irq_entry.o)
 .debug_ranges  0x0000000000000230       0x10 ../spiaccelproc_bsp/\libhal_bsp.a(alt_irq_handler.o)
 .debug_ranges  0x0000000000000240       0x48 ../spiaccelproc_bsp/\libhal_bsp.a(alt_load.o)
 .debug_ranges  0x0000000000000288       0x20 ../spiaccelproc_bsp/\libhal_bsp.a(alt_write.o)
 .debug_ranges  0x00000000000002a8       0x18 ../spiaccelproc_bsp/\libhal_bsp.a(alt_sys_init.o)
 .debug_ranges  0x00000000000002c0       0x20 ../spiaccelproc_bsp/\libhal_bsp.a(alt_dev_llist_insert.o)
 .debug_ranges  0x00000000000002e0       0x30 ../spiaccelproc_bsp/\libhal_bsp.a(alt_exception_entry.o)
 .debug_ranges  0x0000000000000310       0x18 ../spiaccelproc_bsp/\libhal_bsp.a(alt_instruction_exception_entry.o)
 .debug_ranges  0x0000000000000328       0x10 ../spiaccelproc_bsp/\libhal_bsp.a(alt_icache_flush.o)
 .debug_ranges  0x0000000000000338       0x10 c:/intelfpga_lite/18.1/nios2eds/bin/gnu/h-x86_64-mingw32/bin/../lib/gcc/nios2-elf/5.3.0/../../../../../H-x86_64-mingw32/nios2-elf/lib\libsmallc.a(lib_a-memcmp.o)
