Archive member included to satisfy reference by file (symbol)

../spi_proc_bsp/\libhal_bsp.a(alt_load.o)
                              ../spi_proc_bsp//obj/HAL/src/crt0.o (alt_load)
../spi_proc_bsp/\libhal_bsp.a(alt_main.o)
                              ../spi_proc_bsp//obj/HAL/src/crt0.o (alt_main)
../spi_proc_bsp/\libhal_bsp.a(alt_putstr.o)
                              obj/default/hello_world_small.o (alt_putstr)
../spi_proc_bsp/\libhal_bsp.a(alt_sys_init.o)
                              ../spi_proc_bsp/\libhal_bsp.a(alt_main.o) (alt_irq_init)
../spi_proc_bsp/\libhal_bsp.a(altera_avalon_jtag_uart_write.o)
                              ../spi_proc_bsp/\libhal_bsp.a(alt_putstr.o) (altera_avalon_jtag_uart_write)
../spi_proc_bsp/\libhal_bsp.a(altera_avalon_mutex.o)
                              ../spi_proc_bsp/\libhal_bsp.a(alt_sys_init.o) (alt_mutex_list)
../spi_proc_bsp/\libhal_bsp.a(alt_dcache_flush_all.o)
                              ../spi_proc_bsp/\libhal_bsp.a(alt_load.o) (alt_dcache_flush_all)
../spi_proc_bsp/\libhal_bsp.a(alt_dev_llist_insert.o)
                              ../spi_proc_bsp/\libhal_bsp.a(alt_sys_init.o) (alt_dev_llist_insert)
../spi_proc_bsp/\libhal_bsp.a(alt_errno.o)
                              ../spi_proc_bsp/\libhal_bsp.a(altera_avalon_mutex.o) (alt_errno)
../spi_proc_bsp/\libhal_bsp.a(alt_find_dev.o)
                              ../spi_proc_bsp/\libhal_bsp.a(altera_avalon_mutex.o) (alt_find_dev)
../spi_proc_bsp/\libhal_bsp.a(alt_icache_flush_all.o)
                              ../spi_proc_bsp/\libhal_bsp.a(alt_load.o) (alt_icache_flush_all)
../spi_proc_bsp/\libhal_bsp.a(altera_nios2_gen2_irq.o)
                              ../spi_proc_bsp/\libhal_bsp.a(alt_sys_init.o) (altera_nios2_gen2_irq_init)
../spi_proc_bsp/\libhal_bsp.a(alt_icache_flush.o)
                              ../spi_proc_bsp/\libhal_bsp.a(alt_icache_flush_all.o) (alt_icache_flush)
c:/intelfpga_lite/18.1/nios2eds/bin/gnu/h-x86_64-mingw32/bin/../lib/gcc/nios2-elf/5.3.0/../../../../../H-x86_64-mingw32/nios2-elf/lib\libsmallc.a(lib_a-int_errno.o)
                              ../spi_proc_bsp/\libhal_bsp.a(altera_avalon_mutex.o) (errno)
c:/intelfpga_lite/18.1/nios2eds/bin/gnu/h-x86_64-mingw32/bin/../lib/gcc/nios2-elf/5.3.0/../../../../../H-x86_64-mingw32/nios2-elf/lib\libsmallc.a(lib_a-memcmp.o)
                              ../spi_proc_bsp/\libhal_bsp.a(alt_find_dev.o) (memcmp)
c:/intelfpga_lite/18.1/nios2eds/bin/gnu/h-x86_64-mingw32/bin/../lib/gcc/nios2-elf/5.3.0/../../../../../H-x86_64-mingw32/nios2-elf/lib\libsmallc.a(lib_a-strlen.o)
                              ../spi_proc_bsp/\libhal_bsp.a(alt_putstr.o) (strlen)

Allocating common symbols
Common symbol       size              file

errno               0x4               c:/intelfpga_lite/18.1/nios2eds/bin/gnu/h-x86_64-mingw32/bin/../lib/gcc/nios2-elf/5.3.0/../../../../../H-x86_64-mingw32/nios2-elf/lib\libsmallc.a(lib_a-int_errno.o)

Memory Configuration

Name             Origin             Length             Attributes
new_sdram_controller_0_BEFORE_RESET 0x0000000000000000 0x0000000001000000
reset            0x0000000001000000 0x0000000000000020
new_sdram_controller_0 0x0000000001000020 0x00000000003fffe0
*default*        0x0000000000000000 0xffffffffffffffff

Linker script and memory map

LOAD ../spi_proc_bsp//obj/HAL/src/crt0.o
LOAD obj/default/hello_world_small.o
LOAD c:/intelfpga_lite/18.1/nios2eds/bin/gnu/h-x86_64-mingw32/bin/../lib/gcc/nios2-elf/5.3.0/../../../../../H-x86_64-mingw32/nios2-elf/lib\libstdc++.a
LOAD c:/intelfpga_lite/18.1/nios2eds/bin/gnu/h-x86_64-mingw32/bin/../lib/gcc/nios2-elf/5.3.0/../../../../../H-x86_64-mingw32/nios2-elf/lib\libm.a
LOAD c:/intelfpga_lite/18.1/nios2eds/bin/gnu/h-x86_64-mingw32/bin/../lib/gcc/nios2-elf/5.3.0\libgcc.a
START GROUP
LOAD c:/intelfpga_lite/18.1/nios2eds/bin/gnu/h-x86_64-mingw32/bin/../lib/gcc/nios2-elf/5.3.0/../../../../../H-x86_64-mingw32/nios2-elf/lib\libsmallc.a
LOAD c:/intelfpga_lite/18.1/nios2eds/bin/gnu/h-x86_64-mingw32/bin/../lib/gcc/nios2-elf/5.3.0\libgcc.a
LOAD ../spi_proc_bsp/\libhal_bsp.a
LOAD c:/intelfpga_lite/18.1/nios2eds/bin/gnu/h-x86_64-mingw32/bin/../lib/gcc/nios2-elf/5.3.0/../../../../../H-x86_64-mingw32/nios2-elf/lib\libm.a
END GROUP
LOAD c:/intelfpga_lite/18.1/nios2eds/bin/gnu/h-x86_64-mingw32/bin/../lib/gcc/nios2-elf/5.3.0\libgcc.a
                0x0000000000000000                __alt_mem_new_sdram_controller_0 = 0x0

.entry          0x0000000001000000       0x20
 *(.entry)
 .entry         0x0000000001000000       0x20 ../spi_proc_bsp//obj/HAL/src/crt0.o
                0x0000000001000000                __reset
                0x000000000100001c                _exit

.exceptions     0x0000000001000020        0x0
                0x0000000001000020                PROVIDE (__ram_exceptions_start, ABSOLUTE (.))
                0x0000000001000020                . = ALIGN (0x20)
 *(.irq)
 *(.exceptions.entry.label)
 *(.exceptions.entry.user)
 *(.exceptions.entry.ecc_fatal)
 *(.exceptions.entry)
 *(.exceptions.irqtest.user)
 *(.exceptions.irqtest)
 *(.exceptions.irqhandler.user)
 *(.exceptions.irqhandler)
 *(.exceptions.irqreturn.user)
 *(.exceptions.irqreturn)
 *(.exceptions.notirq.label)
 *(.exceptions.notirq.user)
 *(.exceptions.notirq)
 *(.exceptions.soft.user)
 *(.exceptions.soft)
 *(.exceptions.unknown.user)
 *(.exceptions.unknown)
 *(.exceptions.exit.label)
 *(.exceptions.exit.user)
 *(.exceptions.exit)
 *(.exceptions)
                0x0000000001000020                PROVIDE (__ram_exceptions_end, ABSOLUTE (.))
                0x0000000001000020                PROVIDE (__flash_exceptions_start, LOADADDR (.exceptions))

.text           0x0000000000000000      0x49c
                [!provide]                        PROVIDE (stext, ABSOLUTE (.))
 *(.interp)
 *(.hash)
 *(.dynsym)
 *(.dynstr)
 *(.gnu.version)
 *(.gnu.version_d)
 *(.gnu.version_r)
 *(.rel.init)
 *(.rela.init)
 *(.rel.text .rel.text.* .rel.gnu.linkonce.t.*)
 *(.rela.text .rela.text.* .rela.gnu.linkonce.t.*)
 *(.rel.fini)
 *(.rela.fini)
 *(.rel.rodata .rel.rodata.* .rel.gnu.linkonce.r.*)
 *(.rela.rodata .rela.rodata.* .rela.gnu.linkonce.r.*)
 *(.rel.data .rel.data.* .rel.gnu.linkonce.d.*)
 *(.rela.data .rela.data.* .rela.gnu.linkonce.d.*)
 *(.rel.tdata .rel.tdata.* .rel.gnu.linkonce.td.*)
 *(.rela.tdata .rela.tdata.* .rela.gnu.linkonce.td.*)
 *(.rel.tbss .rel.tbss.* .rel.gnu.linkonce.tb.*)
 *(.rela.tbss .rela.tbss.* .rela.gnu.linkonce.tb.*)
 *(.rel.ctors)
 *(.rela.ctors)
 *(.rel.dtors)
 *(.rela.dtors)
 *(.rel.got)
 *(.rela.got)
 *(.rel.sdata .rel.sdata.* .rel.gnu.linkonce.s.*)
 *(.rela.sdata .rela.sdata.* .rela.gnu.linkonce.s.*)
 *(.rel.sbss .rel.sbss.* .rel.gnu.linkonce.sb.*)
 *(.rela.sbss .rela.sbss.* .rela.gnu.linkonce.sb.*)
 *(.rel.sdata2 .rel.sdata2.* .rel.gnu.linkonce.s2.*)
 *(.rela.sdata2 .rela.sdata2.* .rela.gnu.linkonce.s2.*)
 *(.rel.sbss2 .rel.sbss2.* .rel.gnu.linkonce.sb2.*)
 *(.rela.sbss2 .rela.sbss2.* .rela.gnu.linkonce.sb2.*)
 *(.rel.bss .rel.bss.* .rel.gnu.linkonce.b.*)
 *(.rela.bss .rela.bss.* .rela.gnu.linkonce.b.*)
 *(.rel.plt)
 *(.rela.plt)
 *(.rel.dyn)
 *(.init)
 *(.plt)
 *(.text .stub .text.* .gnu.linkonce.t.*)
 .text          0x0000000000000000       0x4c ../spi_proc_bsp//obj/HAL/src/crt0.o
                0x0000000000000000                _start
 .text          0x000000000000004c        0x0 obj/default/hello_world_small.o
 .text.startup  0x000000000000004c       0x24 obj/default/hello_world_small.o
                0x000000000000004c                main
 .text          0x0000000000000070       0xe0 ../spi_proc_bsp/\libhal_bsp.a(alt_load.o)
                0x0000000000000070                alt_load
 .text          0x0000000000000150       0x2c ../spi_proc_bsp/\libhal_bsp.a(alt_main.o)
                0x0000000000000150                alt_main
 .text          0x000000000000017c       0x38 ../spi_proc_bsp/\libhal_bsp.a(alt_putstr.o)
                0x000000000000017c                alt_putstr
 .text          0x00000000000001b4       0x30 ../spi_proc_bsp/\libhal_bsp.a(alt_sys_init.o)
                0x00000000000001b4                alt_irq_init
                0x00000000000001d4                alt_sys_init
 .text          0x00000000000001e4       0x34 ../spi_proc_bsp/\libhal_bsp.a(altera_avalon_jtag_uart_write.o)
                0x00000000000001e4                altera_avalon_jtag_uart_write
 .text          0x0000000000000218       0xf4 ../spi_proc_bsp/\libhal_bsp.a(altera_avalon_mutex.o)
                0x0000000000000218                altera_avalon_mutex_open
                0x0000000000000264                altera_avalon_mutex_close
                0x0000000000000268                altera_avalon_mutex_lock
                0x000000000000028c                altera_avalon_mutex_trylock
                0x00000000000002b4                altera_avalon_mutex_unlock
                0x00000000000002d4                altera_avalon_mutex_is_mine
                0x00000000000002fc                altera_avalon_mutex_first_lock
 .text          0x000000000000030c       0x18 ../spi_proc_bsp/\libhal_bsp.a(alt_dcache_flush_all.o)
                0x000000000000030c                alt_dcache_flush_all
 .text          0x0000000000000324       0x6c ../spi_proc_bsp/\libhal_bsp.a(alt_dev_llist_insert.o)
                0x0000000000000324                alt_dev_llist_insert
 .text          0x0000000000000390        0x0 ../spi_proc_bsp/\libhal_bsp.a(alt_errno.o)
 .text          0x0000000000000390       0x74 ../spi_proc_bsp/\libhal_bsp.a(alt_find_dev.o)
                0x0000000000000390                alt_find_dev
 .text          0x0000000000000404        0xc ../spi_proc_bsp/\libhal_bsp.a(alt_icache_flush_all.o)
                0x0000000000000404                alt_icache_flush_all
 .text          0x0000000000000410        0x8 ../spi_proc_bsp/\libhal_bsp.a(altera_nios2_gen2_irq.o)
                0x0000000000000410                altera_nios2_gen2_irq_init
 .text          0x0000000000000418       0x38 ../spi_proc_bsp/\libhal_bsp.a(alt_icache_flush.o)
                0x0000000000000418                alt_icache_flush
 .text          0x0000000000000450        0x0 c:/intelfpga_lite/18.1/nios2eds/bin/gnu/h-x86_64-mingw32/bin/../lib/gcc/nios2-elf/5.3.0/../../../../../H-x86_64-mingw32/nios2-elf/lib\libsmallc.a(lib_a-int_errno.o)
 .text          0x0000000000000450        0x0 c:/intelfpga_lite/18.1/nios2eds/bin/gnu/h-x86_64-mingw32/bin/../lib/gcc/nios2-elf/5.3.0/../../../../../H-x86_64-mingw32/nios2-elf/lib\libsmallc.a(lib_a-memcmp.o)
 .text.memcmp   0x0000000000000450       0x30 c:/intelfpga_lite/18.1/nios2eds/bin/gnu/h-x86_64-mingw32/bin/../lib/gcc/nios2-elf/5.3.0/../../../../../H-x86_64-mingw32/nios2-elf/lib\libsmallc.a(lib_a-memcmp.o)
                0x0000000000000450                memcmp
 .text          0x0000000000000480        0x0 c:/intelfpga_lite/18.1/nios2eds/bin/gnu/h-x86_64-mingw32/bin/../lib/gcc/nios2-elf/5.3.0/../../../../../H-x86_64-mingw32/nios2-elf/lib\libsmallc.a(lib_a-strlen.o)
 .text.strlen   0x0000000000000480       0x1c c:/intelfpga_lite/18.1/nios2eds/bin/gnu/h-x86_64-mingw32/bin/../lib/gcc/nios2-elf/5.3.0/../../../../../H-x86_64-mingw32/nios2-elf/lib\libsmallc.a(lib_a-strlen.o)
                0x0000000000000480                strlen
 *(.gnu.warning.*)
 *(.fini)
                [!provide]                        PROVIDE (__etext, ABSOLUTE (.))
                [!provide]                        PROVIDE (_etext, ABSOLUTE (.))
                [!provide]                        PROVIDE (etext, ABSOLUTE (.))
 *(.eh_frame_hdr)
                0x000000000000049c                . = ALIGN (0x4)
                [!provide]                        PROVIDE (__preinit_array_start, ABSOLUTE (.))
 *(.preinit_array)
                [!provide]                        PROVIDE (__preinit_array_end, ABSOLUTE (.))
                [!provide]                        PROVIDE (__init_array_start, ABSOLUTE (.))
 *(.init_array)
                [!provide]                        PROVIDE (__init_array_end, ABSOLUTE (.))
                [!provide]                        PROVIDE (__fini_array_start, ABSOLUTE (.))
 *(.fini_array)
                [!provide]                        PROVIDE (__fini_array_end, ABSOLUTE (.))
 *(.eh_frame)
 *(.gcc_except_table .gcc_except_table.*)
 *(.dynamic)
                [!provide]                        PROVIDE (__CTOR_LIST__, ABSOLUTE (.))
 *(.ctors)
 *(SORT(.ctors.*))
                [!provide]                        PROVIDE (__CTOR_END__, ABSOLUTE (.))
                [!provide]                        PROVIDE (__DTOR_LIST__, ABSOLUTE (.))
 *(.dtors)
 *(SORT(.dtors.*))
                [!provide]                        PROVIDE (__DTOR_END__, ABSOLUTE (.))
 *(.jcr)
                0x000000000000049c                . = ALIGN (0x4)

.rodata         0x000000000000049c       0x2c
                0x000000000000049c                PROVIDE (__ram_rodata_start, ABSOLUTE (.))
                0x000000000000049c                . = ALIGN (0x4)
 *(.rodata .rodata.* .gnu.linkonce.r.*)
 .rodata.str1.4
                0x000000000000049c       0x1b obj/default/hello_world_small.o
 *fill*         0x00000000000004b7        0x1 
 .rodata.str1.4
                0x00000000000004b8       0x10 ../spi_proc_bsp/\libhal_bsp.a(alt_sys_init.o)
                                          0xd (size before relaxing)
 *(.rodata1)
                0x00000000000004c8                . = ALIGN (0x4)
                0x00000000000004c8                PROVIDE (__ram_rodata_end, ABSOLUTE (.))
                0x000000000000049c                PROVIDE (__flash_rodata_start, LOADADDR (.rodata))

.rwdata         0x00000000000004c8       0x20 load address 0x00000000000004e8
                0x00000000000004c8                PROVIDE (__ram_rwdata_start, ABSOLUTE (.))
                0x00000000000004c8                . = ALIGN (0x4)
 *(.got.plt)
 *(.got)
 *(.data1)
 *(.data .data.* .gnu.linkonce.d.*)
 .data          0x00000000000004c8        0x0 ../spi_proc_bsp//obj/HAL/src/crt0.o
 .data          0x00000000000004c8        0x0 obj/default/hello_world_small.o
 .data          0x00000000000004c8        0x0 ../spi_proc_bsp/\libhal_bsp.a(alt_load.o)
 .data          0x00000000000004c8        0x0 ../spi_proc_bsp/\libhal_bsp.a(alt_main.o)
 .data          0x00000000000004c8        0x0 ../spi_proc_bsp/\libhal_bsp.a(alt_putstr.o)
 .data          0x00000000000004c8       0x10 ../spi_proc_bsp/\libhal_bsp.a(alt_sys_init.o)
 .data          0x00000000000004d8        0x0 ../spi_proc_bsp/\libhal_bsp.a(altera_avalon_jtag_uart_write.o)
 .data          0x00000000000004d8        0x0 ../spi_proc_bsp/\libhal_bsp.a(altera_avalon_mutex.o)
 .data          0x00000000000004d8        0x0 ../spi_proc_bsp/\libhal_bsp.a(alt_dcache_flush_all.o)
 .data          0x00000000000004d8        0x0 ../spi_proc_bsp/\libhal_bsp.a(alt_dev_llist_insert.o)
 .data          0x00000000000004d8        0x0 ../spi_proc_bsp/\libhal_bsp.a(alt_errno.o)
 .data          0x00000000000004d8        0x0 ../spi_proc_bsp/\libhal_bsp.a(alt_find_dev.o)
 .data          0x00000000000004d8        0x0 ../spi_proc_bsp/\libhal_bsp.a(alt_icache_flush_all.o)
 .data          0x00000000000004d8        0x0 ../spi_proc_bsp/\libhal_bsp.a(altera_nios2_gen2_irq.o)
 .data          0x00000000000004d8        0x0 ../spi_proc_bsp/\libhal_bsp.a(alt_icache_flush.o)
 .data          0x00000000000004d8        0x0 c:/intelfpga_lite/18.1/nios2eds/bin/gnu/h-x86_64-mingw32/bin/../lib/gcc/nios2-elf/5.3.0/../../../../../H-x86_64-mingw32/nios2-elf/lib\libsmallc.a(lib_a-int_errno.o)
 .data          0x00000000000004d8        0x0 c:/intelfpga_lite/18.1/nios2eds/bin/gnu/h-x86_64-mingw32/bin/../lib/gcc/nios2-elf/5.3.0/../../../../../H-x86_64-mingw32/nios2-elf/lib\libsmallc.a(lib_a-memcmp.o)
 .data          0x00000000000004d8        0x0 c:/intelfpga_lite/18.1/nios2eds/bin/gnu/h-x86_64-mingw32/bin/../lib/gcc/nios2-elf/5.3.0/../../../../../H-x86_64-mingw32/nios2-elf/lib\libsmallc.a(lib_a-strlen.o)
                0x00000000000084d8                _gp = ABSOLUTE ((. + 0x8000))
                [!provide]                        PROVIDE (gp, _gp)
 *(.rwdata .rwdata.*)
 *(.sdata .sdata.* .gnu.linkonce.s.*)
 .sdata         0x00000000000004d8        0x4 ../spi_proc_bsp/\libhal_bsp.a(alt_sys_init.o)
                0x00000000000004d8                jtag_uart_1
 .sdata         0x00000000000004dc        0x8 ../spi_proc_bsp/\libhal_bsp.a(altera_avalon_mutex.o)
                0x00000000000004dc                alt_mutex_list
 .sdata         0x00000000000004e4        0x4 ../spi_proc_bsp/\libhal_bsp.a(alt_errno.o)
                0x00000000000004e4                alt_errno
 *(.sdata2 .sdata2.* .gnu.linkonce.s2.*)
                0x00000000000004e8                . = ALIGN (0x4)
                0x00000000000004e8                _edata = ABSOLUTE (.)
                [!provide]                        PROVIDE (edata, ABSOLUTE (.))
                0x00000000000004e8                PROVIDE (__ram_rwdata_end, ABSOLUTE (.))
                0x00000000000004e8                PROVIDE (__flash_rwdata_start, LOADADDR (.rwdata))

.bss            0x0000000000000508       0x10
                0x0000000000000508                __bss_start = ABSOLUTE (.)
                [!provide]                        PROVIDE (__sbss_start, ABSOLUTE (.))
                [!provide]                        PROVIDE (___sbss_start, ABSOLUTE (.))
 *(.dynsbss)
 *(.sbss .sbss.* .gnu.linkonce.sb.*)
 .sbss          0x0000000000000508        0xc ../spi_proc_bsp/\libhal_bsp.a(alt_main.o)
                0x0000000000000508                alt_envp
                0x000000000000050c                alt_argv
                0x0000000000000510                alt_argc
 .sbss          0x0000000000000514        0x4 c:/intelfpga_lite/18.1/nios2eds/bin/gnu/h-x86_64-mingw32/bin/../lib/gcc/nios2-elf/5.3.0/../../../../../H-x86_64-mingw32/nios2-elf/lib\libsmallc.a(lib_a-int_errno.o)
                0x0000000000000514                errno
 *(.sbss2 .sbss2.* .gnu.linkonce.sb2.*)
 *(.scommon)
                [!provide]                        PROVIDE (__sbss_end, ABSOLUTE (.))
                [!provide]                        PROVIDE (___sbss_end, ABSOLUTE (.))
 *(.dynbss)
 *(.bss .bss.* .gnu.linkonce.b.*)
 .bss           0x0000000000000518        0x0 ../spi_proc_bsp//obj/HAL/src/crt0.o
 .bss           0x0000000000000518        0x0 obj/default/hello_world_small.o
 .bss           0x0000000000000518        0x0 ../spi_proc_bsp/\libhal_bsp.a(alt_load.o)
 .bss           0x0000000000000518        0x0 ../spi_proc_bsp/\libhal_bsp.a(alt_main.o)
 .bss           0x0000000000000518        0x0 ../spi_proc_bsp/\libhal_bsp.a(alt_putstr.o)
 .bss           0x0000000000000518        0x0 ../spi_proc_bsp/\libhal_bsp.a(alt_sys_init.o)
 .bss           0x0000000000000518        0x0 ../spi_proc_bsp/\libhal_bsp.a(altera_avalon_jtag_uart_write.o)
 .bss           0x0000000000000518        0x0 ../spi_proc_bsp/\libhal_bsp.a(altera_avalon_mutex.o)
 .bss           0x0000000000000518        0x0 ../spi_proc_bsp/\libhal_bsp.a(alt_dcache_flush_all.o)
 .bss           0x0000000000000518        0x0 ../spi_proc_bsp/\libhal_bsp.a(alt_dev_llist_insert.o)
 .bss           0x0000000000000518        0x0 ../spi_proc_bsp/\libhal_bsp.a(alt_errno.o)
 .bss           0x0000000000000518        0x0 ../spi_proc_bsp/\libhal_bsp.a(alt_find_dev.o)
 .bss           0x0000000000000518        0x0 ../spi_proc_bsp/\libhal_bsp.a(alt_icache_flush_all.o)
 .bss           0x0000000000000518        0x0 ../spi_proc_bsp/\libhal_bsp.a(altera_nios2_gen2_irq.o)
 .bss           0x0000000000000518        0x0 ../spi_proc_bsp/\libhal_bsp.a(alt_icache_flush.o)
 .bss           0x0000000000000518        0x0 c:/intelfpga_lite/18.1/nios2eds/bin/gnu/h-x86_64-mingw32/bin/../lib/gcc/nios2-elf/5.3.0/../../../../../H-x86_64-mingw32/nios2-elf/lib\libsmallc.a(lib_a-int_errno.o)
 .bss           0x0000000000000518        0x0 c:/intelfpga_lite/18.1/nios2eds/bin/gnu/h-x86_64-mingw32/bin/../lib/gcc/nios2-elf/5.3.0/../../../../../H-x86_64-mingw32/nios2-elf/lib\libsmallc.a(lib_a-memcmp.o)
 .bss           0x0000000000000518        0x0 c:/intelfpga_lite/18.1/nios2eds/bin/gnu/h-x86_64-mingw32/bin/../lib/gcc/nios2-elf/5.3.0/../../../../../H-x86_64-mingw32/nios2-elf/lib\libsmallc.a(lib_a-strlen.o)
 *(COMMON)
                0x0000000000000518                . = ALIGN (0x4)
                0x0000000000000518                __bss_end = ABSOLUTE (.)

.new_sdram_controller_0
                0x0000000001000020        0x0 load address 0x0000000000000518
                [!provide]                        PROVIDE (_alt_partition_new_sdram_controller_0_start, ABSOLUTE (.))
 *(.new_sdram_controller_0 .new_sdram_controller_0. new_sdram_controller_0.*)
                0x0000000001000020                . = ALIGN (0x4)
                [!provide]                        PROVIDE (_alt_partition_new_sdram_controller_0_end, ABSOLUTE (.))
                [!provide]                        PROVIDE (_alt_partition_new_sdram_controller_0_load_addr, LOADADDR (.new_sdram_controller_0))
                0x0000000000000518                PROVIDE (_end, __bss_end)
                0x0000000000000518                _end = __bss_end
                0x0000000000000518                PROVIDE (end, __bss_end)
                0x0000000000000518                end = __bss_end
                [!provide]                        PROVIDE (__alt_stack_base, ABSOLUTE (.))
                0x0000000001000020                __alt_stack_base = ABSOLUTE (.)

.stab
 *(.stab)

.stabstr
 *(.stabstr)

.stab.excl
 *(.stab.excl)

.stab.exclstr
 *(.stab.exclstr)

.stab.index
 *(.stab.index)

.stab.indexstr
 *(.stab.indexstr)

.comment        0x0000000000000000       0x23
 *(.comment)
 .comment       0x0000000000000000       0x23 obj/default/hello_world_small.o
                                         0x24 (size before relaxing)
 .comment       0x0000000000000023       0x24 ../spi_proc_bsp/\libhal_bsp.a(alt_load.o)
 .comment       0x0000000000000023       0x24 ../spi_proc_bsp/\libhal_bsp.a(alt_main.o)
 .comment       0x0000000000000023       0x24 ../spi_proc_bsp/\libhal_bsp.a(alt_putstr.o)
 .comment       0x0000000000000023       0x24 ../spi_proc_bsp/\libhal_bsp.a(alt_sys_init.o)
 .comment       0x0000000000000023       0x24 ../spi_proc_bsp/\libhal_bsp.a(altera_avalon_jtag_uart_write.o)
 .comment       0x0000000000000023       0x24 ../spi_proc_bsp/\libhal_bsp.a(altera_avalon_mutex.o)
 .comment       0x0000000000000023       0x24 ../spi_proc_bsp/\libhal_bsp.a(alt_dcache_flush_all.o)
 .comment       0x0000000000000023       0x24 ../spi_proc_bsp/\libhal_bsp.a(alt_dev_llist_insert.o)
 .comment       0x0000000000000023       0x24 ../spi_proc_bsp/\libhal_bsp.a(alt_errno.o)
 .comment       0x0000000000000023       0x24 ../spi_proc_bsp/\libhal_bsp.a(alt_find_dev.o)
 .comment       0x0000000000000023       0x24 ../spi_proc_bsp/\libhal_bsp.a(alt_icache_flush_all.o)
 .comment       0x0000000000000023       0x24 ../spi_proc_bsp/\libhal_bsp.a(altera_nios2_gen2_irq.o)
 .comment       0x0000000000000023       0x24 ../spi_proc_bsp/\libhal_bsp.a(alt_icache_flush.o)
 .comment       0x0000000000000023       0x24 c:/intelfpga_lite/18.1/nios2eds/bin/gnu/h-x86_64-mingw32/bin/../lib/gcc/nios2-elf/5.3.0/../../../../../H-x86_64-mingw32/nios2-elf/lib\libsmallc.a(lib_a-int_errno.o)
 .comment       0x0000000000000023       0x24 c:/intelfpga_lite/18.1/nios2eds/bin/gnu/h-x86_64-mingw32/bin/../lib/gcc/nios2-elf/5.3.0/../../../../../H-x86_64-mingw32/nios2-elf/lib\libsmallc.a(lib_a-memcmp.o)
 .comment       0x0000000000000023       0x24 c:/intelfpga_lite/18.1/nios2eds/bin/gnu/h-x86_64-mingw32/bin/../lib/gcc/nios2-elf/5.3.0/../../../../../H-x86_64-mingw32/nios2-elf/lib\libsmallc.a(lib_a-strlen.o)

.debug
 *(.debug)

.line
 *(.line)

.debug_srcinfo
 *(.debug_srcinfo)

.debug_sfnames
 *(.debug_sfnames)

.debug_aranges  0x0000000000000000      0x238
 *(.debug_aranges)
 .debug_aranges
                0x0000000000000000       0x28 ../spi_proc_bsp//obj/HAL/src/crt0.o
 .debug_aranges
                0x0000000000000028       0x20 obj/default/hello_world_small.o
 .debug_aranges
                0x0000000000000048       0x20 ../spi_proc_bsp/\libhal_bsp.a(alt_load.o)
 .debug_aranges
                0x0000000000000068       0x20 ../spi_proc_bsp/\libhal_bsp.a(alt_main.o)
 .debug_aranges
                0x0000000000000088       0x20 ../spi_proc_bsp/\libhal_bsp.a(alt_putstr.o)
 .debug_aranges
                0x00000000000000a8       0x20 ../spi_proc_bsp/\libhal_bsp.a(alt_sys_init.o)
 .debug_aranges
                0x00000000000000c8       0x20 ../spi_proc_bsp/\libhal_bsp.a(altera_avalon_jtag_uart_write.o)
 .debug_aranges
                0x00000000000000e8       0x20 ../spi_proc_bsp/\libhal_bsp.a(altera_avalon_mutex.o)
 .debug_aranges
                0x0000000000000108       0x20 ../spi_proc_bsp/\libhal_bsp.a(alt_dcache_flush_all.o)
 .debug_aranges
                0x0000000000000128       0x20 ../spi_proc_bsp/\libhal_bsp.a(alt_dev_llist_insert.o)
 .debug_aranges
                0x0000000000000148       0x18 ../spi_proc_bsp/\libhal_bsp.a(alt_errno.o)
 .debug_aranges
                0x0000000000000160       0x20 ../spi_proc_bsp/\libhal_bsp.a(alt_find_dev.o)
 .debug_aranges
                0x0000000000000180       0x20 ../spi_proc_bsp/\libhal_bsp.a(alt_icache_flush_all.o)
 .debug_aranges
                0x00000000000001a0       0x20 ../spi_proc_bsp/\libhal_bsp.a(altera_nios2_gen2_irq.o)
 .debug_aranges
                0x00000000000001c0       0x20 ../spi_proc_bsp/\libhal_bsp.a(alt_icache_flush.o)
 .debug_aranges
                0x00000000000001e0       0x18 c:/intelfpga_lite/18.1/nios2eds/bin/gnu/h-x86_64-mingw32/bin/../lib/gcc/nios2-elf/5.3.0/../../../../../H-x86_64-mingw32/nios2-elf/lib\libsmallc.a(lib_a-int_errno.o)
 .debug_aranges
                0x00000000000001f8       0x20 c:/intelfpga_lite/18.1/nios2eds/bin/gnu/h-x86_64-mingw32/bin/../lib/gcc/nios2-elf/5.3.0/../../../../../H-x86_64-mingw32/nios2-elf/lib\libsmallc.a(lib_a-memcmp.o)
 .debug_aranges
                0x0000000000000218       0x20 c:/intelfpga_lite/18.1/nios2eds/bin/gnu/h-x86_64-mingw32/bin/../lib/gcc/nios2-elf/5.3.0/../../../../../H-x86_64-mingw32/nios2-elf/lib\libsmallc.a(lib_a-strlen.o)

.debug_pubnames
 *(.debug_pubnames)

.debug_info     0x0000000000000000     0x18a6
 *(.debug_info .gnu.linkonce.wi.*)
 .debug_info    0x0000000000000000       0x96 ../spi_proc_bsp//obj/HAL/src/crt0.o
 .debug_info    0x0000000000000096       0x65 obj/default/hello_world_small.o
 .debug_info    0x00000000000000fb      0x1c9 ../spi_proc_bsp/\libhal_bsp.a(alt_load.o)
 .debug_info    0x00000000000002c4      0x169 ../spi_proc_bsp/\libhal_bsp.a(alt_main.o)
 .debug_info    0x000000000000042d      0x13a ../spi_proc_bsp/\libhal_bsp.a(alt_putstr.o)
 .debug_info    0x0000000000000567      0x2d0 ../spi_proc_bsp/\libhal_bsp.a(alt_sys_init.o)
 .debug_info    0x0000000000000837      0x197 ../spi_proc_bsp/\libhal_bsp.a(altera_avalon_jtag_uart_write.o)
 .debug_info    0x00000000000009ce      0x43d ../spi_proc_bsp/\libhal_bsp.a(altera_avalon_mutex.o)
 .debug_info    0x0000000000000e0b       0xa6 ../spi_proc_bsp/\libhal_bsp.a(alt_dcache_flush_all.o)
 .debug_info    0x0000000000000eb1      0x1b3 ../spi_proc_bsp/\libhal_bsp.a(alt_dev_llist_insert.o)
 .debug_info    0x0000000000001064       0xa6 ../spi_proc_bsp/\libhal_bsp.a(alt_errno.o)
 .debug_info    0x000000000000110a      0x32d ../spi_proc_bsp/\libhal_bsp.a(alt_find_dev.o)
 .debug_info    0x0000000000001437       0xb8 ../spi_proc_bsp/\libhal_bsp.a(alt_icache_flush_all.o)
 .debug_info    0x00000000000014ef       0x92 ../spi_proc_bsp/\libhal_bsp.a(altera_nios2_gen2_irq.o)
 .debug_info    0x0000000000001581       0xde ../spi_proc_bsp/\libhal_bsp.a(alt_icache_flush.o)
 .debug_info    0x000000000000165f       0x8a c:/intelfpga_lite/18.1/nios2eds/bin/gnu/h-x86_64-mingw32/bin/../lib/gcc/nios2-elf/5.3.0/../../../../../H-x86_64-mingw32/nios2-elf/lib\libsmallc.a(lib_a-int_errno.o)
 .debug_info    0x00000000000016e9       0xf4 c:/intelfpga_lite/18.1/nios2eds/bin/gnu/h-x86_64-mingw32/bin/../lib/gcc/nios2-elf/5.3.0/../../../../../H-x86_64-mingw32/nios2-elf/lib\libsmallc.a(lib_a-memcmp.o)
 .debug_info    0x00000000000017dd       0xc9 c:/intelfpga_lite/18.1/nios2eds/bin/gnu/h-x86_64-mingw32/bin/../lib/gcc/nios2-elf/5.3.0/../../../../../H-x86_64-mingw32/nios2-elf/lib\libsmallc.a(lib_a-strlen.o)

.debug_abbrev   0x0000000000000000      0xd1e
 *(.debug_abbrev)
 .debug_abbrev  0x0000000000000000       0x12 ../spi_proc_bsp//obj/HAL/src/crt0.o
 .debug_abbrev  0x0000000000000012       0x61 obj/default/hello_world_small.o
 .debug_abbrev  0x0000000000000073       0xd8 ../spi_proc_bsp/\libhal_bsp.a(alt_load.o)
 .debug_abbrev  0x000000000000014b       0xee ../spi_proc_bsp/\libhal_bsp.a(alt_main.o)
 .debug_abbrev  0x0000000000000239       0xd3 ../spi_proc_bsp/\libhal_bsp.a(alt_putstr.o)
 .debug_abbrev  0x000000000000030c      0x1a9 ../spi_proc_bsp/\libhal_bsp.a(alt_sys_init.o)
 .debug_abbrev  0x00000000000004b5       0xd5 ../spi_proc_bsp/\libhal_bsp.a(altera_avalon_jtag_uart_write.o)
 .debug_abbrev  0x000000000000058a      0x21e ../spi_proc_bsp/\libhal_bsp.a(altera_avalon_mutex.o)
 .debug_abbrev  0x00000000000007a8       0x5a ../spi_proc_bsp/\libhal_bsp.a(alt_dcache_flush_all.o)
 .debug_abbrev  0x0000000000000802      0x11c ../spi_proc_bsp/\libhal_bsp.a(alt_dev_llist_insert.o)
 .debug_abbrev  0x000000000000091e       0x5a ../spi_proc_bsp/\libhal_bsp.a(alt_errno.o)
 .debug_abbrev  0x0000000000000978      0x125 ../spi_proc_bsp/\libhal_bsp.a(alt_find_dev.o)
 .debug_abbrev  0x0000000000000a9d       0x6f ../spi_proc_bsp/\libhal_bsp.a(alt_icache_flush_all.o)
 .debug_abbrev  0x0000000000000b0c       0x42 ../spi_proc_bsp/\libhal_bsp.a(altera_nios2_gen2_irq.o)
 .debug_abbrev  0x0000000000000b4e       0x9b ../spi_proc_bsp/\libhal_bsp.a(alt_icache_flush.o)
 .debug_abbrev  0x0000000000000be9       0x37 c:/intelfpga_lite/18.1/nios2eds/bin/gnu/h-x86_64-mingw32/bin/../lib/gcc/nios2-elf/5.3.0/../../../../../H-x86_64-mingw32/nios2-elf/lib\libsmallc.a(lib_a-int_errno.o)
 .debug_abbrev  0x0000000000000c20       0x7f c:/intelfpga_lite/18.1/nios2eds/bin/gnu/h-x86_64-mingw32/bin/../lib/gcc/nios2-elf/5.3.0/../../../../../H-x86_64-mingw32/nios2-elf/lib\libsmallc.a(lib_a-memcmp.o)
 .debug_abbrev  0x0000000000000c9f       0x7f c:/intelfpga_lite/18.1/nios2eds/bin/gnu/h-x86_64-mingw32/bin/../lib/gcc/nios2-elf/5.3.0/../../../../../H-x86_64-mingw32/nios2-elf/lib\libsmallc.a(lib_a-strlen.o)

.debug_line     0x0000000000000000      0xd5d
 *(.debug_line)
 .debug_line    0x0000000000000000       0x72 ../spi_proc_bsp//obj/HAL/src/crt0.o
 .debug_line    0x0000000000000072       0x76 obj/default/hello_world_small.o
 .debug_line    0x00000000000000e8       0xa4 ../spi_proc_bsp/\libhal_bsp.a(alt_load.o)
 .debug_line    0x000000000000018c       0xbd ../spi_proc_bsp/\libhal_bsp.a(alt_main.o)
 .debug_line    0x0000000000000249       0xa0 ../spi_proc_bsp/\libhal_bsp.a(alt_putstr.o)
 .debug_line    0x00000000000002e9      0x15d ../spi_proc_bsp/\libhal_bsp.a(alt_sys_init.o)
 .debug_line    0x0000000000000446       0xf0 ../spi_proc_bsp/\libhal_bsp.a(altera_avalon_jtag_uart_write.o)
 .debug_line    0x0000000000000536      0x150 ../spi_proc_bsp/\libhal_bsp.a(altera_avalon_mutex.o)
 .debug_line    0x0000000000000686       0x5a ../spi_proc_bsp/\libhal_bsp.a(alt_dcache_flush_all.o)
 .debug_line    0x00000000000006e0       0xd8 ../spi_proc_bsp/\libhal_bsp.a(alt_dev_llist_insert.o)
 .debug_line    0x00000000000007b8       0x51 ../spi_proc_bsp/\libhal_bsp.a(alt_errno.o)
 .debug_line    0x0000000000000809      0x107 ../spi_proc_bsp/\libhal_bsp.a(alt_find_dev.o)
 .debug_line    0x0000000000000910       0x6e ../spi_proc_bsp/\libhal_bsp.a(alt_icache_flush_all.o)
 .debug_line    0x000000000000097e       0x50 ../spi_proc_bsp/\libhal_bsp.a(altera_nios2_gen2_irq.o)
 .debug_line    0x00000000000009ce       0x7d ../spi_proc_bsp/\libhal_bsp.a(alt_icache_flush.o)
 .debug_line    0x0000000000000a4b       0x5c c:/intelfpga_lite/18.1/nios2eds/bin/gnu/h-x86_64-mingw32/bin/../lib/gcc/nios2-elf/5.3.0/../../../../../H-x86_64-mingw32/nios2-elf/lib\libsmallc.a(lib_a-int_errno.o)
 .debug_line    0x0000000000000aa7      0x15d c:/intelfpga_lite/18.1/nios2eds/bin/gnu/h-x86_64-mingw32/bin/../lib/gcc/nios2-elf/5.3.0/../../../../../H-x86_64-mingw32/nios2-elf/lib\libsmallc.a(lib_a-memcmp.o)
 .debug_line    0x0000000000000c04      0x159 c:/intelfpga_lite/18.1/nios2eds/bin/gnu/h-x86_64-mingw32/bin/../lib/gcc/nios2-elf/5.3.0/../../../../../H-x86_64-mingw32/nios2-elf/lib\libsmallc.a(lib_a-strlen.o)

.debug_frame    0x0000000000000000      0x2cc
 *(.debug_frame)
 .debug_frame   0x0000000000000000       0x2c obj/default/hello_world_small.o
 .debug_frame   0x000000000000002c       0x30 ../spi_proc_bsp/\libhal_bsp.a(alt_load.o)
 .debug_frame   0x000000000000005c       0x2c ../spi_proc_bsp/\libhal_bsp.a(alt_main.o)
 .debug_frame   0x0000000000000088       0x30 ../spi_proc_bsp/\libhal_bsp.a(alt_putstr.o)
 .debug_frame   0x00000000000000b8       0x3c ../spi_proc_bsp/\libhal_bsp.a(alt_sys_init.o)
 .debug_frame   0x00000000000000f4       0x20 ../spi_proc_bsp/\libhal_bsp.a(altera_avalon_jtag_uart_write.o)
 .debug_frame   0x0000000000000114       0x90 ../spi_proc_bsp/\libhal_bsp.a(altera_avalon_mutex.o)
 .debug_frame   0x00000000000001a4       0x20 ../spi_proc_bsp/\libhal_bsp.a(alt_dcache_flush_all.o)
 .debug_frame   0x00000000000001c4       0x2c ../spi_proc_bsp/\libhal_bsp.a(alt_dev_llist_insert.o)
 .debug_frame   0x00000000000001f0       0x3c ../spi_proc_bsp/\libhal_bsp.a(alt_find_dev.o)
 .debug_frame   0x000000000000022c       0x20 ../spi_proc_bsp/\libhal_bsp.a(alt_icache_flush_all.o)
 .debug_frame   0x000000000000024c       0x20 ../spi_proc_bsp/\libhal_bsp.a(altera_nios2_gen2_irq.o)
 .debug_frame   0x000000000000026c       0x20 ../spi_proc_bsp/\libhal_bsp.a(alt_icache_flush.o)
 .debug_frame   0x000000000000028c       0x20 c:/intelfpga_lite/18.1/nios2eds/bin/gnu/h-x86_64-mingw32/bin/../lib/gcc/nios2-elf/5.3.0/../../../../../H-x86_64-mingw32/nios2-elf/lib\libsmallc.a(lib_a-memcmp.o)
 .debug_frame   0x00000000000002ac       0x20 c:/intelfpga_lite/18.1/nios2eds/bin/gnu/h-x86_64-mingw32/bin/../lib/gcc/nios2-elf/5.3.0/../../../../../H-x86_64-mingw32/nios2-elf/lib\libsmallc.a(lib_a-strlen.o)

.debug_str      0x0000000000000000      0x957
 *(.debug_str)
 .debug_str     0x0000000000000000       0xc3 obj/default/hello_world_small.o
                                         0xc8 (size before relaxing)
 .debug_str     0x00000000000000c3      0x1e2 ../spi_proc_bsp/\libhal_bsp.a(alt_load.o)
                                        0x261 (size before relaxing)
 .debug_str     0x00000000000002a5       0x8f ../spi_proc_bsp/\libhal_bsp.a(alt_main.o)
                                        0x1da (size before relaxing)
 .debug_str     0x0000000000000334       0x66 ../spi_proc_bsp/\libhal_bsp.a(alt_putstr.o)
                                        0x1b7 (size before relaxing)
 .debug_str     0x000000000000039a      0x101 ../spi_proc_bsp/\libhal_bsp.a(alt_sys_init.o)
                                        0x2e4 (size before relaxing)
 .debug_str     0x000000000000049b       0x39 ../spi_proc_bsp/\libhal_bsp.a(altera_avalon_jtag_uart_write.o)
                                        0x23a (size before relaxing)
 .debug_str     0x00000000000004d4      0x124 ../spi_proc_bsp/\libhal_bsp.a(altera_avalon_mutex.o)
                                        0x303 (size before relaxing)
 .debug_str     0x00000000000005f8       0x1f ../spi_proc_bsp/\libhal_bsp.a(alt_dcache_flush_all.o)
                                        0x17a (size before relaxing)
 .debug_str     0x0000000000000617       0x36 ../spi_proc_bsp/\libhal_bsp.a(alt_dev_llist_insert.o)
                                        0x1f1 (size before relaxing)
 .debug_str     0x000000000000064d       0x14 ../spi_proc_bsp/\libhal_bsp.a(alt_errno.o)
                                        0x16a (size before relaxing)
 .debug_str     0x0000000000000661       0x6c ../spi_proc_bsp/\libhal_bsp.a(alt_find_dev.o)
                                        0x21f (size before relaxing)
 .debug_str     0x00000000000006cd       0x30 ../spi_proc_bsp/\libhal_bsp.a(alt_icache_flush_all.o)
                                        0x18b (size before relaxing)
 .debug_str     0x00000000000006fd       0x20 ../spi_proc_bsp/\libhal_bsp.a(altera_nios2_gen2_irq.o)
                                        0x181 (size before relaxing)
 .debug_str     0x000000000000071d       0x1b ../spi_proc_bsp/\libhal_bsp.a(alt_icache_flush.o)
                                        0x180 (size before relaxing)
 .debug_str     0x0000000000000738      0x11a c:/intelfpga_lite/18.1/nios2eds/bin/gnu/h-x86_64-mingw32/bin/../lib/gcc/nios2-elf/5.3.0/../../../../../H-x86_64-mingw32/nios2-elf/lib\libsmallc.a(lib_a-int_errno.o)
                                        0x1be (size before relaxing)
 .debug_str     0x0000000000000852       0xcb c:/intelfpga_lite/18.1/nios2eds/bin/gnu/h-x86_64-mingw32/bin/../lib/gcc/nios2-elf/5.3.0/../../../../../H-x86_64-mingw32/nios2-elf/lib\libsmallc.a(lib_a-memcmp.o)
                                        0x1c5 (size before relaxing)
 .debug_str     0x000000000000091d       0x3a c:/intelfpga_lite/18.1/nios2eds/bin/gnu/h-x86_64-mingw32/bin/../lib/gcc/nios2-elf/5.3.0/../../../../../H-x86_64-mingw32/nios2-elf/lib\libsmallc.a(lib_a-strlen.o)
                                        0x1cb (size before relaxing)

.debug_loc      0x0000000000000000      0x4b3
 *(.debug_loc)
 .debug_loc     0x0000000000000000       0x37 ../spi_proc_bsp/\libhal_bsp.a(alt_putstr.o)
 .debug_loc     0x0000000000000037       0x21 ../spi_proc_bsp/\libhal_bsp.a(alt_sys_init.o)
 .debug_loc     0x0000000000000058       0x8b ../spi_proc_bsp/\libhal_bsp.a(altera_avalon_jtag_uart_write.o)
 .debug_loc     0x00000000000000e3      0x1b1 ../spi_proc_bsp/\libhal_bsp.a(altera_avalon_mutex.o)
 .debug_loc     0x0000000000000294       0x1f ../spi_proc_bsp/\libhal_bsp.a(alt_dcache_flush_all.o)
 .debug_loc     0x00000000000002b3       0x7e ../spi_proc_bsp/\libhal_bsp.a(alt_dev_llist_insert.o)
 .debug_loc     0x0000000000000331       0x7e ../spi_proc_bsp/\libhal_bsp.a(alt_find_dev.o)
 .debug_loc     0x00000000000003af       0x52 ../spi_proc_bsp/\libhal_bsp.a(alt_icache_flush.o)
 .debug_loc     0x0000000000000401       0x94 c:/intelfpga_lite/18.1/nios2eds/bin/gnu/h-x86_64-mingw32/bin/../lib/gcc/nios2-elf/5.3.0/../../../../../H-x86_64-mingw32/nios2-elf/lib\libsmallc.a(lib_a-memcmp.o)
 .debug_loc     0x0000000000000495       0x1e c:/intelfpga_lite/18.1/nios2eds/bin/gnu/h-x86_64-mingw32/bin/../lib/gcc/nios2-elf/5.3.0/../../../../../H-x86_64-mingw32/nios2-elf/lib\libsmallc.a(lib_a-strlen.o)

.debug_macinfo
 *(.debug_macinfo)

.debug_weaknames
 *(.debug_weaknames)

.debug_funcnames
 *(.debug_funcnames)

.debug_typenames
 *(.debug_typenames)

.debug_varnames
 *(.debug_varnames)

.debug_alt_sim_info
                0x0000000000000000       0x30
 *(.debug_alt_sim_info)
 .debug_alt_sim_info
                0x0000000000000000       0x30 ../spi_proc_bsp//obj/HAL/src/crt0.o
                0x0000000001000000                __alt_data_end = 0x1000000
                0x0000000001000000                PROVIDE (__alt_stack_pointer, __alt_data_end)
                [!provide]                        PROVIDE (__alt_stack_limit, __alt_stack_base)
                [!provide]                        PROVIDE (__alt_heap_start, end)
                [!provide]                        PROVIDE (__alt_heap_limit, 0x1000000)
OUTPUT(spi_proc.elf elf32-littlenios2)

.debug_ranges   0x0000000000000000       0xe0
 .debug_ranges  0x0000000000000000       0x20 ../spi_proc_bsp//obj/HAL/src/crt0.o
 .debug_ranges  0x0000000000000020       0x10 obj/default/hello_world_small.o
 .debug_ranges  0x0000000000000030       0x48 ../spi_proc_bsp/\libhal_bsp.a(alt_load.o)
 .debug_ranges  0x0000000000000078       0x18 ../spi_proc_bsp/\libhal_bsp.a(alt_sys_init.o)
 .debug_ranges  0x0000000000000090       0x20 ../spi_proc_bsp/\libhal_bsp.a(alt_dev_llist_insert.o)
 .debug_ranges  0x00000000000000b0       0x10 ../spi_proc_bsp/\libhal_bsp.a(alt_icache_flush.o)
 .debug_ranges  0x00000000000000c0       0x10 c:/intelfpga_lite/18.1/nios2eds/bin/gnu/h-x86_64-mingw32/bin/../lib/gcc/nios2-elf/5.3.0/../../../../../H-x86_64-mingw32/nios2-elf/lib\libsmallc.a(lib_a-memcmp.o)
 .debug_ranges  0x00000000000000d0       0x10 c:/intelfpga_lite/18.1/nios2eds/bin/gnu/h-x86_64-mingw32/bin/../lib/gcc/nios2-elf/5.3.0/../../../../../H-x86_64-mingw32/nios2-elf/lib\libsmallc.a(lib_a-strlen.o)
